binaries : ['new', 'pre42', 'pre41']
graphs   : 289  (edge range 66..1046)
timeout  : 90.0s   replicates 2

[1/289] Human_TUNAR_orthologues_DNA_k_3_l_2000_a_6.dot   e=   66 new   -> 0.036s v=1
[1/289] Human_TUNAR_orthologues_DNA_k_3_l_2000_a_6.dot   e=   66 pre42 -> 0.042s v=1
[1/289] Human_TUNAR_orthologues_DNA_k_3_l_2000_a_6.dot   e=   66 pre41 -> 0.044s v=1
[2/289] Human_TUNAR_orthologues_DNA_k_3_l_2000_a_7.dot   e=   66 new   -> 0.041s v=1
[2/289] Human_TUNAR_orthologues_DNA_k_3_l_2000_a_7.dot   e=   66 pre42 -> 0.043s v=1
[2/289] Human_TUNAR_orthologues_DNA_k_3_l_2000_a_7.dot   e=   66 pre41 -> 0.043s v=1
[3/289] Human_TUNAR_orthologues_DNA_k_3_l_2000_a_8.dot   e=   66 new   -> 0.042s v=1
[3/289] Human_TUNAR_orthologues_DNA_k_3_l_2000_a_8.dot   e=   66 pre42 -> 0.043s v=1
[3/289] Human_TUNAR_orthologues_DNA_k_3_l_2000_a_8.dot   e=   66 pre41 -> 0.043s v=1
[4/289] Human_UBE2L5_orthologues_DNA_k_3_l_2000_a_6.dot  e=   66 new   -> 0.042s v=1
[4/289] Human_UBE2L5_orthologues_DNA_k_3_l_2000_a_6.dot  e=   66 pre42 -> 0.043s v=1
[4/289] Human_UBE2L5_orthologues_DNA_k_3_l_2000_a_6.dot  e=   66 pre41 -> 0.042s v=1
[5/289] Human_UBE2L5_orthologues_DNA_k_3_l_2000_a_7.dot  e=   66 new   -> 0.042s v=1
[5/289] Human_UBE2L5_orthologues_DNA_k_3_l_2000_a_7.dot  e=   66 pre42 -> 0.043s v=1
[5/289] Human_UBE2L5_orthologues_DNA_k_3_l_2000_a_7.dot  e=   66 pre41 -> 0.044s v=1
[6/289] Human_LEAP2_orthologues_DNA_k_3_l_2000_a_6.dot   e=   68 new   -> 0.042s v=1
[6/289] Human_LEAP2_orthologues_DNA_k_3_l_2000_a_6.dot   e=   68 pre42 -> 0.045s v=1
[6/289] Human_LEAP2_orthologues_DNA_k_3_l_2000_a_6.dot   e=   68 pre41 -> 0.046s v=1
[7/289] Human_LEAP2_orthologues_DNA_k_3_l_2000_a_7.dot   e=   68 new   -> 0.043s v=1
[7/289] Human_LEAP2_orthologues_DNA_k_3_l_2000_a_7.dot   e=   68 pre42 -> 0.045s v=1
[7/289] Human_LEAP2_orthologues_DNA_k_3_l_2000_a_7.dot   e=   68 pre41 -> 0.045s v=1
[8/289] Human_LEAP2_orthologues_DNA_k_3_l_2000_a_8.dot   e=   68 new   -> 0.075s v=1
[8/289] Human_LEAP2_orthologues_DNA_k_3_l_2000_a_8.dot   e=   68 pre42 -> 0.075s v=1
[8/289] Human_LEAP2_orthologues_DNA_k_3_l_2000_a_8.dot   e=   68 pre41 -> 0.063s v=1
[9/289] Human_SLC38A9_orthologues_DNA_k_3_l_2000_a_6.dot e=   68 new   -> 0.060s v=1
[9/289] Human_SLC38A9_orthologues_DNA_k_3_l_2000_a_6.dot e=   68 pre42 -> 0.051s v=1
[9/289] Human_SLC38A9_orthologues_DNA_k_3_l_2000_a_6.dot e=   68 pre41 -> 0.054s v=1
[10/289] Human_SLC38A9_orthologues_DNA_k_3_l_2000_a_7.dot e=   68 new   -> 0.042s v=1
[10/289] Human_SLC38A9_orthologues_DNA_k_3_l_2000_a_7.dot e=   68 pre42 -> 0.044s v=1
[10/289] Human_SLC38A9_orthologues_DNA_k_3_l_2000_a_7.dot e=   68 pre41 -> 0.045s v=1
[11/289] Human_LCP1_orthologues_DNA_k_3_l_2000_a_6.dot    e=   69 new   -> 0.040s v=1
[11/289] Human_LCP1_orthologues_DNA_k_3_l_2000_a_6.dot    e=   69 pre42 -> 0.044s v=1
[11/289] Human_LCP1_orthologues_DNA_k_3_l_2000_a_6.dot    e=   69 pre41 -> 0.046s v=1
[12/289] Human_LCP1_orthologues_DNA_k_3_l_2000_a_7.dot    e=   69 new   -> 0.040s v=1
[12/289] Human_LCP1_orthologues_DNA_k_3_l_2000_a_7.dot    e=   69 pre42 -> 0.045s v=1
[12/289] Human_LCP1_orthologues_DNA_k_3_l_2000_a_7.dot    e=   69 pre41 -> 0.045s v=1
[13/289] Human_LCP1_orthologues_DNA_k_3_l_2000_a_8.dot    e=   69 new   -> 0.040s v=1
[13/289] Human_LCP1_orthologues_DNA_k_3_l_2000_a_8.dot    e=   69 pre42 -> 0.045s v=1
[13/289] Human_LCP1_orthologues_DNA_k_3_l_2000_a_8.dot    e=   69 pre41 -> 0.044s v=1
[14/289] Human_RPS27A_orthologues_DNA_k_3_l_2000_a_6.dot  e=   70 new   -> 0.042s v=1
[14/289] Human_RPS27A_orthologues_DNA_k_3_l_2000_a_6.dot  e=   70 pre42 -> 0.046s v=1
[14/289] Human_RPS27A_orthologues_DNA_k_3_l_2000_a_6.dot  e=   70 pre41 -> 0.047s v=1
[15/289] Human_RPS27A_orthologues_DNA_k_3_l_2000_a_7.dot  e=   70 new   -> 0.042s v=1
[15/289] Human_RPS27A_orthologues_DNA_k_3_l_2000_a_7.dot  e=   70 pre42 -> 0.046s v=1
[15/289] Human_RPS27A_orthologues_DNA_k_3_l_2000_a_7.dot  e=   70 pre41 -> 0.048s v=1
[16/289] Human_SLC38A9_orthologues_DNA_k_3_l_2000_a_8.dot e=   70 new   -> 0.042s v=1
[16/289] Human_SLC38A9_orthologues_DNA_k_3_l_2000_a_8.dot e=   70 pre42 -> 0.046s v=1
[16/289] Human_SLC38A9_orthologues_DNA_k_3_l_2000_a_8.dot e=   70 pre41 -> 0.046s v=1
[17/289] Human_TRAM1_orthologues_DNA_k_3_l_2000_a_6.dot   e=   70 new   -> 0.042s v=1
[17/289] Human_TRAM1_orthologues_DNA_k_3_l_2000_a_6.dot   e=   70 pre42 -> 0.046s v=1
[17/289] Human_TRAM1_orthologues_DNA_k_3_l_2000_a_6.dot   e=   70 pre41 -> 0.046s v=1
[18/289] Human_TRAM1_orthologues_DNA_k_3_l_2000_a_7.dot   e=   70 new   -> 0.042s v=1
[18/289] Human_TRAM1_orthologues_DNA_k_3_l_2000_a_7.dot   e=   70 pre42 -> 0.046s v=1
[18/289] Human_TRAM1_orthologues_DNA_k_3_l_2000_a_7.dot   e=   70 pre41 -> 0.047s v=1
[19/289] Human_TRAM1_orthologues_DNA_k_3_l_2000_a_8.dot   e=   70 new   -> 0.043s v=1
[19/289] Human_TRAM1_orthologues_DNA_k_3_l_2000_a_8.dot   e=   70 pre42 -> 0.045s v=1
[19/289] Human_TRAM1_orthologues_DNA_k_3_l_2000_a_8.dot   e=   70 pre41 -> 0.046s v=1
[20/289] Human_BTBD17_orthologues_DNA_k_3_l_2000_a_6.dot  e=   71 new   -> 0.042s v=1
[20/289] Human_BTBD17_orthologues_DNA_k_3_l_2000_a_6.dot  e=   71 pre42 -> 0.045s v=1
[20/289] Human_BTBD17_orthologues_DNA_k_3_l_2000_a_6.dot  e=   71 pre41 -> 0.047s v=1
[21/289] Human_BTBD17_orthologues_DNA_k_3_l_2000_a_7.dot  e=   71 new   -> 0.043s v=1
[21/289] Human_BTBD17_orthologues_DNA_k_3_l_2000_a_7.dot  e=   71 pre42 -> 0.046s v=1
[21/289] Human_BTBD17_orthologues_DNA_k_3_l_2000_a_7.dot  e=   71 pre41 -> 0.046s v=1
[22/289] Human_CEP57L1_orthologues_DNA_k_3_l_2000_a_6.dot e=   71 new   -> 0.045s v=1
[22/289] Human_CEP57L1_orthologues_DNA_k_3_l_2000_a_6.dot e=   71 pre42 -> 0.046s v=1
[22/289] Human_CEP57L1_orthologues_DNA_k_3_l_2000_a_6.dot e=   71 pre41 -> 0.046s v=1
[23/289] Human_CLPX_orthologues_DNA_k_3_l_2000_a_6.dot    e=   71 new   -> 0.043s v=1
[23/289] Human_CLPX_orthologues_DNA_k_3_l_2000_a_6.dot    e=   71 pre42 -> 0.047s v=1
[23/289] Human_CLPX_orthologues_DNA_k_3_l_2000_a_6.dot    e=   71 pre41 -> 0.047s v=1
[24/289] Human_CLPX_orthologues_DNA_k_3_l_2000_a_7.dot    e=   71 new   -> 0.043s v=1
[24/289] Human_CLPX_orthologues_DNA_k_3_l_2000_a_7.dot    e=   71 pre42 -> 0.046s v=1
[24/289] Human_CLPX_orthologues_DNA_k_3_l_2000_a_7.dot    e=   71 pre41 -> 0.046s v=1
[25/289] Human_CLPX_orthologues_DNA_k_3_l_2000_a_8.dot    e=   71 new   -> 0.043s v=1
[25/289] Human_CLPX_orthologues_DNA_k_3_l_2000_a_8.dot    e=   71 pre42 -> 0.046s v=1
[25/289] Human_CLPX_orthologues_DNA_k_3_l_2000_a_8.dot    e=   71 pre41 -> 0.046s v=1
[26/289] Human_DCSTAMP_orthologues_DNA_k_3_l_2000_a_6.dot e=   71 new   -> 0.043s v=1
[26/289] Human_DCSTAMP_orthologues_DNA_k_3_l_2000_a_6.dot e=   71 pre42 -> 0.046s v=1
[26/289] Human_DCSTAMP_orthologues_DNA_k_3_l_2000_a_6.dot e=   71 pre41 -> 0.047s v=1
[27/289] Human_DOCK4_orthologues_DNA_k_3_l_2000_a_6.dot   e=   71 new   -> 0.054s v=1
[27/289] Human_DOCK4_orthologues_DNA_k_3_l_2000_a_6.dot   e=   71 pre42 -> 0.064s v=1
[27/289] Human_DOCK4_orthologues_DNA_k_3_l_2000_a_6.dot   e=   71 pre41 -> 0.053s v=1
[28/289] Human_DOCK4_orthologues_DNA_k_3_l_2000_a_7.dot   e=   71 new   -> 0.048s v=1
[28/289] Human_DOCK4_orthologues_DNA_k_3_l_2000_a_7.dot   e=   71 pre42 -> 0.046s v=1
[28/289] Human_DOCK4_orthologues_DNA_k_3_l_2000_a_7.dot   e=   71 pre41 -> 0.046s v=1
[29/289] Human_ELSPBP1_orthologues_DNA_k_3_l_2000_a_6.dot e=   71 new   -> 0.043s v=1
[29/289] Human_ELSPBP1_orthologues_DNA_k_3_l_2000_a_6.dot e=   71 pre42 -> 0.046s v=1
[29/289] Human_ELSPBP1_orthologues_DNA_k_3_l_2000_a_6.dot e=   71 pre41 -> 0.047s v=1
[30/289] Human_ELSPBP1_orthologues_DNA_k_3_l_2000_a_7.dot e=   71 new   -> 0.043s v=1
[30/289] Human_ELSPBP1_orthologues_DNA_k_3_l_2000_a_7.dot e=   71 pre42 -> 0.046s v=1
[30/289] Human_ELSPBP1_orthologues_DNA_k_3_l_2000_a_7.dot e=   71 pre41 -> 0.047s v=1
[31/289] Human_ELSPBP1_orthologues_DNA_k_3_l_2000_a_8.dot e=   71 new   -> 0.042s v=1
[31/289] Human_ELSPBP1_orthologues_DNA_k_3_l_2000_a_8.dot e=   71 pre42 -> 0.047s v=1
[31/289] Human_ELSPBP1_orthologues_DNA_k_3_l_2000_a_8.dot e=   71 pre41 -> 0.046s v=1
[32/289] Human_GGT6_orthologues_DNA_k_3_l_2000_a_6.dot    e=   71 new   -> 0.042s v=1
[32/289] Human_GGT6_orthologues_DNA_k_3_l_2000_a_6.dot    e=   71 pre42 -> 0.046s v=1
[32/289] Human_GGT6_orthologues_DNA_k_3_l_2000_a_6.dot    e=   71 pre41 -> 0.046s v=1
[33/289] Human_SLC22A2_orthologues_DNA_k_3_l_2000_a_6.dot e=   71 new   -> 0.043s v=1
[33/289] Human_SLC22A2_orthologues_DNA_k_3_l_2000_a_6.dot e=   71 pre42 -> 0.047s v=1
[33/289] Human_SLC22A2_orthologues_DNA_k_3_l_2000_a_6.dot e=   71 pre41 -> 0.046s v=1
[34/289] Human_STAU2_orthologues_DNA_k_3_l_2000_a_6.dot   e=   71 new   -> 0.043s v=1
[34/289] Human_STAU2_orthologues_DNA_k_3_l_2000_a_6.dot   e=   71 pre42 -> 0.047s v=1
[34/289] Human_STAU2_orthologues_DNA_k_3_l_2000_a_6.dot   e=   71 pre41 -> 0.047s v=1
[35/289] Human_STAU2_orthologues_DNA_k_3_l_2000_a_7.dot   e=   71 new   -> 0.042s v=1
[35/289] Human_STAU2_orthologues_DNA_k_3_l_2000_a_7.dot   e=   71 pre42 -> 0.046s v=1
[35/289] Human_STAU2_orthologues_DNA_k_3_l_2000_a_7.dot   e=   71 pre41 -> 0.047s v=1
[36/289] Human_STAU2_orthologues_DNA_k_3_l_2000_a_8.dot   e=   71 new   -> 0.042s v=1
[36/289] Human_STAU2_orthologues_DNA_k_3_l_2000_a_8.dot   e=   71 pre42 -> 0.047s v=1
[36/289] Human_STAU2_orthologues_DNA_k_3_l_2000_a_8.dot   e=   71 pre41 -> 0.047s v=1
[37/289] Human_UBE2L5_orthologues_DNA_k_3_l_2000_a_8.dot  e=   71 new   -> 0.045s v=1
[37/289] Human_UBE2L5_orthologues_DNA_k_3_l_2000_a_8.dot  e=   71 pre42 -> 0.047s v=1
[37/289] Human_UBE2L5_orthologues_DNA_k_3_l_2000_a_8.dot  e=   71 pre41 -> 0.047s v=1
[38/289] Human_BTBD17_orthologues_DNA_k_3_l_2000_a_8.dot  e=   72 new   -> 0.043s v=1
[38/289] Human_BTBD17_orthologues_DNA_k_3_l_2000_a_8.dot  e=   72 pre42 -> 0.046s v=1
[38/289] Human_BTBD17_orthologues_DNA_k_3_l_2000_a_8.dot  e=   72 pre41 -> 0.047s v=1
[39/289] Human_C17orf67_orthologues_DNA_k_3_l_2000_a_6.do e=   72 new   -> 0.045s v=1
[39/289] Human_C17orf67_orthologues_DNA_k_3_l_2000_a_6.do e=   72 pre42 -> 0.048s v=1
[39/289] Human_C17orf67_orthologues_DNA_k_3_l_2000_a_6.do e=   72 pre41 -> 0.048s v=1
[40/289] Human_C17orf67_orthologues_DNA_k_3_l_2000_a_7.do e=   72 new   -> 0.044s v=1
[40/289] Human_C17orf67_orthologues_DNA_k_3_l_2000_a_7.do e=   72 pre42 -> 0.047s v=1
[40/289] Human_C17orf67_orthologues_DNA_k_3_l_2000_a_7.do e=   72 pre41 -> 0.047s v=1
[41/289] Human_CEP57L1_orthologues_DNA_k_3_l_2000_a_7.dot e=   72 new   -> 0.045s v=1
[41/289] Human_CEP57L1_orthologues_DNA_k_3_l_2000_a_7.dot e=   72 pre42 -> 0.047s v=1
[41/289] Human_CEP57L1_orthologues_DNA_k_3_l_2000_a_7.dot e=   72 pre41 -> 0.047s v=1
[42/289] Human_CEP57L1_orthologues_DNA_k_3_l_2000_a_8.dot e=   72 new   -> 0.045s v=1
[42/289] Human_CEP57L1_orthologues_DNA_k_3_l_2000_a_8.dot e=   72 pre42 -> 0.047s v=1
[42/289] Human_CEP57L1_orthologues_DNA_k_3_l_2000_a_8.dot e=   72 pre41 -> 0.048s v=1
[43/289] Human_DCSTAMP_orthologues_DNA_k_3_l_2000_a_7.dot e=   72 new   -> 0.044s v=1
[43/289] Human_DCSTAMP_orthologues_DNA_k_3_l_2000_a_7.dot e=   72 pre42 -> 0.047s v=1
[43/289] Human_DCSTAMP_orthologues_DNA_k_3_l_2000_a_7.dot e=   72 pre41 -> 0.047s v=1
[44/289] Human_DCSTAMP_orthologues_DNA_k_3_l_2000_a_8.dot e=   72 new   -> 0.043s v=1
[44/289] Human_DCSTAMP_orthologues_DNA_k_3_l_2000_a_8.dot e=   72 pre42 -> 0.046s v=1
[44/289] Human_DCSTAMP_orthologues_DNA_k_3_l_2000_a_8.dot e=   72 pre41 -> 0.047s v=1
[45/289] Human_OR10G8_orthologues_DNA_k_3_l_2000_a_6.dot  e=   72 new   -> 0.043s v=1
[45/289] Human_OR10G8_orthologues_DNA_k_3_l_2000_a_6.dot  e=   72 pre42 -> 0.073s v=1
[45/289] Human_OR10G8_orthologues_DNA_k_3_l_2000_a_6.dot  e=   72 pre41 -> 0.051s v=1
[46/289] Human_OR10G8_orthologues_DNA_k_3_l_2000_a_7.dot  e=   72 new   -> 0.052s v=1
[46/289] Human_OR10G8_orthologues_DNA_k_3_l_2000_a_7.dot  e=   72 pre42 -> 0.057s v=1
[46/289] Human_OR10G8_orthologues_DNA_k_3_l_2000_a_7.dot  e=   72 pre41 -> 0.057s v=1
[47/289] Human_OR10G8_orthologues_DNA_k_3_l_2000_a_8.dot  e=   72 new   -> 0.043s v=1
[47/289] Human_OR10G8_orthologues_DNA_k_3_l_2000_a_8.dot  e=   72 pre42 -> 0.047s v=1
[47/289] Human_OR10G8_orthologues_DNA_k_3_l_2000_a_8.dot  e=   72 pre41 -> 0.049s v=1
[48/289] Human_SHLD2_orthologues_DNA_k_3_l_2000_a_6.dot   e=   72 new   -> 0.043s v=1
[48/289] Human_SHLD2_orthologues_DNA_k_3_l_2000_a_6.dot   e=   72 pre42 -> 0.046s v=1
[48/289] Human_SHLD2_orthologues_DNA_k_3_l_2000_a_6.dot   e=   72 pre41 -> 0.046s v=1
[49/289] Human_SHLD2_orthologues_DNA_k_3_l_2000_a_7.dot   e=   72 new   -> 0.043s v=1
[49/289] Human_SHLD2_orthologues_DNA_k_3_l_2000_a_7.dot   e=   72 pre42 -> 0.046s v=1
[49/289] Human_SHLD2_orthologues_DNA_k_3_l_2000_a_7.dot   e=   72 pre41 -> 0.047s v=1
[50/289] Human_SLC22A2_orthologues_DNA_k_3_l_2000_a_7.dot e=   72 new   -> 0.043s v=1
[50/289] Human_SLC22A2_orthologues_DNA_k_3_l_2000_a_7.dot e=   72 pre42 -> 0.047s v=1
[50/289] Human_SLC22A2_orthologues_DNA_k_3_l_2000_a_7.dot e=   72 pre41 -> 0.047s v=1
[51/289] Human_SPA17_orthologues_DNA_k_3_l_2000_a_6.dot   e=   72 new   -> 0.043s v=1
[51/289] Human_SPA17_orthologues_DNA_k_3_l_2000_a_6.dot   e=   72 pre42 -> 0.048s v=1
[51/289] Human_SPA17_orthologues_DNA_k_3_l_2000_a_6.dot   e=   72 pre41 -> 0.051s v=1
[52/289] Human_C17orf67_orthologues_DNA_k_3_l_2000_a_8.do e=   73 new   -> 0.045s v=1
[52/289] Human_C17orf67_orthologues_DNA_k_3_l_2000_a_8.do e=   73 pre42 -> 0.048s v=1
[52/289] Human_C17orf67_orthologues_DNA_k_3_l_2000_a_8.do e=   73 pre41 -> 0.048s v=1
[53/289] Human_DOCK4_orthologues_DNA_k_3_l_2000_a_8.dot   e=   73 new   -> 0.046s v=1
[53/289] Human_DOCK4_orthologues_DNA_k_3_l_2000_a_8.dot   e=   73 pre42 -> 0.048s v=1
[53/289] Human_DOCK4_orthologues_DNA_k_3_l_2000_a_8.dot   e=   73 pre41 -> 0.048s v=1
[54/289] Human_FHIP1B_orthologues_DNA_k_3_l_2000_a_6.dot  e=   73 new   -> 0.042s v=1
[54/289] Human_FHIP1B_orthologues_DNA_k_3_l_2000_a_6.dot  e=   73 pre42 -> 0.047s v=1
[54/289] Human_FHIP1B_orthologues_DNA_k_3_l_2000_a_6.dot  e=   73 pre41 -> 0.047s v=1
[55/289] Human_FHIP1B_orthologues_DNA_k_3_l_2000_a_7.dot  e=   73 new   -> 0.043s v=1
[55/289] Human_FHIP1B_orthologues_DNA_k_3_l_2000_a_7.dot  e=   73 pre42 -> 0.048s v=1
[55/289] Human_FHIP1B_orthologues_DNA_k_3_l_2000_a_7.dot  e=   73 pre41 -> 0.048s v=1
[56/289] Human_GGT6_orthologues_DNA_k_3_l_2000_a_7.dot    e=   73 new   -> 0.043s v=1
[56/289] Human_GGT6_orthologues_DNA_k_3_l_2000_a_7.dot    e=   73 pre42 -> 0.049s v=1
[56/289] Human_GGT6_orthologues_DNA_k_3_l_2000_a_7.dot    e=   73 pre41 -> 0.049s v=1
[57/289] Human_SHLD2_orthologues_DNA_k_3_l_2000_a_8.dot   e=   73 new   -> 0.043s v=1
[57/289] Human_SHLD2_orthologues_DNA_k_3_l_2000_a_8.dot   e=   73 pre42 -> 0.047s v=1
[57/289] Human_SHLD2_orthologues_DNA_k_3_l_2000_a_8.dot   e=   73 pre41 -> 0.048s v=1
[58/289] Human_SPA17_orthologues_DNA_k_3_l_2000_a_7.dot   e=   73 new   -> 0.043s v=1
[58/289] Human_SPA17_orthologues_DNA_k_3_l_2000_a_7.dot   e=   73 pre42 -> 0.047s v=1
[58/289] Human_SPA17_orthologues_DNA_k_3_l_2000_a_7.dot   e=   73 pre41 -> 0.049s v=1
[59/289] Human_SPA17_orthologues_DNA_k_3_l_2000_a_8.dot   e=   73 new   -> 0.043s v=1
[59/289] Human_SPA17_orthologues_DNA_k_3_l_2000_a_8.dot   e=   73 pre42 -> 0.047s v=1
[59/289] Human_SPA17_orthologues_DNA_k_3_l_2000_a_8.dot   e=   73 pre41 -> 0.049s v=1
[60/289] Human_ZRANB3_orthologues_DNA_k_3_l_2000_a_6.dot  e=   73 new   -> 0.044s v=1
[60/289] Human_ZRANB3_orthologues_DNA_k_3_l_2000_a_6.dot  e=   73 pre42 -> 0.048s v=1
[60/289] Human_ZRANB3_orthologues_DNA_k_3_l_2000_a_6.dot  e=   73 pre41 -> 0.052s v=1
[61/289] Human_ZRANB3_orthologues_DNA_k_3_l_2000_a_7.dot  e=   73 new   -> 0.043s v=1
[61/289] Human_ZRANB3_orthologues_DNA_k_3_l_2000_a_7.dot  e=   73 pre42 -> 0.047s v=1
[61/289] Human_ZRANB3_orthologues_DNA_k_3_l_2000_a_7.dot  e=   73 pre41 -> 0.062s v=1
[62/289] Human_ANGPTL4_orthologues_DNA_k_3_l_2000_a_6.dot e=   74 new   -> 0.044s v=1
[62/289] Human_ANGPTL4_orthologues_DNA_k_3_l_2000_a_6.dot e=   74 pre42 -> 0.049s v=1
[62/289] Human_ANGPTL4_orthologues_DNA_k_3_l_2000_a_6.dot e=   74 pre41 -> 0.048s v=1
[63/289] Human_GGT6_orthologues_DNA_k_3_l_2000_a_8.dot    e=   74 new   -> 0.043s v=1
[63/289] Human_GGT6_orthologues_DNA_k_3_l_2000_a_8.dot    e=   74 pre42 -> 0.064s v=1
[63/289] Human_GGT6_orthologues_DNA_k_3_l_2000_a_8.dot    e=   74 pre41 -> 0.055s v=1
[64/289] Human_SLC22A2_orthologues_DNA_k_3_l_2000_a_8.dot e=   74 new   -> 0.049s v=1
[64/289] Human_SLC22A2_orthologues_DNA_k_3_l_2000_a_8.dot e=   74 pre42 -> 0.057s v=1
[64/289] Human_SLC22A2_orthologues_DNA_k_3_l_2000_a_8.dot e=   74 pre41 -> 0.049s v=1
[65/289] Human_TRPC1_orthologues_DNA_k_3_l_2000_a_6.dot   e=   74 new   -> 0.044s v=1
[65/289] Human_TRPC1_orthologues_DNA_k_3_l_2000_a_6.dot   e=   74 pre42 -> 0.048s v=1
[65/289] Human_TRPC1_orthologues_DNA_k_3_l_2000_a_6.dot   e=   74 pre41 -> 0.049s v=1
[66/289] Human_ZRANB3_orthologues_DNA_k_3_l_2000_a_8.dot  e=   74 new   -> 0.044s v=1
[66/289] Human_ZRANB3_orthologues_DNA_k_3_l_2000_a_8.dot  e=   74 pre42 -> 0.049s v=1
[66/289] Human_ZRANB3_orthologues_DNA_k_3_l_2000_a_8.dot  e=   74 pre41 -> 0.049s v=1
[67/289] Human_ANGPTL4_orthologues_DNA_k_3_l_2000_a_7.dot e=   75 new   -> 0.045s v=1
[67/289] Human_ANGPTL4_orthologues_DNA_k_3_l_2000_a_7.dot e=   75 pre42 -> 0.048s v=1
[67/289] Human_ANGPTL4_orthologues_DNA_k_3_l_2000_a_7.dot e=   75 pre41 -> 0.049s v=1
[68/289] Human_ANGPTL4_orthologues_DNA_k_3_l_2000_a_8.dot e=   75 new   -> 0.045s v=1
[68/289] Human_ANGPTL4_orthologues_DNA_k_3_l_2000_a_8.dot e=   75 pre42 -> 0.048s v=1
[68/289] Human_ANGPTL4_orthologues_DNA_k_3_l_2000_a_8.dot e=   75 pre41 -> 0.049s v=1
[69/289] Human_FHIP1B_orthologues_DNA_k_3_l_2000_a_8.dot  e=   75 new   -> 0.044s v=1
[69/289] Human_FHIP1B_orthologues_DNA_k_3_l_2000_a_8.dot  e=   75 pre42 -> 0.049s v=1
[69/289] Human_FHIP1B_orthologues_DNA_k_3_l_2000_a_8.dot  e=   75 pre41 -> 0.050s v=1
[70/289] Human_RPS27A_orthologues_DNA_k_3_l_2000_a_8.dot  e=   75 new   -> 0.049s v=1
[70/289] Human_RPS27A_orthologues_DNA_k_3_l_2000_a_8.dot  e=   75 pre42 -> 0.049s v=1
[70/289] Human_RPS27A_orthologues_DNA_k_3_l_2000_a_8.dot  e=   75 pre41 -> 0.050s v=1
[71/289] Human_TRPC1_orthologues_DNA_k_3_l_2000_a_7.dot   e=   75 new   -> 0.046s v=1
[71/289] Human_TRPC1_orthologues_DNA_k_3_l_2000_a_7.dot   e=   75 pre42 -> 0.049s v=1
[71/289] Human_TRPC1_orthologues_DNA_k_3_l_2000_a_7.dot   e=   75 pre41 -> 0.049s v=1
[72/289] Human_TRPC1_orthologues_DNA_k_3_l_2000_a_8.dot   e=   75 new   -> 0.046s v=1
[72/289] Human_TRPC1_orthologues_DNA_k_3_l_2000_a_8.dot   e=   75 pre42 -> 0.048s v=1
[72/289] Human_TRPC1_orthologues_DNA_k_3_l_2000_a_8.dot   e=   75 pre41 -> 0.049s v=1
[73/289] Human_FAM53A_orthologues_DNA_k_3_l_2000_a_6.dot  e=   76 new   -> 0.041s v=1
[73/289] Human_FAM53A_orthologues_DNA_k_3_l_2000_a_6.dot  e=   76 pre42 -> 0.049s v=1
[73/289] Human_FAM53A_orthologues_DNA_k_3_l_2000_a_6.dot  e=   76 pre41 -> 0.050s v=1
[74/289] Human_FAM53A_orthologues_DNA_k_3_l_2000_a_7.dot  e=   76 new   -> 0.040s v=1
[74/289] Human_FAM53A_orthologues_DNA_k_3_l_2000_a_7.dot  e=   76 pre42 -> 0.049s v=1
[74/289] Human_FAM53A_orthologues_DNA_k_3_l_2000_a_7.dot  e=   76 pre41 -> 0.050s v=1
[75/289] Human_FAM53A_orthologues_DNA_k_3_l_2000_a_8.dot  e=   78 new   -> 0.042s v=1
[75/289] Human_FAM53A_orthologues_DNA_k_3_l_2000_a_8.dot  e=   78 pre42 -> 0.052s v=1
[75/289] Human_FAM53A_orthologues_DNA_k_3_l_2000_a_8.dot  e=   78 pre41 -> 0.052s v=1
[76/289] Human_SHLD2_orthologues_DNA_l_100_a_6.dot        e=   84 new   -> 0.172s v=1
[76/289] Human_SHLD2_orthologues_DNA_l_100_a_6.dot        e=   84 pre42 -> 0.173s v=1
[76/289] Human_SHLD2_orthologues_DNA_l_100_a_6.dot        e=   84 pre41 -> 0.231s v=1
[77/289] Human_DOCK4_orthologues_DNA_l_100_a_4.dot        e=   99 new   -> 0.241s v=1
[77/289] Human_DOCK4_orthologues_DNA_l_100_a_4.dot        e=   99 pre42 -> 0.254s v=1
[77/289] Human_DOCK4_orthologues_DNA_l_100_a_4.dot        e=   99 pre41 -> 0.346s v=1
[78/289] Human_DOCK4_orthologues_DNA_l_100_a_5.dot        e=   99 new   -> 0.253s v=1
[78/289] Human_DOCK4_orthologues_DNA_l_100_a_5.dot        e=   99 pre42 -> 0.256s v=1
[78/289] Human_DOCK4_orthologues_DNA_l_100_a_5.dot        e=   99 pre41 -> 0.335s v=1
[79/289] Human_SPA17_orthologues_DNA_l_100_a_5.dot        e=   99 new   -> 0.268s v=1
[79/289] Human_SPA17_orthologues_DNA_l_100_a_5.dot        e=   99 pre42 -> 0.276s v=1
[79/289] Human_SPA17_orthologues_DNA_l_100_a_5.dot        e=   99 pre41 -> 0.354s v=1
[80/289] Human_SPA17_orthologues_DNA_l_100_a_6.dot        e=   99 new   -> 0.279s v=1
[80/289] Human_SPA17_orthologues_DNA_l_100_a_6.dot        e=   99 pre42 -> 0.287s v=1
[80/289] Human_SPA17_orthologues_DNA_l_100_a_6.dot        e=   99 pre41 -> 0.348s v=1
[81/289] Human_STAU2_orthologues_DNA_l_100_a_6.dot        e=   99 new   -> 0.251s v=1
[81/289] Human_STAU2_orthologues_DNA_l_100_a_6.dot        e=   99 pre42 -> 0.243s v=1
[81/289] Human_STAU2_orthologues_DNA_l_100_a_6.dot        e=   99 pre41 -> 0.342s v=1
[82/289] Human_STAU2_orthologues_DNA_l_100_a_4.dot        e=  109 new   -> 0.274s v=-1
[82/289] Human_STAU2_orthologues_DNA_l_100_a_4.dot        e=  109 pre42 -> 0.283s v=-1
[82/289] Human_STAU2_orthologues_DNA_l_100_a_4.dot        e=  109 pre41 -> 0.380s v=-1
[83/289] Human_STAU2_orthologues_DNA_l_100_a_5.dot        e=  109 new   -> 0.297s v=-1
[83/289] Human_STAU2_orthologues_DNA_l_100_a_5.dot        e=  109 pre42 -> 0.288s v=-1
[83/289] Human_STAU2_orthologues_DNA_l_100_a_5.dot        e=  109 pre41 -> 0.378s v=-1
[84/289] Human_SPA17_orthologues_DNA_l_100_a_4.dot        e=  110 new   -> 0.273s v=-1
[84/289] Human_SPA17_orthologues_DNA_l_100_a_4.dot        e=  110 pre42 -> 0.266s v=-1
[84/289] Human_SPA17_orthologues_DNA_l_100_a_4.dot        e=  110 pre41 -> 0.374s v=-1
[85/289] Human_FHIP1B_orthologues_DNA_l_100_a_5.dot       e=  117 new   -> 0.299s v=-1
[85/289] Human_FHIP1B_orthologues_DNA_l_100_a_5.dot       e=  117 pre42 -> 0.297s v=-1
[85/289] Human_FHIP1B_orthologues_DNA_l_100_a_5.dot       e=  117 pre41 -> 0.400s v=-1
[86/289] Human_FHIP1B_orthologues_DNA_l_100_a_6.dot       e=  117 new   -> 0.307s v=-1
[86/289] Human_FHIP1B_orthologues_DNA_l_100_a_6.dot       e=  117 pre42 -> 0.306s v=-1
[86/289] Human_FHIP1B_orthologues_DNA_l_100_a_6.dot       e=  117 pre41 -> 0.392s v=-1
[87/289] Human_RPS27A_orthologues_DNA_l_100_a_4.dot       e=  123 new   -> 0.315s v=-1
[87/289] Human_RPS27A_orthologues_DNA_l_100_a_4.dot       e=  123 pre42 -> 0.319s v=-1
[87/289] Human_RPS27A_orthologues_DNA_l_100_a_4.dot       e=  123 pre41 -> 0.457s v=-1
[88/289] Human_ELSPBP1_orthologues_DNA_l_100_a_4.dot      e=  124 new   -> 0.311s v=-1
[88/289] Human_ELSPBP1_orthologues_DNA_l_100_a_4.dot      e=  124 pre42 -> 0.311s v=-1
[88/289] Human_ELSPBP1_orthologues_DNA_l_100_a_4.dot      e=  124 pre41 -> 0.410s v=-1
[89/289] Human_FHIP1B_orthologues_DNA_l_100_a_4.dot       e=  124 new   -> 0.322s v=-1
[89/289] Human_FHIP1B_orthologues_DNA_l_100_a_4.dot       e=  124 pre42 -> 0.322s v=-1
[89/289] Human_FHIP1B_orthologues_DNA_l_100_a_4.dot       e=  124 pre41 -> 0.440s v=-1
[90/289] Human_RPS27A_orthologues_DNA_l_100_a_5.dot       e=  128 new   -> 0.342s v=-1
[90/289] Human_RPS27A_orthologues_DNA_l_100_a_5.dot       e=  128 pre42 -> 0.339s v=-1
[90/289] Human_RPS27A_orthologues_DNA_l_100_a_5.dot       e=  128 pre41 -> 0.473s v=-1
[91/289] Human_DOCK4_orthologues_DNA_l_100_a_6.dot        e=  130 new   -> 0.351s v=-1
[91/289] Human_DOCK4_orthologues_DNA_l_100_a_6.dot        e=  130 pre42 -> 0.355s v=-1
[91/289] Human_DOCK4_orthologues_DNA_l_100_a_6.dot        e=  130 pre41 -> 0.468s v=-1
[92/289] Human_RPS27A_orthologues_DNA_l_100_a_6.dot       e=  131 new   -> 0.347s v=-1
[92/289] Human_RPS27A_orthologues_DNA_l_100_a_6.dot       e=  131 pre42 -> 0.345s v=-1
[92/289] Human_RPS27A_orthologues_DNA_l_100_a_6.dot       e=  131 pre41 -> 0.480s v=-1
[93/289] Human_TUNAR_orthologues_DNA_l_100_a_4.dot        e=  134 new   -> 0.345s v=-1
[93/289] Human_TUNAR_orthologues_DNA_l_100_a_4.dot        e=  134 pre42 -> 0.349s v=-1
[93/289] Human_TUNAR_orthologues_DNA_l_100_a_4.dot        e=  134 pre41 -> 0.450s v=-1
[94/289] Human_TUNAR_orthologues_DNA_l_100_a_5.dot        e=  144 new   -> 0.369s v=-1
[94/289] Human_TUNAR_orthologues_DNA_l_100_a_5.dot        e=  144 pre42 -> 0.371s v=-1
[94/289] Human_TUNAR_orthologues_DNA_l_100_a_5.dot        e=  144 pre41 -> 0.488s v=-1
[95/289] Human_ELSPBP1_orthologues_DNA_l_100_a_5.dot      e=  146 new   -> 0.396s v=-1
[95/289] Human_ELSPBP1_orthologues_DNA_l_100_a_5.dot      e=  146 pre42 -> 0.387s v=-1
[95/289] Human_ELSPBP1_orthologues_DNA_l_100_a_5.dot      e=  146 pre41 -> 0.508s v=-1
[96/289] Human_UBE2L5_orthologues_DNA_l_100_a_4.dot       e=  146 new   -> 0.396s v=-1
[96/289] Human_UBE2L5_orthologues_DNA_l_100_a_4.dot       e=  146 pre42 -> 0.399s v=-1
[96/289] Human_UBE2L5_orthologues_DNA_l_100_a_4.dot       e=  146 pre41 -> 0.515s v=-1
[97/289] Human_OR10G8_orthologues_DNA_l_100_a_4.dot       e=  148 new   -> 0.405s v=-1
[97/289] Human_OR10G8_orthologues_DNA_l_100_a_4.dot       e=  148 pre42 -> 0.399s v=-1
[97/289] Human_OR10G8_orthologues_DNA_l_100_a_4.dot       e=  148 pre41 -> 0.581s v=-1
[98/289] Human_TUNAR_orthologues_DNA_l_100_a_6.dot        e=  151 new   -> 0.397s v=-1
[98/289] Human_TUNAR_orthologues_DNA_l_100_a_6.dot        e=  151 pre42 -> 0.398s v=-1
[98/289] Human_TUNAR_orthologues_DNA_l_100_a_6.dot        e=  151 pre41 -> 0.522s v=-1
[99/289] Human_SLC22A2_orthologues_DNA_l_100_a_4.dot      e=  159 new   -> 0.522s v=-1
[99/289] Human_SLC22A2_orthologues_DNA_l_100_a_4.dot      e=  159 pre42 -> 0.518s v=-1
[99/289] Human_SLC22A2_orthologues_DNA_l_100_a_4.dot      e=  159 pre41 -> 0.737s v=-1
[100/289] Human_SLC22A2_orthologues_DNA_l_100_a_5.dot      e=  159 new   -> 0.518s v=-1
[100/289] Human_SLC22A2_orthologues_DNA_l_100_a_5.dot      e=  159 pre42 -> 0.514s v=-1
[100/289] Human_SLC22A2_orthologues_DNA_l_100_a_5.dot      e=  159 pre41 -> 0.751s v=-1
[101/289] Human_SLC22A2_orthologues_DNA_l_100_a_6.dot      e=  159 new   -> 0.504s v=-1
[101/289] Human_SLC22A2_orthologues_DNA_l_100_a_6.dot      e=  159 pre42 -> 0.527s v=-1
[101/289] Human_SLC22A2_orthologues_DNA_l_100_a_6.dot      e=  159 pre41 -> 0.733s v=-1
[102/289] Human_DCSTAMP_orthologues_DNA_l_100_a_4.dot      e=  161 new   -> 0.498s v=-1
[102/289] Human_DCSTAMP_orthologues_DNA_l_100_a_4.dot      e=  161 pre42 -> 0.489s v=-1
[102/289] Human_DCSTAMP_orthologues_DNA_l_100_a_4.dot      e=  161 pre41 -> 0.721s v=-1
[103/289] Human_UBE2L5_orthologues_DNA_l_100_a_5.dot       e=  162 new   -> 0.474s v=-1
[103/289] Human_UBE2L5_orthologues_DNA_l_100_a_5.dot       e=  162 pre42 -> 0.482s v=-1
[103/289] Human_UBE2L5_orthologues_DNA_l_100_a_5.dot       e=  162 pre41 -> 0.646s v=-1
[104/289] Human_LEAP2_orthologues_DNA_l_100_a_4.dot        e=  164 new   -> 0.487s v=-1
[104/289] Human_LEAP2_orthologues_DNA_l_100_a_4.dot        e=  164 pre42 -> 0.501s v=-1
[104/289] Human_LEAP2_orthologues_DNA_l_100_a_4.dot        e=  164 pre41 -> 0.689s v=-1
[105/289] Human_C17orf67_orthologues_DNA_l_100_a_4.dot     e=  165 new   -> 0.546s v=-1
[105/289] Human_C17orf67_orthologues_DNA_l_100_a_4.dot     e=  165 pre42 -> 0.555s v=-1
[105/289] Human_C17orf67_orthologues_DNA_l_100_a_4.dot     e=  165 pre41 -> 0.707s v=-1
[106/289] Human_OR10G8_orthologues_DNA_l_100_a_5.dot       e=  165 new   -> 0.472s v=-1
[106/289] Human_OR10G8_orthologues_DNA_l_100_a_5.dot       e=  165 pre42 -> 0.477s v=-1
[106/289] Human_OR10G8_orthologues_DNA_l_100_a_5.dot       e=  165 pre41 -> 0.663s v=-1
[107/289] Human_UBE2L5_orthologues_DNA_l_100_a_6.dot       e=  166 new   -> 0.494s v=-1
[107/289] Human_UBE2L5_orthologues_DNA_l_100_a_6.dot       e=  166 pre42 -> 0.501s v=-1
[107/289] Human_UBE2L5_orthologues_DNA_l_100_a_6.dot       e=  166 pre41 -> 0.666s v=-1
[108/289] Human_DCSTAMP_orthologues_DNA_l_100_a_6.dot      e=  168 new   -> 0.515s v=-1
[108/289] Human_DCSTAMP_orthologues_DNA_l_100_a_6.dot      e=  168 pre42 -> 0.549s v=-1
[108/289] Human_DCSTAMP_orthologues_DNA_l_100_a_6.dot      e=  168 pre41 -> 0.735s v=-1
[109/289] Human_OR10G8_orthologues_DNA_l_100_a_6.dot       e=  168 new   -> 0.503s v=-1
[109/289] Human_OR10G8_orthologues_DNA_l_100_a_6.dot       e=  168 pre42 -> 0.505s v=-1
[109/289] Human_OR10G8_orthologues_DNA_l_100_a_6.dot       e=  168 pre41 -> 0.706s v=-1
[110/289] Human_LEAP2_orthologues_DNA_l_100_a_5.dot        e=  170 new   -> 0.510s v=-1
[110/289] Human_LEAP2_orthologues_DNA_l_100_a_5.dot        e=  170 pre42 -> 0.537s v=-1
[110/289] Human_LEAP2_orthologues_DNA_l_100_a_5.dot        e=  170 pre41 -> 0.746s v=-1
[111/289] Human_LEAP2_orthologues_DNA_l_100_a_6.dot        e=  171 new   -> 0.530s v=-1
[111/289] Human_LEAP2_orthologues_DNA_l_100_a_6.dot        e=  171 pre42 -> 0.526s v=-1
[111/289] Human_LEAP2_orthologues_DNA_l_100_a_6.dot        e=  171 pre41 -> 0.745s v=-1
[112/289] Human_ELSPBP1_orthologues_DNA_l_100_a_6.dot      e=  174 new   -> 0.580s v=-1
[112/289] Human_ELSPBP1_orthologues_DNA_l_100_a_6.dot      e=  174 pre42 -> 0.591s v=-1
[112/289] Human_ELSPBP1_orthologues_DNA_l_100_a_6.dot      e=  174 pre41 -> 0.734s v=-1
[113/289] Human_TRPC1_orthologues_DNA_l_100_a_4.dot        e=  175 new   -> 0.504s v=-1
[113/289] Human_TRPC1_orthologues_DNA_l_100_a_4.dot        e=  175 pre42 -> 0.506s v=-1
[113/289] Human_TRPC1_orthologues_DNA_l_100_a_4.dot        e=  175 pre41 -> 0.732s v=-1
[114/289] Human_TRPC1_orthologues_DNA_l_100_a_5.dot        e=  175 new   -> 0.512s v=-1
[114/289] Human_TRPC1_orthologues_DNA_l_100_a_5.dot        e=  175 pre42 -> 0.507s v=-1
[114/289] Human_TRPC1_orthologues_DNA_l_100_a_5.dot        e=  175 pre41 -> 0.707s v=-1
[115/289] Human_TRPC1_orthologues_DNA_l_100_a_6.dot        e=  175 new   -> 0.512s v=-1
[115/289] Human_TRPC1_orthologues_DNA_l_100_a_6.dot        e=  175 pre42 -> 0.529s v=-1
[115/289] Human_TRPC1_orthologues_DNA_l_100_a_6.dot        e=  175 pre41 -> 0.724s v=-1
[116/289] Human_ZRANB3_orthologues_DNA_l_100_a_4.dot       e=  179 new   -> 0.620s v=-1
[116/289] Human_ZRANB3_orthologues_DNA_l_100_a_4.dot       e=  179 pre42 -> 0.628s v=-1
[116/289] Human_ZRANB3_orthologues_DNA_l_100_a_4.dot       e=  179 pre41 -> 0.887s v=-1
[117/289] Human_DCSTAMP_orthologues_DNA_l_100_a_5.dot      e=  186 new   -> 0.674s v=-1
[117/289] Human_DCSTAMP_orthologues_DNA_l_100_a_5.dot      e=  186 pre42 -> 0.660s v=-1
[117/289] Human_DCSTAMP_orthologues_DNA_l_100_a_5.dot      e=  186 pre41 -> 0.931s v=-1
[118/289] Human_C17orf67_orthologues_DNA_l_100_a_5.dot     e=  190 new   -> 0.706s v=-1
[118/289] Human_C17orf67_orthologues_DNA_l_100_a_5.dot     e=  190 pre42 -> 0.696s v=-1
[118/289] Human_C17orf67_orthologues_DNA_l_100_a_5.dot     e=  190 pre41 -> 0.897s v=-1
[119/289] Human_TUNAR_orthologues_DNA_k_4_l_2000_a_6.dot   e=  193 new   -> 0.169s v=1
[119/289] Human_TUNAR_orthologues_DNA_k_4_l_2000_a_6.dot   e=  193 pre42 -> 0.290s v=1
[119/289] Human_TUNAR_orthologues_DNA_k_4_l_2000_a_6.dot   e=  193 pre41 -> 0.265s v=1
[120/289] Human_LCP1_orthologues_DNA_l_100_a_4.dot         e=  194 new   -> 0.698s v=-1
[120/289] Human_LCP1_orthologues_DNA_l_100_a_4.dot         e=  194 pre42 -> 0.695s v=-1
[120/289] Human_LCP1_orthologues_DNA_l_100_a_4.dot         e=  194 pre41 -> 0.912s v=-1
[121/289] Human_TRAM1_orthologues_DNA_l_100_a_4.dot        e=  196 new   -> 0.726s v=-1
[121/289] Human_TRAM1_orthologues_DNA_l_100_a_4.dot        e=  196 pre42 -> 0.740s v=-1
[121/289] Human_TRAM1_orthologues_DNA_l_100_a_4.dot        e=  196 pre41 -> 1.005s v=-1
[122/289] Human_C17orf67_orthologues_DNA_l_100_a_6.dot     e=  198 new   -> 0.764s v=-1
[122/289] Human_C17orf67_orthologues_DNA_l_100_a_6.dot     e=  198 pre42 -> 0.758s v=-1
[122/289] Human_C17orf67_orthologues_DNA_l_100_a_6.dot     e=  198 pre41 -> 0.983s v=-1
[123/289] Human_GGT6_orthologues_DNA_l_100_a_4.dot         e=  198 new   -> 0.752s v=-1
[123/289] Human_GGT6_orthologues_DNA_l_100_a_4.dot         e=  198 pre42 -> 0.720s v=-1
[123/289] Human_GGT6_orthologues_DNA_l_100_a_4.dot         e=  198 pre41 -> 0.942s v=-1
[124/289] Human_TUNAR_orthologues_DNA_k_4_l_2000_a_7.dot   e=  199 new   -> 0.171s v=1
[124/289] Human_TUNAR_orthologues_DNA_k_4_l_2000_a_7.dot   e=  199 pre42 -> 0.290s v=1
[124/289] Human_TUNAR_orthologues_DNA_k_4_l_2000_a_7.dot   e=  199 pre41 -> 0.277s v=1
[125/289] Human_BTBD17_orthologues_DNA_l_100_a_4.dot       e=  200 new   -> 0.758s v=-1
[125/289] Human_BTBD17_orthologues_DNA_l_100_a_4.dot       e=  200 pre42 -> 0.736s v=-1
[125/289] Human_BTBD17_orthologues_DNA_l_100_a_4.dot       e=  200 pre41 -> 0.934s v=-1
[126/289] Human_TRAM1_orthologues_DNA_l_100_a_5.dot        e=  200 new   -> 0.750s v=-1
[126/289] Human_TRAM1_orthologues_DNA_l_100_a_5.dot        e=  200 pre42 -> 0.755s v=-1
[126/289] Human_TRAM1_orthologues_DNA_l_100_a_5.dot        e=  200 pre41 -> 0.975s v=-1
[127/289] Human_TRAM1_orthologues_DNA_l_100_a_6.dot        e=  200 new   -> 0.772s v=-1
[127/289] Human_TRAM1_orthologues_DNA_l_100_a_6.dot        e=  200 pre42 -> 0.757s v=-1
[127/289] Human_TRAM1_orthologues_DNA_l_100_a_6.dot        e=  200 pre41 -> 0.969s v=-1
[128/289] Human_TUNAR_orthologues_DNA_k_4_l_2000_a_8.dot   e=  200 new   -> 0.167s v=1
[128/289] Human_TUNAR_orthologues_DNA_k_4_l_2000_a_8.dot   e=  200 pre42 -> 0.287s v=1
[128/289] Human_TUNAR_orthologues_DNA_k_4_l_2000_a_8.dot   e=  200 pre41 -> 0.270s v=1
[129/289] Human_FAM53A_orthologues_DNA_l_100_a_4.dot       e=  201 new   -> 0.716s v=-1
[129/289] Human_FAM53A_orthologues_DNA_l_100_a_4.dot       e=  201 pre42 -> 0.731s v=-1
[129/289] Human_FAM53A_orthologues_DNA_l_100_a_4.dot       e=  201 pre41 -> 0.896s v=-1
[130/289] Human_SHLD2_orthologues_DNA_l_100_a_4.dot        e=  203 new   -> 0.786s v=-1
[130/289] Human_SHLD2_orthologues_DNA_l_100_a_4.dot        e=  203 pre42 -> 0.801s v=-1
[130/289] Human_SHLD2_orthologues_DNA_l_100_a_4.dot        e=  203 pre41 -> 1.077s v=-1
[131/289] Human_SHLD2_orthologues_DNA_l_100_a_5.dot        e=  203 new   -> 0.813s v=-1
[131/289] Human_SHLD2_orthologues_DNA_l_100_a_5.dot        e=  203 pre42 -> 0.813s v=-1
[131/289] Human_SHLD2_orthologues_DNA_l_100_a_5.dot        e=  203 pre41 -> 1.123s v=-1
[132/289] Human_CEP57L1_orthologues_DNA_l_100_a_4.dot      e=  204 new   -> 0.777s v=-1
[132/289] Human_CEP57L1_orthologues_DNA_l_100_a_4.dot      e=  204 pre42 -> 0.779s v=-1
[132/289] Human_CEP57L1_orthologues_DNA_l_100_a_4.dot      e=  204 pre41 -> 1.073s v=-1
[133/289] Human_ZRANB3_orthologues_DNA_l_100_a_5.dot       e=  204 new   -> 0.755s v=-1
[133/289] Human_ZRANB3_orthologues_DNA_l_100_a_5.dot       e=  204 pre42 -> 0.761s v=-1
[133/289] Human_ZRANB3_orthologues_DNA_l_100_a_5.dot       e=  204 pre41 -> 0.986s v=-1
[134/289] Human_GGT6_orthologues_DNA_l_100_a_5.dot         e=  205 new   -> 0.791s v=-1
[134/289] Human_GGT6_orthologues_DNA_l_100_a_5.dot         e=  205 pre42 -> 0.807s v=-1
[134/289] Human_GGT6_orthologues_DNA_l_100_a_5.dot         e=  205 pre41 -> 1.047s v=-1
[135/289] Human_GGT6_orthologues_DNA_l_100_a_6.dot         e=  205 new   -> 0.805s v=-1
[135/289] Human_GGT6_orthologues_DNA_l_100_a_6.dot         e=  205 pre42 -> 0.803s v=-1
[135/289] Human_GGT6_orthologues_DNA_l_100_a_6.dot         e=  205 pre41 -> 1.047s v=-1
[136/289] Human_LCP1_orthologues_DNA_l_100_a_5.dot         e=  206 new   -> 0.805s v=-1
[136/289] Human_LCP1_orthologues_DNA_l_100_a_5.dot         e=  206 pre42 -> 0.757s v=-1
[136/289] Human_LCP1_orthologues_DNA_l_100_a_5.dot         e=  206 pre41 -> 0.960s v=-1
[137/289] Human_CLPX_orthologues_DNA_l_100_a_4.dot         e=  207 new   -> 0.899s v=-1
[137/289] Human_CLPX_orthologues_DNA_l_100_a_4.dot         e=  207 pre42 -> 0.925s v=-1
[137/289] Human_CLPX_orthologues_DNA_l_100_a_4.dot         e=  207 pre41 -> 1.305s v=-1
[138/289] Human_CEP57L1_orthologues_DNA_l_100_a_5.dot      e=  213 new   -> 0.845s v=-1
[138/289] Human_CEP57L1_orthologues_DNA_l_100_a_5.dot      e=  213 pre42 -> 0.867s v=-1
[138/289] Human_CEP57L1_orthologues_DNA_l_100_a_5.dot      e=  213 pre41 -> 1.089s v=-1
[139/289] Human_FAM53A_orthologues_DNA_l_100_a_5.dot       e=  213 new   -> 0.820s v=-1
[139/289] Human_FAM53A_orthologues_DNA_l_100_a_5.dot       e=  213 pre42 -> 0.826s v=-1
[139/289] Human_FAM53A_orthologues_DNA_l_100_a_5.dot       e=  213 pre41 -> 1.004s v=-1
[140/289] Human_LCP1_orthologues_DNA_l_100_a_6.dot         e=  215 new   -> 0.843s v=-1
[140/289] Human_LCP1_orthologues_DNA_l_100_a_6.dot         e=  215 pre42 -> 0.865s v=-1
[140/289] Human_LCP1_orthologues_DNA_l_100_a_6.dot         e=  215 pre41 -> 1.060s v=-1
[141/289] Human_FAM53A_orthologues_DNA_l_100_a_6.dot       e=  216 new   -> 0.827s v=-1
[141/289] Human_FAM53A_orthologues_DNA_l_100_a_6.dot       e=  216 pre42 -> 0.813s v=-1
[141/289] Human_FAM53A_orthologues_DNA_l_100_a_6.dot       e=  216 pre41 -> 0.978s v=-1
[142/289] Human_ZRANB3_orthologues_DNA_l_100_a_6.dot       e=  224 new   -> 0.900s v=-1
[142/289] Human_ZRANB3_orthologues_DNA_l_100_a_6.dot       e=  224 pre42 -> 0.881s v=-1
[142/289] Human_ZRANB3_orthologues_DNA_l_100_a_6.dot       e=  224 pre41 -> 1.134s v=-1
[143/289] Human_LEAP2_orthologues_DNA_k_4_l_2000_a_6.dot   e=  229 new   -> 0.184s v=1
[143/289] Human_LEAP2_orthologues_DNA_k_4_l_2000_a_6.dot   e=  229 pre42 -> 0.347s v=1
[143/289] Human_LEAP2_orthologues_DNA_k_4_l_2000_a_6.dot   e=  229 pre41 -> 0.352s v=1
[144/289] Human_BTBD17_orthologues_DNA_l_100_a_5.dot       e=  231 new   -> 0.953s v=-1
[144/289] Human_BTBD17_orthologues_DNA_l_100_a_5.dot       e=  231 pre42 -> 0.971s v=-1
[144/289] Human_BTBD17_orthologues_DNA_l_100_a_5.dot       e=  231 pre41 -> 1.260s v=-1
[145/289] Human_LEAP2_orthologues_DNA_k_4_l_2000_a_7.dot   e=  233 new   -> 0.180s v=1
[145/289] Human_LEAP2_orthologues_DNA_k_4_l_2000_a_7.dot   e=  233 pre42 -> 0.360s v=1
[145/289] Human_LEAP2_orthologues_DNA_k_4_l_2000_a_7.dot   e=  233 pre41 -> 0.351s v=1
[146/289] Human_LEAP2_orthologues_DNA_k_4_l_2000_a_8.dot   e=  236 new   -> 0.179s v=1
[146/289] Human_LEAP2_orthologues_DNA_k_4_l_2000_a_8.dot   e=  236 pre42 -> 0.354s v=1
[146/289] Human_LEAP2_orthologues_DNA_k_4_l_2000_a_8.dot   e=  236 pre41 -> 0.350s v=1
[147/289] Human_ANGPTL4_orthologues_DNA_l_100_a_4.dot      e=  240 new   -> 1.094s v=-1
[147/289] Human_ANGPTL4_orthologues_DNA_l_100_a_4.dot      e=  240 pre42 -> 1.104s v=-1
[147/289] Human_ANGPTL4_orthologues_DNA_l_100_a_4.dot      e=  240 pre41 -> 1.576s v=-1
[148/289] Human_CEP57L1_orthologues_DNA_l_100_a_6.dot      e=  240 new   -> 0.998s v=-1
[148/289] Human_CEP57L1_orthologues_DNA_l_100_a_6.dot      e=  240 pre42 -> 0.998s v=-1
[148/289] Human_CEP57L1_orthologues_DNA_l_100_a_6.dot      e=  240 pre41 -> 1.293s v=-1
[149/289] Human_C17orf67_orthologues_DNA_k_4_l_2000_a_6.do e=  244 new   -> 0.198s v=1
[149/289] Human_C17orf67_orthologues_DNA_k_4_l_2000_a_6.do e=  244 pre42 -> 0.371s v=1
[149/289] Human_C17orf67_orthologues_DNA_k_4_l_2000_a_6.do e=  244 pre41 -> 0.369s v=1
[150/289] Human_CLPX_orthologues_DNA_l_100_a_5.dot         e=  244 new   -> 1.178s v=-1
[150/289] Human_CLPX_orthologues_DNA_l_100_a_5.dot         e=  244 pre42 -> 1.183s v=-1
[150/289] Human_CLPX_orthologues_DNA_l_100_a_5.dot         e=  244 pre41 -> 1.700s v=-1
[151/289] Human_BTBD17_orthologues_DNA_l_100_a_6.dot       e=  247 new   -> 1.066s v=-1
[151/289] Human_BTBD17_orthologues_DNA_l_100_a_6.dot       e=  247 pre42 -> 1.107s v=-1
[151/289] Human_BTBD17_orthologues_DNA_l_100_a_6.dot       e=  247 pre41 -> 1.451s v=-1
[152/289] Human_C17orf67_orthologues_DNA_k_4_l_2000_a_7.do e=  248 new   -> 0.197s v=1
[152/289] Human_C17orf67_orthologues_DNA_k_4_l_2000_a_7.do e=  248 pre42 -> 0.397s v=1
[152/289] Human_C17orf67_orthologues_DNA_k_4_l_2000_a_7.do e=  248 pre41 -> 0.391s v=1
[153/289] Human_C17orf67_orthologues_DNA_k_4_l_2000_a_8.do e=  251 new   -> 0.205s v=1
[153/289] Human_C17orf67_orthologues_DNA_k_4_l_2000_a_8.do e=  251 pre42 -> 0.392s v=1
[153/289] Human_C17orf67_orthologues_DNA_k_4_l_2000_a_8.do e=  251 pre41 -> 0.392s v=1
[154/289] Human_TUNAR_orthologues_DNA_l_300_a_4.dot        e=  251 new   -> 1.614s v=-1
[154/289] Human_TUNAR_orthologues_DNA_l_300_a_4.dot        e=  251 pre42 -> 1.625s v=-1
[154/289] Human_TUNAR_orthologues_DNA_l_300_a_4.dot        e=  251 pre41 -> 2.643s v=-1
[155/289] Human_TUNAR_orthologues_DNA_l_500_a_4.dot        e=  251 new   -> 1.647s v=-1
[155/289] Human_TUNAR_orthologues_DNA_l_500_a_4.dot        e=  251 pre42 -> 1.756s v=-1
[155/289] Human_TUNAR_orthologues_DNA_l_500_a_4.dot        e=  251 pre41 -> 2.526s v=-1
[156/289] Human_SLC38A9_orthologues_DNA_l_100_a_4.dot      e=  254 new   -> 1.276s v=-1
[156/289] Human_SLC38A9_orthologues_DNA_l_100_a_4.dot      e=  254 pre42 -> 1.279s v=-1
[156/289] Human_SLC38A9_orthologues_DNA_l_100_a_4.dot      e=  254 pre41 -> 1.792s v=-1
[157/289] Human_UBE2L5_orthologues_DNA_k_4_l_2000_a_6.dot  e=  255 new   -> 0.178s v=1
[157/289] Human_UBE2L5_orthologues_DNA_k_4_l_2000_a_6.dot  e=  255 pre42 -> 0.396s v=1
[157/289] Human_UBE2L5_orthologues_DNA_k_4_l_2000_a_6.dot  e=  255 pre41 -> 0.379s v=1
[158/289] Human_CLPX_orthologues_DNA_l_100_a_6.dot         e=  257 new   -> 1.381s v=-1
[158/289] Human_CLPX_orthologues_DNA_l_100_a_6.dot         e=  257 pre42 -> 1.427s v=-1
[158/289] Human_CLPX_orthologues_DNA_l_100_a_6.dot         e=  257 pre41 -> 1.948s v=-1
[159/289] Human_ELSPBP1_orthologues_DNA_k_4_l_2000_a_6.dot e=  259 new   -> 0.206s v=1
[159/289] Human_ELSPBP1_orthologues_DNA_k_4_l_2000_a_6.dot e=  259 pre42 -> 0.456s v=1
[159/289] Human_ELSPBP1_orthologues_DNA_k_4_l_2000_a_6.dot e=  259 pre41 -> 0.416s v=1
[160/289] Human_UBE2L5_orthologues_DNA_k_4_l_2000_a_7.dot  e=  259 new   -> 0.174s v=1
[160/289] Human_UBE2L5_orthologues_DNA_k_4_l_2000_a_7.dot  e=  259 pre42 -> 0.393s v=1
[160/289] Human_UBE2L5_orthologues_DNA_k_4_l_2000_a_7.dot  e=  259 pre41 -> 0.379s v=1
[161/289] Human_ELSPBP1_orthologues_DNA_k_4_l_2000_a_7.dot e=  261 new   -> 0.208s v=1
[161/289] Human_ELSPBP1_orthologues_DNA_k_4_l_2000_a_7.dot e=  261 pre42 -> 0.434s v=1
[161/289] Human_ELSPBP1_orthologues_DNA_k_4_l_2000_a_7.dot e=  261 pre41 -> 0.424s v=1
[162/289] Human_ELSPBP1_orthologues_DNA_k_4_l_2000_a_8.dot e=  261 new   -> 0.197s v=1
[162/289] Human_ELSPBP1_orthologues_DNA_k_4_l_2000_a_8.dot e=  261 pre42 -> 0.425s v=1
[162/289] Human_ELSPBP1_orthologues_DNA_k_4_l_2000_a_8.dot e=  261 pre41 -> 0.414s v=1
[163/289] Human_RPS27A_orthologues_DNA_k_4_l_2000_a_6.dot  e=  262 new   -> 0.194s v=1
[163/289] Human_RPS27A_orthologues_DNA_k_4_l_2000_a_6.dot  e=  262 pre42 -> 0.421s v=1
[163/289] Human_RPS27A_orthologues_DNA_k_4_l_2000_a_6.dot  e=  262 pre41 -> 0.417s v=1
[164/289] Human_RPS27A_orthologues_DNA_k_4_l_2000_a_7.dot  e=  262 new   -> 0.197s v=1
[164/289] Human_RPS27A_orthologues_DNA_k_4_l_2000_a_7.dot  e=  262 pre42 -> 0.433s v=1
[164/289] Human_RPS27A_orthologues_DNA_k_4_l_2000_a_7.dot  e=  262 pre41 -> 0.400s v=1
[165/289] Human_SLC38A9_orthologues_DNA_k_4_l_2000_a_6.dot e=  263 new   -> 0.183s v=1
[165/289] Human_SLC38A9_orthologues_DNA_k_4_l_2000_a_6.dot e=  263 pre42 -> 0.395s v=1
[165/289] Human_SLC38A9_orthologues_DNA_k_4_l_2000_a_6.dot e=  263 pre41 -> 0.398s v=1
[166/289] Human_SLC38A9_orthologues_DNA_k_4_l_2000_a_7.dot e=  263 new   -> 0.190s v=1
[166/289] Human_SLC38A9_orthologues_DNA_k_4_l_2000_a_7.dot e=  263 pre42 -> 0.405s v=1
[166/289] Human_SLC38A9_orthologues_DNA_k_4_l_2000_a_7.dot e=  263 pre41 -> 0.388s v=1
[167/289] Human_LCP1_orthologues_DNA_k_4_l_2000_a_6.dot    e=  264 new   -> 0.188s v=1
[167/289] Human_LCP1_orthologues_DNA_k_4_l_2000_a_6.dot    e=  264 pre42 -> 0.409s v=1
[167/289] Human_LCP1_orthologues_DNA_k_4_l_2000_a_6.dot    e=  264 pre41 -> 0.397s v=1
[168/289] Human_LCP1_orthologues_DNA_k_4_l_2000_a_7.dot    e=  264 new   -> 0.188s v=1
[168/289] Human_LCP1_orthologues_DNA_k_4_l_2000_a_7.dot    e=  264 pre42 -> 0.404s v=1
[168/289] Human_LCP1_orthologues_DNA_k_4_l_2000_a_7.dot    e=  264 pre41 -> 0.405s v=1
[169/289] Human_LCP1_orthologues_DNA_k_4_l_2000_a_8.dot    e=  264 new   -> 0.193s v=1
[169/289] Human_LCP1_orthologues_DNA_k_4_l_2000_a_8.dot    e=  264 pre42 -> 0.416s v=1
[169/289] Human_LCP1_orthologues_DNA_k_4_l_2000_a_8.dot    e=  264 pre41 -> 0.399s v=1
[170/289] Human_TRAM1_orthologues_DNA_k_4_l_2000_a_6.dot   e=  264 new   -> 0.196s v=1
[170/289] Human_TRAM1_orthologues_DNA_k_4_l_2000_a_6.dot   e=  264 pre42 -> 0.420s v=1
[170/289] Human_TRAM1_orthologues_DNA_k_4_l_2000_a_6.dot   e=  264 pre41 -> 0.396s v=1
[171/289] Human_TRAM1_orthologues_DNA_k_4_l_2000_a_7.dot   e=  265 new   -> 0.200s v=1
[171/289] Human_TRAM1_orthologues_DNA_k_4_l_2000_a_7.dot   e=  265 pre42 -> 0.431s v=1
[171/289] Human_TRAM1_orthologues_DNA_k_4_l_2000_a_7.dot   e=  265 pre41 -> 0.409s v=1
[172/289] Human_TRAM1_orthologues_DNA_k_4_l_2000_a_8.dot   e=  265 new   -> 0.193s v=1
[172/289] Human_TRAM1_orthologues_DNA_k_4_l_2000_a_8.dot   e=  265 pre42 -> 0.427s v=1
[172/289] Human_TRAM1_orthologues_DNA_k_4_l_2000_a_8.dot   e=  265 pre41 -> 0.412s v=1
[173/289] Human_SLC38A9_orthologues_DNA_k_4_l_2000_a_8.dot e=  266 new   -> 0.201s v=1
[173/289] Human_SLC38A9_orthologues_DNA_k_4_l_2000_a_8.dot e=  266 pre42 -> 0.429s v=1
[173/289] Human_SLC38A9_orthologues_DNA_k_4_l_2000_a_8.dot e=  266 pre41 -> 0.420s v=1
[174/289] Human_UBE2L5_orthologues_DNA_k_4_l_2000_a_8.dot  e=  266 new   -> 0.193s v=1
[174/289] Human_UBE2L5_orthologues_DNA_k_4_l_2000_a_8.dot  e=  266 pre42 -> 0.423s v=1
[174/289] Human_UBE2L5_orthologues_DNA_k_4_l_2000_a_8.dot  e=  266 pre41 -> 0.411s v=1
[175/289] Human_ANGPTL4_orthologues_DNA_l_100_a_5.dot      e=  267 new   -> 1.419s v=-1
[175/289] Human_ANGPTL4_orthologues_DNA_l_100_a_5.dot      e=  267 pre42 -> 1.455s v=-1
[175/289] Human_ANGPTL4_orthologues_DNA_l_100_a_5.dot      e=  267 pre41 -> 1.924s v=-1
[176/289] Human_BTBD17_orthologues_DNA_k_4_l_2000_a_6.dot  e=  267 new   -> 0.206s v=1
[176/289] Human_BTBD17_orthologues_DNA_k_4_l_2000_a_6.dot  e=  267 pre42 -> 0.443s v=1
[176/289] Human_BTBD17_orthologues_DNA_k_4_l_2000_a_6.dot  e=  267 pre41 -> 0.409s v=1
[177/289] Human_BTBD17_orthologues_DNA_k_4_l_2000_a_7.dot  e=  267 new   -> 0.196s v=1
[177/289] Human_BTBD17_orthologues_DNA_k_4_l_2000_a_7.dot  e=  267 pre42 -> 0.431s v=1
[177/289] Human_BTBD17_orthologues_DNA_k_4_l_2000_a_7.dot  e=  267 pre41 -> 0.414s v=1
[178/289] Human_CEP57L1_orthologues_DNA_k_4_l_2000_a_6.dot e=  267 new   -> 0.202s v=1
[178/289] Human_CEP57L1_orthologues_DNA_k_4_l_2000_a_6.dot e=  267 pre42 -> 0.421s v=1
[178/289] Human_CEP57L1_orthologues_DNA_k_4_l_2000_a_6.dot e=  267 pre41 -> 0.408s v=1
[179/289] Human_DCSTAMP_orthologues_DNA_k_4_l_2000_a_6.dot e=  267 new   -> 0.196s v=1
[179/289] Human_DCSTAMP_orthologues_DNA_k_4_l_2000_a_6.dot e=  267 pre42 -> 0.419s v=1
[179/289] Human_DCSTAMP_orthologues_DNA_k_4_l_2000_a_6.dot e=  267 pre41 -> 0.428s v=1
[180/289] Human_GGT6_orthologues_DNA_k_4_l_2000_a_6.dot    e=  267 new   -> 0.201s v=1
[180/289] Human_GGT6_orthologues_DNA_k_4_l_2000_a_6.dot    e=  267 pre42 -> 0.429s v=1
[180/289] Human_GGT6_orthologues_DNA_k_4_l_2000_a_6.dot    e=  267 pre41 -> 0.428s v=1
[181/289] Human_OR10G8_orthologues_DNA_k_4_l_2000_a_6.dot  e=  267 new   -> 0.203s v=1
[181/289] Human_OR10G8_orthologues_DNA_k_4_l_2000_a_6.dot  e=  267 pre42 -> 0.428s v=1
[181/289] Human_OR10G8_orthologues_DNA_k_4_l_2000_a_6.dot  e=  267 pre41 -> 0.417s v=1
[182/289] Human_OR10G8_orthologues_DNA_k_4_l_2000_a_7.dot  e=  268 new   -> 0.202s v=1
[182/289] Human_OR10G8_orthologues_DNA_k_4_l_2000_a_7.dot  e=  268 pre42 -> 0.453s v=1
[182/289] Human_OR10G8_orthologues_DNA_k_4_l_2000_a_7.dot  e=  268 pre41 -> 0.439s v=1
[183/289] Human_OR10G8_orthologues_DNA_k_4_l_2000_a_8.dot  e=  268 new   -> 0.204s v=1
[183/289] Human_OR10G8_orthologues_DNA_k_4_l_2000_a_8.dot  e=  268 pre42 -> 0.441s v=1
[183/289] Human_OR10G8_orthologues_DNA_k_4_l_2000_a_8.dot  e=  268 pre41 -> 0.423s v=1
[184/289] Human_SLC22A2_orthologues_DNA_k_4_l_2000_a_6.dot e=  268 new   -> 0.200s v=1
[184/289] Human_SLC22A2_orthologues_DNA_k_4_l_2000_a_6.dot e=  268 pre42 -> 0.438s v=1
[184/289] Human_SLC22A2_orthologues_DNA_k_4_l_2000_a_6.dot e=  268 pre41 -> 0.430s v=1
[185/289] Human_STAU2_orthologues_DNA_k_4_l_2000_a_6.dot   e=  268 new   -> 0.203s v=1
[185/289] Human_STAU2_orthologues_DNA_k_4_l_2000_a_6.dot   e=  268 pre42 -> 0.442s v=1
[185/289] Human_STAU2_orthologues_DNA_k_4_l_2000_a_6.dot   e=  268 pre41 -> 0.418s v=1
[186/289] Human_BTBD17_orthologues_DNA_k_4_l_2000_a_8.dot  e=  269 new   -> 0.202s v=1
[186/289] Human_BTBD17_orthologues_DNA_k_4_l_2000_a_8.dot  e=  269 pre42 -> 0.442s v=1
[186/289] Human_BTBD17_orthologues_DNA_k_4_l_2000_a_8.dot  e=  269 pre41 -> 0.416s v=1
[187/289] Human_CEP57L1_orthologues_DNA_k_4_l_2000_a_7.dot e=  269 new   -> 0.210s v=1
[187/289] Human_CEP57L1_orthologues_DNA_k_4_l_2000_a_7.dot e=  269 pre42 -> 0.441s v=1
[187/289] Human_CEP57L1_orthologues_DNA_k_4_l_2000_a_7.dot e=  269 pre41 -> 0.441s v=1
[188/289] Human_CEP57L1_orthologues_DNA_k_4_l_2000_a_8.dot e=  269 new   -> 0.199s v=1
[188/289] Human_CEP57L1_orthologues_DNA_k_4_l_2000_a_8.dot e=  269 pre42 -> 0.440s v=1
[188/289] Human_CEP57L1_orthologues_DNA_k_4_l_2000_a_8.dot e=  269 pre41 -> 0.421s v=1
[189/289] Human_CLPX_orthologues_DNA_k_4_l_2000_a_6.dot    e=  269 new   -> 0.197s v=1
[189/289] Human_CLPX_orthologues_DNA_k_4_l_2000_a_6.dot    e=  269 pre42 -> 0.448s v=1
[189/289] Human_CLPX_orthologues_DNA_k_4_l_2000_a_6.dot    e=  269 pre41 -> 0.433s v=1
[190/289] Human_CLPX_orthologues_DNA_k_4_l_2000_a_7.dot    e=  269 new   -> 0.208s v=1
[190/289] Human_CLPX_orthologues_DNA_k_4_l_2000_a_7.dot    e=  269 pre42 -> 0.436s v=1
[190/289] Human_CLPX_orthologues_DNA_k_4_l_2000_a_7.dot    e=  269 pre41 -> 0.423s v=1
[191/289] Human_CLPX_orthologues_DNA_k_4_l_2000_a_8.dot    e=  269 new   -> 0.201s v=1
[191/289] Human_CLPX_orthologues_DNA_k_4_l_2000_a_8.dot    e=  269 pre42 -> 0.433s v=1
[191/289] Human_CLPX_orthologues_DNA_k_4_l_2000_a_8.dot    e=  269 pre41 -> 0.441s v=1
[192/289] Human_DCSTAMP_orthologues_DNA_k_4_l_2000_a_7.dot e=  269 new   -> 0.211s v=1
[192/289] Human_DCSTAMP_orthologues_DNA_k_4_l_2000_a_7.dot e=  269 pre42 -> 0.454s v=1
[192/289] Human_DCSTAMP_orthologues_DNA_k_4_l_2000_a_7.dot e=  269 pre41 -> 0.434s v=1
[193/289] Human_DCSTAMP_orthologues_DNA_k_4_l_2000_a_8.dot e=  269 new   -> 0.208s v=1
[193/289] Human_DCSTAMP_orthologues_DNA_k_4_l_2000_a_8.dot e=  269 pre42 -> 0.447s v=1
[193/289] Human_DCSTAMP_orthologues_DNA_k_4_l_2000_a_8.dot e=  269 pre41 -> 0.430s v=1
[194/289] Human_DOCK4_orthologues_DNA_k_4_l_2000_a_6.dot   e=  269 new   -> 0.211s v=1
[194/289] Human_DOCK4_orthologues_DNA_k_4_l_2000_a_6.dot   e=  269 pre42 -> 0.432s v=1
[194/289] Human_DOCK4_orthologues_DNA_k_4_l_2000_a_6.dot   e=  269 pre41 -> 0.419s v=1
[195/289] Human_DOCK4_orthologues_DNA_k_4_l_2000_a_7.dot   e=  269 new   -> 0.198s v=1
[195/289] Human_DOCK4_orthologues_DNA_k_4_l_2000_a_7.dot   e=  269 pre42 -> 0.429s v=1
[195/289] Human_DOCK4_orthologues_DNA_k_4_l_2000_a_7.dot   e=  269 pre41 -> 0.413s v=1
[196/289] Human_STAU2_orthologues_DNA_k_4_l_2000_a_7.dot   e=  269 new   -> 0.197s v=1
[196/289] Human_STAU2_orthologues_DNA_k_4_l_2000_a_7.dot   e=  269 pre42 -> 0.427s v=1
[196/289] Human_STAU2_orthologues_DNA_k_4_l_2000_a_7.dot   e=  269 pre41 -> 0.426s v=1
[197/289] Human_STAU2_orthologues_DNA_k_4_l_2000_a_8.dot   e=  269 new   -> 0.206s v=1
[197/289] Human_STAU2_orthologues_DNA_k_4_l_2000_a_8.dot   e=  269 pre42 -> 0.436s v=1
[197/289] Human_STAU2_orthologues_DNA_k_4_l_2000_a_8.dot   e=  269 pre41 -> 0.411s v=1
[198/289] Human_GGT6_orthologues_DNA_k_4_l_2000_a_7.dot    e=  270 new   -> 0.213s v=1
[198/289] Human_GGT6_orthologues_DNA_k_4_l_2000_a_7.dot    e=  270 pre42 -> 0.442s v=1
[198/289] Human_GGT6_orthologues_DNA_k_4_l_2000_a_7.dot    e=  270 pre41 -> 0.436s v=1
[199/289] Human_SHLD2_orthologues_DNA_k_4_l_2000_a_6.dot   e=  270 new   -> 0.204s v=1
[199/289] Human_SHLD2_orthologues_DNA_k_4_l_2000_a_6.dot   e=  270 pre42 -> 0.450s v=1
[199/289] Human_SHLD2_orthologues_DNA_k_4_l_2000_a_6.dot   e=  270 pre41 -> 0.440s v=1
[200/289] Human_SHLD2_orthologues_DNA_k_4_l_2000_a_7.dot   e=  270 new   -> 0.201s v=1
[200/289] Human_SHLD2_orthologues_DNA_k_4_l_2000_a_7.dot   e=  270 pre42 -> 0.438s v=1
[200/289] Human_SHLD2_orthologues_DNA_k_4_l_2000_a_7.dot   e=  270 pre41 -> 0.436s v=1
[201/289] Human_SLC22A2_orthologues_DNA_k_4_l_2000_a_7.dot e=  270 new   -> 0.208s v=1
[201/289] Human_SLC22A2_orthologues_DNA_k_4_l_2000_a_7.dot e=  270 pre42 -> 0.445s v=1
[201/289] Human_SLC22A2_orthologues_DNA_k_4_l_2000_a_7.dot e=  270 pre41 -> 0.424s v=1
[202/289] Human_SPA17_orthologues_DNA_k_4_l_2000_a_6.dot   e=  270 new   -> 0.204s v=1
[202/289] Human_SPA17_orthologues_DNA_k_4_l_2000_a_6.dot   e=  270 pre42 -> 0.434s v=1
[202/289] Human_SPA17_orthologues_DNA_k_4_l_2000_a_6.dot   e=  270 pre41 -> 0.419s v=1
[203/289] Human_ANGPTL4_orthologues_DNA_k_4_l_2000_a_6.dot e=  271 new   -> 0.216s v=1
[203/289] Human_ANGPTL4_orthologues_DNA_k_4_l_2000_a_6.dot e=  271 pre42 -> 0.445s v=1
[203/289] Human_ANGPTL4_orthologues_DNA_k_4_l_2000_a_6.dot e=  271 pre41 -> 0.438s v=1
[204/289] Human_FAM53A_orthologues_DNA_k_4_l_2000_a_6.dot  e=  271 new   -> 0.211s v=1
[204/289] Human_FAM53A_orthologues_DNA_k_4_l_2000_a_6.dot  e=  271 pre42 -> 0.433s v=1
[204/289] Human_FAM53A_orthologues_DNA_k_4_l_2000_a_6.dot  e=  271 pre41 -> 0.435s v=1
[205/289] Human_FHIP1B_orthologues_DNA_k_4_l_2000_a_6.dot  e=  271 new   -> 0.208s v=1
[205/289] Human_FHIP1B_orthologues_DNA_k_4_l_2000_a_6.dot  e=  271 pre42 -> 0.453s v=1
[205/289] Human_FHIP1B_orthologues_DNA_k_4_l_2000_a_6.dot  e=  271 pre41 -> 0.436s v=1
[206/289] Human_FHIP1B_orthologues_DNA_k_4_l_2000_a_7.dot  e=  271 new   -> 0.207s v=1
[206/289] Human_FHIP1B_orthologues_DNA_k_4_l_2000_a_7.dot  e=  271 pre42 -> 0.457s v=1
[206/289] Human_FHIP1B_orthologues_DNA_k_4_l_2000_a_7.dot  e=  271 pre41 -> 0.443s v=1
[207/289] Human_TUNAR_orthologues_DNA_l_300_a_5.dot        e=  271 new   -> 1.902s v=-1
[207/289] Human_TUNAR_orthologues_DNA_l_300_a_5.dot        e=  271 pre42 -> 1.876s v=-1
[207/289] Human_TUNAR_orthologues_DNA_l_300_a_5.dot        e=  271 pre41 -> 2.756s v=-1
[208/289] Human_TUNAR_orthologues_DNA_l_500_a_5.dot        e=  271 new   -> 1.890s v=-1
[208/289] Human_TUNAR_orthologues_DNA_l_500_a_5.dot        e=  271 pre42 -> 1.904s v=-1
[208/289] Human_TUNAR_orthologues_DNA_l_500_a_5.dot        e=  271 pre41 -> 2.790s v=-1
[209/289] Human_ZRANB3_orthologues_DNA_k_4_l_2000_a_6.dot  e=  271 new   -> 0.223s v=1
[209/289] Human_ZRANB3_orthologues_DNA_k_4_l_2000_a_6.dot  e=  271 pre42 -> 0.487s v=1
[209/289] Human_ZRANB3_orthologues_DNA_k_4_l_2000_a_6.dot  e=  271 pre41 -> 0.441s v=1
[210/289] Human_DOCK4_orthologues_DNA_k_4_l_2000_a_8.dot   e=  272 new   -> 0.219s v=1
[210/289] Human_DOCK4_orthologues_DNA_k_4_l_2000_a_8.dot   e=  272 pre42 -> 0.466s v=1
[210/289] Human_DOCK4_orthologues_DNA_k_4_l_2000_a_8.dot   e=  272 pre41 -> 0.454s v=1
[211/289] Human_FAM53A_orthologues_DNA_k_4_l_2000_a_7.dot  e=  272 new   -> 0.210s v=1
[211/289] Human_FAM53A_orthologues_DNA_k_4_l_2000_a_7.dot  e=  272 pre42 -> 0.452s v=1
[211/289] Human_FAM53A_orthologues_DNA_k_4_l_2000_a_7.dot  e=  272 pre41 -> 0.446s v=1
[212/289] Human_GGT6_orthologues_DNA_k_4_l_2000_a_8.dot    e=  272 new   -> 0.221s v=1
[212/289] Human_GGT6_orthologues_DNA_k_4_l_2000_a_8.dot    e=  272 pre42 -> 0.476s v=1
[212/289] Human_GGT6_orthologues_DNA_k_4_l_2000_a_8.dot    e=  272 pre41 -> 0.466s v=1
[213/289] Human_RPS27A_orthologues_DNA_k_4_l_2000_a_8.dot  e=  272 new   -> 0.225s v=1
[213/289] Human_RPS27A_orthologues_DNA_k_4_l_2000_a_8.dot  e=  272 pre42 -> 0.453s v=1
[213/289] Human_RPS27A_orthologues_DNA_k_4_l_2000_a_8.dot  e=  272 pre41 -> 0.433s v=1
[214/289] Human_SHLD2_orthologues_DNA_k_4_l_2000_a_8.dot   e=  272 new   -> 0.215s v=1
[214/289] Human_SHLD2_orthologues_DNA_k_4_l_2000_a_8.dot   e=  272 pre42 -> 0.443s v=1
[214/289] Human_SHLD2_orthologues_DNA_k_4_l_2000_a_8.dot   e=  272 pre41 -> 0.434s v=1
[215/289] Human_SPA17_orthologues_DNA_k_4_l_2000_a_7.dot   e=  272 new   -> 0.221s v=1
[215/289] Human_SPA17_orthologues_DNA_k_4_l_2000_a_7.dot   e=  272 pre42 -> 0.447s v=1
[215/289] Human_SPA17_orthologues_DNA_k_4_l_2000_a_7.dot   e=  272 pre41 -> 0.443s v=1
[216/289] Human_SPA17_orthologues_DNA_k_4_l_2000_a_8.dot   e=  272 new   -> 0.213s v=1
[216/289] Human_SPA17_orthologues_DNA_k_4_l_2000_a_8.dot   e=  272 pre42 -> 0.444s v=1
[216/289] Human_SPA17_orthologues_DNA_k_4_l_2000_a_8.dot   e=  272 pre41 -> 0.430s v=1
[217/289] Human_TRPC1_orthologues_DNA_k_4_l_2000_a_6.dot   e=  272 new   -> 0.225s v=1
[217/289] Human_TRPC1_orthologues_DNA_k_4_l_2000_a_6.dot   e=  272 pre42 -> 0.460s v=1
[217/289] Human_TRPC1_orthologues_DNA_k_4_l_2000_a_6.dot   e=  272 pre41 -> 0.439s v=1
[218/289] Human_ZRANB3_orthologues_DNA_k_4_l_2000_a_7.dot  e=  272 new   -> 0.209s v=1
[218/289] Human_ZRANB3_orthologues_DNA_k_4_l_2000_a_7.dot  e=  272 pre42 -> 0.452s v=1
[218/289] Human_ZRANB3_orthologues_DNA_k_4_l_2000_a_7.dot  e=  272 pre41 -> 0.438s v=1
[219/289] Human_ANGPTL4_orthologues_DNA_k_4_l_2000_a_7.dot e=  273 new   -> 0.221s v=1
[219/289] Human_ANGPTL4_orthologues_DNA_k_4_l_2000_a_7.dot e=  273 pre42 -> 0.474s v=1
[219/289] Human_ANGPTL4_orthologues_DNA_k_4_l_2000_a_7.dot e=  273 pre41 -> 0.462s v=1
[220/289] Human_ANGPTL4_orthologues_DNA_k_4_l_2000_a_8.dot e=  273 new   -> 0.228s v=1
[220/289] Human_ANGPTL4_orthologues_DNA_k_4_l_2000_a_8.dot e=  273 pre42 -> 0.465s v=1
[220/289] Human_ANGPTL4_orthologues_DNA_k_4_l_2000_a_8.dot e=  273 pre41 -> 0.466s v=1
[221/289] Human_SLC22A2_orthologues_DNA_k_4_l_2000_a_8.dot e=  273 new   -> 0.218s v=1
[221/289] Human_SLC22A2_orthologues_DNA_k_4_l_2000_a_8.dot e=  273 pre42 -> 0.464s v=1
[221/289] Human_SLC22A2_orthologues_DNA_k_4_l_2000_a_8.dot e=  273 pre41 -> 0.456s v=1
[222/289] Human_FHIP1B_orthologues_DNA_k_4_l_2000_a_8.dot  e=  274 new   -> 0.230s v=1
[222/289] Human_FHIP1B_orthologues_DNA_k_4_l_2000_a_8.dot  e=  274 pre42 -> 0.478s v=1
[222/289] Human_FHIP1B_orthologues_DNA_k_4_l_2000_a_8.dot  e=  274 pre41 -> 0.459s v=1
[223/289] Human_TRPC1_orthologues_DNA_k_4_l_2000_a_7.dot   e=  274 new   -> 0.222s v=1
[223/289] Human_TRPC1_orthologues_DNA_k_4_l_2000_a_7.dot   e=  274 pre42 -> 0.472s v=1
[223/289] Human_TRPC1_orthologues_DNA_k_4_l_2000_a_7.dot   e=  274 pre41 -> 0.471s v=1
[224/289] Human_ZRANB3_orthologues_DNA_k_4_l_2000_a_8.dot  e=  274 new   -> 0.224s v=1
[224/289] Human_ZRANB3_orthologues_DNA_k_4_l_2000_a_8.dot  e=  274 pre42 -> 0.472s v=1
[224/289] Human_ZRANB3_orthologues_DNA_k_4_l_2000_a_8.dot  e=  274 pre41 -> 0.456s v=1
[225/289] Human_FAM53A_orthologues_DNA_k_4_l_2000_a_8.dot  e=  275 new   -> 0.223s v=1
[225/289] Human_FAM53A_orthologues_DNA_k_4_l_2000_a_8.dot  e=  275 pre42 -> 0.465s v=1
[225/289] Human_FAM53A_orthologues_DNA_k_4_l_2000_a_8.dot  e=  275 pre41 -> 0.461s v=1
[226/289] Human_TRPC1_orthologues_DNA_k_4_l_2000_a_8.dot   e=  275 new   -> 0.228s v=1
[226/289] Human_TRPC1_orthologues_DNA_k_4_l_2000_a_8.dot   e=  275 pre42 -> 0.482s v=1
[226/289] Human_TRPC1_orthologues_DNA_k_4_l_2000_a_8.dot   e=  275 pre41 -> 0.471s v=1
[227/289] Human_SLC38A9_orthologues_DNA_l_100_a_5.dot      e=  278 new   -> 1.499s v=-1
[227/289] Human_SLC38A9_orthologues_DNA_l_100_a_5.dot      e=  278 pre42 -> 1.504s v=-1
[227/289] Human_SLC38A9_orthologues_DNA_l_100_a_5.dot      e=  278 pre41 -> 2.085s v=-1
[228/289] Human_TUNAR_orthologues_DNA_l_300_a_6.dot        e=  284 new   -> 2.031s v=-1
[228/289] Human_TUNAR_orthologues_DNA_l_300_a_6.dot        e=  284 pre42 -> 2.042s v=-1
[228/289] Human_TUNAR_orthologues_DNA_l_300_a_6.dot        e=  284 pre41 -> 2.931s v=-1
[229/289] Human_TUNAR_orthologues_DNA_l_500_a_6.dot        e=  284 new   -> 2.016s v=-1
[229/289] Human_TUNAR_orthologues_DNA_l_500_a_6.dot        e=  284 pre42 -> 2.081s v=-1
[229/289] Human_TUNAR_orthologues_DNA_l_500_a_6.dot        e=  284 pre41 -> 2.943s v=-1
[230/289] Human_DOCK4_orthologues_DNA_l_300_a_4.dot        e=  299 new   -> 4.744s v=1
[230/289] Human_DOCK4_orthologues_DNA_l_300_a_4.dot        e=  299 pre42 -> 5.155s v=1
[230/289] Human_DOCK4_orthologues_DNA_l_300_a_4.dot        e=  299 pre41 -> 6.089s v=1
[231/289] Human_DOCK4_orthologues_DNA_l_300_a_5.dot        e=  299 new   -> 5.074s v=1
[231/289] Human_DOCK4_orthologues_DNA_l_300_a_5.dot        e=  299 pre42 -> 5.350s v=1
[231/289] Human_DOCK4_orthologues_DNA_l_300_a_5.dot        e=  299 pre41 -> 6.451s v=1
[232/289] Human_ANGPTL4_orthologues_DNA_l_100_a_6.dot      e=  301 new   -> 1.786s v=-1
[232/289] Human_ANGPTL4_orthologues_DNA_l_100_a_6.dot      e=  301 pre42 -> 1.783s v=-1
[232/289] Human_ANGPTL4_orthologues_DNA_l_100_a_6.dot      e=  301 pre41 -> 2.405s v=-1
[233/289] Human_SLC38A9_orthologues_DNA_l_100_a_6.dot      e=  310 new   -> 1.868s v=-1
[233/289] Human_SLC38A9_orthologues_DNA_l_100_a_6.dot      e=  310 pre42 -> 1.859s v=-1
[233/289] Human_SLC38A9_orthologues_DNA_l_100_a_6.dot      e=  310 pre41 -> 2.497s v=-1
[234/289] Human_TUNAR_orthologues_DNA_k_5_l_2000_a_6.dot   e=  328 new   -> 1.945s v=1
[234/289] Human_TUNAR_orthologues_DNA_k_5_l_2000_a_6.dot   e=  328 pre42 -> 1.916s v=1
[234/289] Human_TUNAR_orthologues_DNA_k_5_l_2000_a_6.dot   e=  328 pre41 -> 2.510s v=1
[235/289] Human_STAU2_orthologues_DNA_l_300_a_6.dot        e=  332 new   -> 4.015s v=-1
[235/289] Human_STAU2_orthologues_DNA_l_300_a_6.dot        e=  332 pre42 -> 3.990s v=-1
[235/289] Human_STAU2_orthologues_DNA_l_300_a_6.dot        e=  332 pre41 -> 6.461s v=-1
[236/289] Human_STAU2_orthologues_DNA_l_300_a_4.dot        e=  333 new   -> 4.033s v=-1
[236/289] Human_STAU2_orthologues_DNA_l_300_a_4.dot        e=  333 pre42 -> 4.005s v=-1
[236/289] Human_STAU2_orthologues_DNA_l_300_a_4.dot        e=  333 pre41 -> 6.111s v=-1
[237/289] Human_TUNAR_orthologues_DNA_k_5_l_2000_a_7.dot   e=  354 new   -> 2.306s v=1
[237/289] Human_TUNAR_orthologues_DNA_k_5_l_2000_a_7.dot   e=  354 pre42 -> 2.180s v=1
[237/289] Human_TUNAR_orthologues_DNA_k_5_l_2000_a_7.dot   e=  354 pre41 -> 2.788s v=1
[238/289] Human_TUNAR_orthologues_DNA_k_5_l_2000_a_8.dot   e=  360 new   -> 2.214s v=1
[238/289] Human_TUNAR_orthologues_DNA_k_5_l_2000_a_8.dot   e=  360 pre42 -> 2.230s v=1
[238/289] Human_TUNAR_orthologues_DNA_k_5_l_2000_a_8.dot   e=  360 pre41 -> 2.842s v=1
[239/289] Human_LEAP2_orthologues_DNA_l_300_a_4.dot        e=  373 new   -> 4.119s v=-1
[239/289] Human_LEAP2_orthologues_DNA_l_300_a_4.dot        e=  373 pre42 -> 4.111s v=-1
[239/289] Human_LEAP2_orthologues_DNA_l_300_a_4.dot        e=  373 pre41 -> 6.692s v=-1
[240/289] Human_LEAP2_orthologues_DNA_l_500_a_4.dot        e=  373 new   -> 4.547s v=-1
[240/289] Human_LEAP2_orthologues_DNA_l_500_a_4.dot        e=  373 pre42 -> 3.996s v=-1
[240/289] Human_LEAP2_orthologues_DNA_l_500_a_4.dot        e=  373 pre41 -> 6.434s v=-1
[241/289] Human_SPA17_orthologues_DNA_l_300_a_5.dot        e=  390 new   -> 5.415s v=-1
[241/289] Human_SPA17_orthologues_DNA_l_300_a_5.dot        e=  390 pre42 -> 5.682s v=-1
[241/289] Human_SPA17_orthologues_DNA_l_300_a_5.dot        e=  390 pre41 -> 8.810s v=-1
[242/289] Human_LEAP2_orthologues_DNA_l_300_a_5.dot        e=  391 new   -> 4.592s v=-1
[242/289] Human_LEAP2_orthologues_DNA_l_300_a_5.dot        e=  391 pre42 -> 4.684s v=-1
[242/289] Human_LEAP2_orthologues_DNA_l_300_a_5.dot        e=  391 pre41 -> 6.828s v=-1
[243/289] Human_LEAP2_orthologues_DNA_l_500_a_5.dot        e=  391 new   -> 4.707s v=-1
[243/289] Human_LEAP2_orthologues_DNA_l_500_a_5.dot        e=  391 pre42 -> 4.372s v=-1
[243/289] Human_LEAP2_orthologues_DNA_l_500_a_5.dot        e=  391 pre41 -> 6.745s v=-1
[244/289] Human_RPS27A_orthologues_DNA_l_300_a_4.dot       e=  398 new   -> 5.748s v=-1
[244/289] Human_RPS27A_orthologues_DNA_l_300_a_4.dot       e=  398 pre42 -> 5.678s v=-1
[244/289] Human_RPS27A_orthologues_DNA_l_300_a_4.dot       e=  398 pre41 -> 9.718s v=-1
[245/289] Human_SPA17_orthologues_DNA_l_300_a_6.dot        e=  398 new   -> 5.735s v=-1
[245/289] Human_SPA17_orthologues_DNA_l_300_a_6.dot        e=  398 pre42 -> 5.672s v=-1
[245/289] Human_SPA17_orthologues_DNA_l_300_a_6.dot        e=  398 pre41 -> 9.413s v=-1
[246/289] Human_LEAP2_orthologues_DNA_l_300_a_6.dot        e=  403 new   -> 4.552s v=-1
[246/289] Human_LEAP2_orthologues_DNA_l_300_a_6.dot        e=  403 pre42 -> 4.554s v=-1
[246/289] Human_LEAP2_orthologues_DNA_l_300_a_6.dot        e=  403 pre41 -> 6.970s v=-1
[247/289] Human_LEAP2_orthologues_DNA_l_500_a_6.dot        e=  403 new   -> 4.886s v=-1
[247/289] Human_LEAP2_orthologues_DNA_l_500_a_6.dot        e=  403 pre42 -> 4.925s v=-1
[247/289] Human_LEAP2_orthologues_DNA_l_500_a_6.dot        e=  403 pre41 -> 7.475s v=-1
[248/289] Human_STAU2_orthologues_DNA_l_300_a_5.dot        e=  408 new   -> 6.195s v=-1
[248/289] Human_STAU2_orthologues_DNA_l_300_a_5.dot        e=  408 pre42 -> 6.181s v=-1
[248/289] Human_STAU2_orthologues_DNA_l_300_a_5.dot        e=  408 pre41 -> 10.177s v=-1
[249/289] Human_RPS27A_orthologues_DNA_l_300_a_5.dot       e=  411 new   -> 6.118s v=-1
[249/289] Human_RPS27A_orthologues_DNA_l_300_a_5.dot       e=  411 pre42 -> 6.248s v=-1
[249/289] Human_RPS27A_orthologues_DNA_l_300_a_5.dot       e=  411 pre41 -> 9.798s v=-1
[250/289] Human_OR10G8_orthologues_DNA_l_300_a_4.dot       e=  412 new   -> 5.661s v=-1
[250/289] Human_OR10G8_orthologues_DNA_l_300_a_4.dot       e=  412 pre42 -> 5.613s v=-1
[250/289] Human_OR10G8_orthologues_DNA_l_300_a_4.dot       e=  412 pre41 -> 9.048s v=-1
[251/289] Human_DOCK4_orthologues_DNA_l_300_a_6.dot        e=  422 new   -> 7.290s v=-1
[251/289] Human_DOCK4_orthologues_DNA_l_300_a_6.dot        e=  422 pre42 -> 6.964s v=-1
[251/289] Human_DOCK4_orthologues_DNA_l_300_a_6.dot        e=  422 pre41 -> 10.564s v=-1
[252/289] Human_ELSPBP1_orthologues_DNA_l_300_a_4.dot      e=  427 new   -> 6.197s v=-1
[252/289] Human_ELSPBP1_orthologues_DNA_l_300_a_4.dot      e=  427 pre42 -> 5.864s v=-1
[252/289] Human_ELSPBP1_orthologues_DNA_l_300_a_4.dot      e=  427 pre41 -> 9.581s v=-1
[253/289] Human_RPS27A_orthologues_DNA_l_300_a_6.dot       e=  428 new   -> 6.340s v=-1
[253/289] Human_RPS27A_orthologues_DNA_l_300_a_6.dot       e=  428 pre42 -> 6.584s v=-1
[253/289] Human_RPS27A_orthologues_DNA_l_300_a_6.dot       e=  428 pre41 -> 11.260s v=-1
[254/289] Human_LEAP2_orthologues_DNA_k_5_l_2000_a_6.dot   e=  450 new   -> 3.890s v=1
[254/289] Human_LEAP2_orthologues_DNA_k_5_l_2000_a_6.dot   e=  450 pre42 -> 3.517s v=1
[254/289] Human_LEAP2_orthologues_DNA_k_5_l_2000_a_6.dot   e=  450 pre41 -> 4.561s v=1
[255/289] Human_OR10G8_orthologues_DNA_l_300_a_5.dot       e=  457 new   -> 6.520s v=-1
[255/289] Human_OR10G8_orthologues_DNA_l_300_a_5.dot       e=  457 pre42 -> 6.453s v=-1
[255/289] Human_OR10G8_orthologues_DNA_l_300_a_5.dot       e=  457 pre41 -> 11.386s v=-1
[256/289] Human_FHIP1B_orthologues_DNA_l_300_a_4.dot       e=  465 new   -> 7.781s v=-1
[256/289] Human_FHIP1B_orthologues_DNA_l_300_a_4.dot       e=  465 pre42 -> 7.692s v=-1
[256/289] Human_FHIP1B_orthologues_DNA_l_300_a_4.dot       e=  465 pre41 -> 12.978s v=-1
[257/289] Human_OR10G8_orthologues_DNA_l_300_a_6.dot       e=  473 new   -> 7.268s v=-1
[257/289] Human_OR10G8_orthologues_DNA_l_300_a_6.dot       e=  473 pre42 -> 6.858s v=-1
[257/289] Human_OR10G8_orthologues_DNA_l_300_a_6.dot       e=  473 pre41 -> 12.271s v=-1
[258/289] Human_UBE2L5_orthologues_DNA_l_300_a_4.dot       e=  473 new   -> 7.273s v=-1
[258/289] Human_UBE2L5_orthologues_DNA_l_300_a_4.dot       e=  473 pre42 -> 7.371s v=-1
[258/289] Human_UBE2L5_orthologues_DNA_l_300_a_4.dot       e=  473 pre41 -> 12.576s v=-1
[259/289] Human_LEAP2_orthologues_DNA_k_5_l_2000_a_7.dot   e=  475 new   -> 4.408s v=1
[259/289] Human_LEAP2_orthologues_DNA_k_5_l_2000_a_7.dot   e=  475 pre42 -> 4.024s v=1
[259/289] Human_LEAP2_orthologues_DNA_k_5_l_2000_a_7.dot   e=  475 pre41 -> 5.113s v=1
[260/289] Human_ELSPBP1_orthologues_DNA_l_300_a_5.dot      e=  482 new   -> 7.314s v=-1
[260/289] Human_ELSPBP1_orthologues_DNA_l_300_a_5.dot      e=  482 pre42 -> 7.825s v=-1
[260/289] Human_ELSPBP1_orthologues_DNA_l_300_a_5.dot      e=  482 pre41 -> 13.207s v=-1
[261/289] Human_SLC22A2_orthologues_DNA_l_300_a_4.dot      e=  484 new   -> 9.390s v=-1
[261/289] Human_SLC22A2_orthologues_DNA_l_300_a_4.dot      e=  484 pre42 -> 8.525s v=-1
[261/289] Human_SLC22A2_orthologues_DNA_l_300_a_4.dot      e=  484 pre41 -> 14.780s v=-1
[262/289] Human_SLC22A2_orthologues_DNA_l_300_a_5.dot      e=  486 new   -> 8.948s v=-1
[262/289] Human_SLC22A2_orthologues_DNA_l_300_a_5.dot      e=  486 pre42 -> 9.072s v=-1
[262/289] Human_SLC22A2_orthologues_DNA_l_300_a_5.dot      e=  486 pre41 -> 15.272s v=-1
[263/289] Human_SLC22A2_orthologues_DNA_l_300_a_6.dot      e=  486 new   -> 9.815s v=-1
[263/289] Human_SLC22A2_orthologues_DNA_l_300_a_6.dot      e=  486 pre42 -> 8.941s v=-1
[263/289] Human_SLC22A2_orthologues_DNA_l_300_a_6.dot      e=  486 pre41 -> 15.223s v=-1
[264/289] Human_FAM53A_orthologues_DNA_l_300_a_5.dot       e=  496 new   -> 6.759s v=-1
[264/289] Human_FAM53A_orthologues_DNA_l_300_a_5.dot       e=  496 pre42 -> 6.450s v=-1
[264/289] Human_FAM53A_orthologues_DNA_l_300_a_5.dot       e=  496 pre41 -> 11.211s v=-1
[265/289] Human_FHIP1B_orthologues_DNA_l_300_a_5.dot       e=  497 new   -> 9.087s v=-1
[265/289] Human_FHIP1B_orthologues_DNA_l_300_a_5.dot       e=  497 pre42 -> 9.296s v=-1
[265/289] Human_FHIP1B_orthologues_DNA_l_300_a_5.dot       e=  497 pre41 -> 14.756s v=-1
[266/289] Human_FHIP1B_orthologues_DNA_l_300_a_6.dot       e=  497 new   -> 9.671s v=-1
[266/289] Human_FHIP1B_orthologues_DNA_l_300_a_6.dot       e=  497 pre42 -> 8.928s v=-1
[266/289] Human_FHIP1B_orthologues_DNA_l_300_a_6.dot       e=  497 pre41 -> 14.827s v=-1
[267/289] Human_LEAP2_orthologues_DNA_k_5_l_2000_a_8.dot   e=  499 new   -> 5.382s v=1
[267/289] Human_LEAP2_orthologues_DNA_k_5_l_2000_a_8.dot   e=  499 pre42 -> 4.769s v=1
[267/289] Human_LEAP2_orthologues_DNA_k_5_l_2000_a_8.dot   e=  499 pre41 -> 5.388s v=1
[268/289] Human_SPA17_orthologues_DNA_l_300_a_4.dot        e=  501 new   -> 10.317s v=-1
[268/289] Human_SPA17_orthologues_DNA_l_300_a_4.dot        e=  501 pre42 -> 10.553s v=-1
[268/289] Human_SPA17_orthologues_DNA_l_300_a_4.dot        e=  501 pre41 -> 17.759s v=-1
[269/289] Human_UBE2L5_orthologues_DNA_l_300_a_5.dot       e=  518 new   -> 8.769s v=-1
[269/289] Human_UBE2L5_orthologues_DNA_l_300_a_5.dot       e=  518 pre42 -> 9.188s v=-1
[269/289] Human_UBE2L5_orthologues_DNA_l_300_a_5.dot       e=  518 pre41 -> 14.405s v=-1
[270/289] Human_TRPC1_orthologues_DNA_l_300_a_4.dot        e=  525 new   -> 9.387s v=-1
[270/289] Human_TRPC1_orthologues_DNA_l_300_a_4.dot        e=  525 pre42 -> 9.577s v=-1
[270/289] Human_TRPC1_orthologues_DNA_l_300_a_4.dot        e=  525 pre41 -> 15.773s v=-1
[271/289] Human_TRPC1_orthologues_DNA_l_300_a_5.dot        e=  525 new   -> 9.836s v=-1
[271/289] Human_TRPC1_orthologues_DNA_l_300_a_5.dot        e=  525 pre42 -> 9.257s v=-1
[271/289] Human_TRPC1_orthologues_DNA_l_300_a_5.dot        e=  525 pre41 -> 15.728s v=-1
[272/289] Human_UBE2L5_orthologues_DNA_l_300_a_6.dot       e=  542 new   -> 9.959s v=-1
[272/289] Human_UBE2L5_orthologues_DNA_l_300_a_6.dot       e=  542 pre42 -> 9.822s v=-1
[272/289] Human_UBE2L5_orthologues_DNA_l_300_a_6.dot       e=  542 pre41 -> 16.005s v=-1
[273/289] Human_C17orf67_orthologues_DNA_k_5_l_2000_a_8.do e=  691 new   -> 6.292s v=1
[273/289] Human_C17orf67_orthologues_DNA_k_5_l_2000_a_8.do e=  691 pre42 -> 7.740s v=1
[273/289] Human_C17orf67_orthologues_DNA_k_5_l_2000_a_8.do e=  691 pre41 -> 8.160s v=1
[274/289] Human_RPS27A_orthologues_DNA_k_5_l_2000_a_8.dot  e=  843 new   -> 7.496s v=1
[274/289] Human_RPS27A_orthologues_DNA_k_5_l_2000_a_8.dot  e=  843 pre42 -> 11.768s v=1
[274/289] Human_RPS27A_orthologues_DNA_k_5_l_2000_a_8.dot  e=  843 pre41 -> 12.292s v=1
[275/289] Human_OR10G8_orthologues_DNA_k_5_l_2000_a_7.dot  e=  858 new   -> 8.119s v=1
[275/289] Human_OR10G8_orthologues_DNA_k_5_l_2000_a_7.dot  e=  858 pre42 -> 12.242s v=1
[275/289] Human_OR10G8_orthologues_DNA_k_5_l_2000_a_7.dot  e=  858 pre41 -> 12.356s v=1
[276/289] Human_FAM53A_orthologues_DNA_k_5_l_2000_a_6.dot  e=  896 new   -> 7.618s v=1
[276/289] Human_FAM53A_orthologues_DNA_k_5_l_2000_a_6.dot  e=  896 pre42 -> 12.761s v=1
[276/289] Human_FAM53A_orthologues_DNA_k_5_l_2000_a_6.dot  e=  896 pre41 -> 13.173s v=1
[277/289] Human_TRAM1_orthologues_DNA_k_5_l_2000_a_6.dot   e=  953 new   -> 7.192s v=1
[277/289] Human_TRAM1_orthologues_DNA_k_5_l_2000_a_6.dot   e=  953 pre42 -> 13.626s v=1
[277/289] Human_TRAM1_orthologues_DNA_k_5_l_2000_a_6.dot   e=  953 pre41 -> 13.778s v=1
[278/289] Human_ANGPTL4_orthologues_DNA_k_5_l_2000_a_6.dot e=  955 new   -> 7.822s v=1
[278/289] Human_ANGPTL4_orthologues_DNA_k_5_l_2000_a_6.dot e=  955 pre42 -> 13.311s v=1
[278/289] Human_ANGPTL4_orthologues_DNA_k_5_l_2000_a_6.dot e=  955 pre41 -> 13.937s v=1
[279/289] Human_SPA17_orthologues_DNA_k_5_l_2000_a_8.dot   e=  987 new   -> 7.672s v=1
[279/289] Human_SPA17_orthologues_DNA_k_5_l_2000_a_8.dot   e=  987 pre42 -> 14.873s v=1
[279/289] Human_SPA17_orthologues_DNA_k_5_l_2000_a_8.dot   e=  987 pre41 -> 14.411s v=1
[280/289] Human_BTBD17_orthologues_DNA_k_5_l_2000_a_7.dot  e= 1008 new   -> 7.586s v=1
[280/289] Human_BTBD17_orthologues_DNA_k_5_l_2000_a_7.dot  e= 1008 pre42 -> 14.238s v=1
[280/289] Human_BTBD17_orthologues_DNA_k_5_l_2000_a_7.dot  e= 1008 pre41 -> 14.960s v=1
[281/289] Human_SLC22A2_orthologues_DNA_k_5_l_2000_a_6.dot e= 1008 new   -> 7.204s v=1
[281/289] Human_SLC22A2_orthologues_DNA_k_5_l_2000_a_6.dot e= 1008 pre42 -> 14.175s v=1
[281/289] Human_SLC22A2_orthologues_DNA_k_5_l_2000_a_6.dot e= 1008 pre41 -> 14.972s v=1
[282/289] Human_DCSTAMP_orthologues_DNA_k_5_l_2000_a_7.dot e= 1019 new   -> 8.122s v=1
[282/289] Human_DCSTAMP_orthologues_DNA_k_5_l_2000_a_7.dot e= 1019 pre42 -> 14.469s v=1
[282/289] Human_DCSTAMP_orthologues_DNA_k_5_l_2000_a_7.dot e= 1019 pre41 -> 14.779s v=1
[283/289] Human_FHIP1B_orthologues_DNA_k_5_l_2000_a_7.dot  e= 1022 new   -> 7.962s v=1
[283/289] Human_FHIP1B_orthologues_DNA_k_5_l_2000_a_7.dot  e= 1022 pre42 -> 15.081s v=1
[283/289] Human_FHIP1B_orthologues_DNA_k_5_l_2000_a_7.dot  e= 1022 pre41 -> 16.133s v=1
[284/289] Human_CLPX_orthologues_DNA_k_5_l_2000_a_6.dot    e= 1031 new   -> 8.265s v=1
[284/289] Human_CLPX_orthologues_DNA_k_5_l_2000_a_6.dot    e= 1031 pre42 -> 15.131s v=1
[284/289] Human_CLPX_orthologues_DNA_k_5_l_2000_a_6.dot    e= 1031 pre41 -> 15.129s v=1
[285/289] Human_SLC38A9_orthologues_DNA_k_5_l_2000_a_7.dot e= 1033 new   -> 7.676s v=1
[285/289] Human_SLC38A9_orthologues_DNA_k_5_l_2000_a_7.dot e= 1033 pre42 -> 14.060s v=1
[285/289] Human_SLC38A9_orthologues_DNA_k_5_l_2000_a_7.dot e= 1033 pre41 -> 14.965s v=1
[286/289] Human_GGT6_orthologues_DNA_k_5_l_2000_a_8.dot    e= 1034 new   -> 8.248s v=1
[286/289] Human_GGT6_orthologues_DNA_k_5_l_2000_a_8.dot    e= 1034 pre42 -> 15.604s v=1
[286/289] Human_GGT6_orthologues_DNA_k_5_l_2000_a_8.dot    e= 1034 pre41 -> 15.542s v=1
[287/289] Human_ZRANB3_orthologues_DNA_k_5_l_2000_a_6.dot  e= 1040 new   -> 8.253s v=1
[287/289] Human_ZRANB3_orthologues_DNA_k_5_l_2000_a_6.dot  e= 1040 pre42 -> 15.006s v=1
[287/289] Human_ZRANB3_orthologues_DNA_k_5_l_2000_a_6.dot  e= 1040 pre41 -> 16.164s v=1
[288/289] Human_TRPC1_orthologues_DNA_k_5_l_2000_a_7.dot   e= 1045 new   -> 8.119s v=1
[288/289] Human_TRPC1_orthologues_DNA_k_5_l_2000_a_7.dot   e= 1045 pre42 -> 15.418s v=1
[288/289] Human_TRPC1_orthologues_DNA_k_5_l_2000_a_7.dot   e= 1045 pre41 -> 16.774s v=1
[289/289] Human_DOCK4_orthologues_DNA_k_5_l_2000_a_8.dot   e= 1046 new   -> 7.743s v=1
[289/289] Human_DOCK4_orthologues_DNA_k_5_l_2000_a_8.dot   e= 1046 pre42 -> 15.502s v=1
[289/289] Human_DOCK4_orthologues_DNA_k_5_l_2000_a_8.dot   e= 1046 pre41 -> 16.177s v=1

wrote benchmark/report_figs/data/ftiming_dna2.raw.jsonl
wrote benchmark/report_figs/data/ftiming_dna2.csv
DONE_DNA2
