######## S3-DNA  DeBruijnG_DNA + RevDetG_DNA ########
binaries : ['new', 'pre42', 'pre41']
graphs   : 450  (edge range 66..1490)
timeout  : 90.0s   replicates 3

[1/450] Human_TUNAR_orthologues_DNA_k_3_l_2000_a_6.dot   e=   66 new   -> 0.034s v=1
[1/450] Human_TUNAR_orthologues_DNA_k_3_l_2000_a_6.dot   e=   66 pre42 -> 0.036s v=1
[1/450] Human_TUNAR_orthologues_DNA_k_3_l_2000_a_6.dot   e=   66 pre41 -> 0.036s v=1
[2/450] Human_TUNAR_orthologues_DNA_k_3_l_2000_a_7.dot   e=   66 new   -> 0.035s v=1
[2/450] Human_TUNAR_orthologues_DNA_k_3_l_2000_a_7.dot   e=   66 pre42 -> 0.036s v=1
[2/450] Human_TUNAR_orthologues_DNA_k_3_l_2000_a_7.dot   e=   66 pre41 -> 0.037s v=1
[3/450] Human_TUNAR_orthologues_DNA_k_3_l_2000_a_8.dot   e=   66 new   -> 0.035s v=1
[3/450] Human_TUNAR_orthologues_DNA_k_3_l_2000_a_8.dot   e=   66 pre42 -> 0.036s v=1
[3/450] Human_TUNAR_orthologues_DNA_k_3_l_2000_a_8.dot   e=   66 pre41 -> 0.036s v=1
[4/450] Human_UBE2L5_orthologues_DNA_k_3_l_2000_a_6.dot  e=   66 new   -> 0.034s v=1
[4/450] Human_UBE2L5_orthologues_DNA_k_3_l_2000_a_6.dot  e=   66 pre42 -> 0.037s v=1
[4/450] Human_UBE2L5_orthologues_DNA_k_3_l_2000_a_6.dot  e=   66 pre41 -> 0.037s v=1
[5/450] Human_UBE2L5_orthologues_DNA_k_3_l_2000_a_7.dot  e=   66 new   -> 0.034s v=1
[5/450] Human_UBE2L5_orthologues_DNA_k_3_l_2000_a_7.dot  e=   66 pre42 -> 0.036s v=1
[5/450] Human_UBE2L5_orthologues_DNA_k_3_l_2000_a_7.dot  e=   66 pre41 -> 0.036s v=1
[6/450] Human_LEAP2_orthologues_DNA_k_3_l_2000_a_6.dot   e=   68 new   -> 0.036s v=1
[6/450] Human_LEAP2_orthologues_DNA_k_3_l_2000_a_6.dot   e=   68 pre42 -> 0.038s v=1
[6/450] Human_LEAP2_orthologues_DNA_k_3_l_2000_a_6.dot   e=   68 pre41 -> 0.038s v=1
[7/450] Human_LEAP2_orthologues_DNA_k_3_l_2000_a_7.dot   e=   68 new   -> 0.036s v=1
[7/450] Human_LEAP2_orthologues_DNA_k_3_l_2000_a_7.dot   e=   68 pre42 -> 0.038s v=1
[7/450] Human_LEAP2_orthologues_DNA_k_3_l_2000_a_7.dot   e=   68 pre41 -> 0.038s v=1
[8/450] Human_LEAP2_orthologues_DNA_k_3_l_2000_a_8.dot   e=   68 new   -> 0.036s v=1
[8/450] Human_LEAP2_orthologues_DNA_k_3_l_2000_a_8.dot   e=   68 pre42 -> 0.038s v=1
[8/450] Human_LEAP2_orthologues_DNA_k_3_l_2000_a_8.dot   e=   68 pre41 -> 0.038s v=1
[9/450] Human_SLC38A9_orthologues_DNA_k_3_l_2000_a_6.dot e=   68 new   -> 0.036s v=1
[9/450] Human_SLC38A9_orthologues_DNA_k_3_l_2000_a_6.dot e=   68 pre42 -> 0.038s v=1
[9/450] Human_SLC38A9_orthologues_DNA_k_3_l_2000_a_6.dot e=   68 pre41 -> 0.038s v=1
[10/450] Human_SLC38A9_orthologues_DNA_k_3_l_2000_a_7.dot e=   68 new   -> 0.035s v=1
[10/450] Human_SLC38A9_orthologues_DNA_k_3_l_2000_a_7.dot e=   68 pre42 -> 0.038s v=1
[10/450] Human_SLC38A9_orthologues_DNA_k_3_l_2000_a_7.dot e=   68 pre41 -> 0.038s v=1
[11/450] Human_LCP1_orthologues_DNA_k_3_l_2000_a_6.dot    e=   69 new   -> 0.034s v=1
[11/450] Human_LCP1_orthologues_DNA_k_3_l_2000_a_6.dot    e=   69 pre42 -> 0.038s v=1
[11/450] Human_LCP1_orthologues_DNA_k_3_l_2000_a_6.dot    e=   69 pre41 -> 0.039s v=1
[12/450] Human_LCP1_orthologues_DNA_k_3_l_2000_a_7.dot    e=   69 new   -> 0.034s v=1
[12/450] Human_LCP1_orthologues_DNA_k_3_l_2000_a_7.dot    e=   69 pre42 -> 0.039s v=1
[12/450] Human_LCP1_orthologues_DNA_k_3_l_2000_a_7.dot    e=   69 pre41 -> 0.038s v=1
[13/450] Human_LCP1_orthologues_DNA_k_3_l_2000_a_8.dot    e=   69 new   -> 0.034s v=1
[13/450] Human_LCP1_orthologues_DNA_k_3_l_2000_a_8.dot    e=   69 pre42 -> 0.039s v=1
[13/450] Human_LCP1_orthologues_DNA_k_3_l_2000_a_8.dot    e=   69 pre41 -> 0.038s v=1
[14/450] Human_RPS27A_orthologues_DNA_k_3_l_2000_a_6.dot  e=   70 new   -> 0.035s v=1
[14/450] Human_RPS27A_orthologues_DNA_k_3_l_2000_a_6.dot  e=   70 pre42 -> 0.040s v=1
[14/450] Human_RPS27A_orthologues_DNA_k_3_l_2000_a_6.dot  e=   70 pre41 -> 0.041s v=1
[15/450] Human_RPS27A_orthologues_DNA_k_3_l_2000_a_7.dot  e=   70 new   -> 0.035s v=1
[15/450] Human_RPS27A_orthologues_DNA_k_3_l_2000_a_7.dot  e=   70 pre42 -> 0.040s v=1
[15/450] Human_RPS27A_orthologues_DNA_k_3_l_2000_a_7.dot  e=   70 pre41 -> 0.040s v=1
[16/450] Human_SLC38A9_orthologues_DNA_k_3_l_2000_a_8.dot e=   70 new   -> 0.036s v=1
[16/450] Human_SLC38A9_orthologues_DNA_k_3_l_2000_a_8.dot e=   70 pre42 -> 0.039s v=1
[16/450] Human_SLC38A9_orthologues_DNA_k_3_l_2000_a_8.dot e=   70 pre41 -> 0.040s v=1
[17/450] Human_TRAM1_orthologues_DNA_k_3_l_2000_a_6.dot   e=   70 new   -> 0.036s v=1
[17/450] Human_TRAM1_orthologues_DNA_k_3_l_2000_a_6.dot   e=   70 pre42 -> 0.040s v=1
[17/450] Human_TRAM1_orthologues_DNA_k_3_l_2000_a_6.dot   e=   70 pre41 -> 0.039s v=1
[18/450] Human_TRAM1_orthologues_DNA_k_3_l_2000_a_7.dot   e=   70 new   -> 0.036s v=1
[18/450] Human_TRAM1_orthologues_DNA_k_3_l_2000_a_7.dot   e=   70 pre42 -> 0.039s v=1
[18/450] Human_TRAM1_orthologues_DNA_k_3_l_2000_a_7.dot   e=   70 pre41 -> 0.040s v=1
[19/450] Human_TRAM1_orthologues_DNA_k_3_l_2000_a_8.dot   e=   70 new   -> 0.036s v=1
[19/450] Human_TRAM1_orthologues_DNA_k_3_l_2000_a_8.dot   e=   70 pre42 -> 0.039s v=1
[19/450] Human_TRAM1_orthologues_DNA_k_3_l_2000_a_8.dot   e=   70 pre41 -> 0.041s v=1
[20/450] Human_BTBD17_orthologues_DNA_k_3_l_2000_a_6.dot  e=   71 new   -> 0.036s v=1
[20/450] Human_BTBD17_orthologues_DNA_k_3_l_2000_a_6.dot  e=   71 pre42 -> 0.040s v=1
[20/450] Human_BTBD17_orthologues_DNA_k_3_l_2000_a_6.dot  e=   71 pre41 -> 0.040s v=1
[21/450] Human_BTBD17_orthologues_DNA_k_3_l_2000_a_7.dot  e=   71 new   -> 0.036s v=1
[21/450] Human_BTBD17_orthologues_DNA_k_3_l_2000_a_7.dot  e=   71 pre42 -> 0.040s v=1
[21/450] Human_BTBD17_orthologues_DNA_k_3_l_2000_a_7.dot  e=   71 pre41 -> 0.040s v=1
[22/450] Human_CEP57L1_orthologues_DNA_k_3_l_2000_a_6.dot e=   71 new   -> 0.038s v=1
[22/450] Human_CEP57L1_orthologues_DNA_k_3_l_2000_a_6.dot e=   71 pre42 -> 0.040s v=1
[22/450] Human_CEP57L1_orthologues_DNA_k_3_l_2000_a_6.dot e=   71 pre41 -> 0.040s v=1
[23/450] Human_CLPX_orthologues_DNA_k_3_l_2000_a_6.dot    e=   71 new   -> 0.037s v=1
[23/450] Human_CLPX_orthologues_DNA_k_3_l_2000_a_6.dot    e=   71 pre42 -> 0.040s v=1
[23/450] Human_CLPX_orthologues_DNA_k_3_l_2000_a_6.dot    e=   71 pre41 -> 0.040s v=1
[24/450] Human_CLPX_orthologues_DNA_k_3_l_2000_a_7.dot    e=   71 new   -> 0.036s v=1
[24/450] Human_CLPX_orthologues_DNA_k_3_l_2000_a_7.dot    e=   71 pre42 -> 0.040s v=1
[24/450] Human_CLPX_orthologues_DNA_k_3_l_2000_a_7.dot    e=   71 pre41 -> 0.040s v=1
[25/450] Human_CLPX_orthologues_DNA_k_3_l_2000_a_8.dot    e=   71 new   -> 0.036s v=1
[25/450] Human_CLPX_orthologues_DNA_k_3_l_2000_a_8.dot    e=   71 pre42 -> 0.040s v=1
[25/450] Human_CLPX_orthologues_DNA_k_3_l_2000_a_8.dot    e=   71 pre41 -> 0.040s v=1
[26/450] Human_DCSTAMP_orthologues_DNA_k_3_l_2000_a_6.dot e=   71 new   -> 0.036s v=1
[26/450] Human_DCSTAMP_orthologues_DNA_k_3_l_2000_a_6.dot e=   71 pre42 -> 0.040s v=1
[26/450] Human_DCSTAMP_orthologues_DNA_k_3_l_2000_a_6.dot e=   71 pre41 -> 0.040s v=1
[27/450] Human_DOCK4_orthologues_DNA_k_3_l_2000_a_6.dot   e=   71 new   -> 0.036s v=1
[27/450] Human_DOCK4_orthologues_DNA_k_3_l_2000_a_6.dot   e=   71 pre42 -> 0.040s v=1
[27/450] Human_DOCK4_orthologues_DNA_k_3_l_2000_a_6.dot   e=   71 pre41 -> 0.040s v=1
[28/450] Human_DOCK4_orthologues_DNA_k_3_l_2000_a_7.dot   e=   71 new   -> 0.037s v=1
[28/450] Human_DOCK4_orthologues_DNA_k_3_l_2000_a_7.dot   e=   71 pre42 -> 0.040s v=1
[28/450] Human_DOCK4_orthologues_DNA_k_3_l_2000_a_7.dot   e=   71 pre41 -> 0.040s v=1
[29/450] Human_ELSPBP1_orthologues_DNA_k_3_l_2000_a_6.dot e=   71 new   -> 0.036s v=1
[29/450] Human_ELSPBP1_orthologues_DNA_k_3_l_2000_a_6.dot e=   71 pre42 -> 0.040s v=1
[29/450] Human_ELSPBP1_orthologues_DNA_k_3_l_2000_a_6.dot e=   71 pre41 -> 0.040s v=1
[30/450] Human_ELSPBP1_orthologues_DNA_k_3_l_2000_a_7.dot e=   71 new   -> 0.036s v=1
[30/450] Human_ELSPBP1_orthologues_DNA_k_3_l_2000_a_7.dot e=   71 pre42 -> 0.040s v=1
[30/450] Human_ELSPBP1_orthologues_DNA_k_3_l_2000_a_7.dot e=   71 pre41 -> 0.040s v=1
[31/450] Human_ELSPBP1_orthologues_DNA_k_3_l_2000_a_8.dot e=   71 new   -> 0.036s v=1
[31/450] Human_ELSPBP1_orthologues_DNA_k_3_l_2000_a_8.dot e=   71 pre42 -> 0.040s v=1
[31/450] Human_ELSPBP1_orthologues_DNA_k_3_l_2000_a_8.dot e=   71 pre41 -> 0.040s v=1
[32/450] Human_GGT6_orthologues_DNA_k_3_l_2000_a_6.dot    e=   71 new   -> 0.036s v=1
[32/450] Human_GGT6_orthologues_DNA_k_3_l_2000_a_6.dot    e=   71 pre42 -> 0.040s v=1
[32/450] Human_GGT6_orthologues_DNA_k_3_l_2000_a_6.dot    e=   71 pre41 -> 0.040s v=1
[33/450] Human_SLC22A2_orthologues_DNA_k_3_l_2000_a_6.dot e=   71 new   -> 0.037s v=1
[33/450] Human_SLC22A2_orthologues_DNA_k_3_l_2000_a_6.dot e=   71 pre42 -> 0.040s v=1
[33/450] Human_SLC22A2_orthologues_DNA_k_3_l_2000_a_6.dot e=   71 pre41 -> 0.040s v=1
[34/450] Human_STAU2_orthologues_DNA_k_3_l_2000_a_6.dot   e=   71 new   -> 0.036s v=1
[34/450] Human_STAU2_orthologues_DNA_k_3_l_2000_a_6.dot   e=   71 pre42 -> 0.040s v=1
[34/450] Human_STAU2_orthologues_DNA_k_3_l_2000_a_6.dot   e=   71 pre41 -> 0.041s v=1
[35/450] Human_STAU2_orthologues_DNA_k_3_l_2000_a_7.dot   e=   71 new   -> 0.036s v=1
[35/450] Human_STAU2_orthologues_DNA_k_3_l_2000_a_7.dot   e=   71 pre42 -> 0.040s v=1
[35/450] Human_STAU2_orthologues_DNA_k_3_l_2000_a_7.dot   e=   71 pre41 -> 0.040s v=1
[36/450] Human_STAU2_orthologues_DNA_k_3_l_2000_a_8.dot   e=   71 new   -> 0.035s v=1
[36/450] Human_STAU2_orthologues_DNA_k_3_l_2000_a_8.dot   e=   71 pre42 -> 0.040s v=1
[36/450] Human_STAU2_orthologues_DNA_k_3_l_2000_a_8.dot   e=   71 pre41 -> 0.040s v=1
[37/450] Human_UBE2L5_orthologues_DNA_k_3_l_2000_a_8.dot  e=   71 new   -> 0.038s v=1
[37/450] Human_UBE2L5_orthologues_DNA_k_3_l_2000_a_8.dot  e=   71 pre42 -> 0.039s v=1
[37/450] Human_UBE2L5_orthologues_DNA_k_3_l_2000_a_8.dot  e=   71 pre41 -> 0.040s v=1
[38/450] Human_BTBD17_orthologues_DNA_k_3_l_2000_a_8.dot  e=   72 new   -> 0.037s v=1
[38/450] Human_BTBD17_orthologues_DNA_k_3_l_2000_a_8.dot  e=   72 pre42 -> 0.040s v=1
[38/450] Human_BTBD17_orthologues_DNA_k_3_l_2000_a_8.dot  e=   72 pre41 -> 0.040s v=1
[39/450] Human_C17orf67_orthologues_DNA_k_3_l_2000_a_6.do e=   72 new   -> 0.037s v=1
[39/450] Human_C17orf67_orthologues_DNA_k_3_l_2000_a_6.do e=   72 pre42 -> 0.041s v=1
[39/450] Human_C17orf67_orthologues_DNA_k_3_l_2000_a_6.do e=   72 pre41 -> 0.041s v=1
[40/450] Human_C17orf67_orthologues_DNA_k_3_l_2000_a_7.do e=   72 new   -> 0.038s v=1
[40/450] Human_C17orf67_orthologues_DNA_k_3_l_2000_a_7.do e=   72 pre42 -> 0.041s v=1
[40/450] Human_C17orf67_orthologues_DNA_k_3_l_2000_a_7.do e=   72 pre41 -> 0.042s v=1
[41/450] Human_CEP57L1_orthologues_DNA_k_3_l_2000_a_7.dot e=   72 new   -> 0.038s v=1
[41/450] Human_CEP57L1_orthologues_DNA_k_3_l_2000_a_7.dot e=   72 pre42 -> 0.040s v=1
[41/450] Human_CEP57L1_orthologues_DNA_k_3_l_2000_a_7.dot e=   72 pre41 -> 0.040s v=1
[42/450] Human_CEP57L1_orthologues_DNA_k_3_l_2000_a_8.dot e=   72 new   -> 0.038s v=1
[42/450] Human_CEP57L1_orthologues_DNA_k_3_l_2000_a_8.dot e=   72 pre42 -> 0.040s v=1
[42/450] Human_CEP57L1_orthologues_DNA_k_3_l_2000_a_8.dot e=   72 pre41 -> 0.040s v=1
[43/450] Human_DCSTAMP_orthologues_DNA_k_3_l_2000_a_7.dot e=   72 new   -> 0.036s v=1
[43/450] Human_DCSTAMP_orthologues_DNA_k_3_l_2000_a_7.dot e=   72 pre42 -> 0.040s v=1
[43/450] Human_DCSTAMP_orthologues_DNA_k_3_l_2000_a_7.dot e=   72 pre41 -> 0.040s v=1
[44/450] Human_DCSTAMP_orthologues_DNA_k_3_l_2000_a_8.dot e=   72 new   -> 0.036s v=1
[44/450] Human_DCSTAMP_orthologues_DNA_k_3_l_2000_a_8.dot e=   72 pre42 -> 0.040s v=1
[44/450] Human_DCSTAMP_orthologues_DNA_k_3_l_2000_a_8.dot e=   72 pre41 -> 0.040s v=1
[45/450] Human_OR10G8_orthologues_DNA_k_3_l_2000_a_6.dot  e=   72 new   -> 0.036s v=1
[45/450] Human_OR10G8_orthologues_DNA_k_3_l_2000_a_6.dot  e=   72 pre42 -> 0.041s v=1
[45/450] Human_OR10G8_orthologues_DNA_k_3_l_2000_a_6.dot  e=   72 pre41 -> 0.040s v=1
[46/450] Human_OR10G8_orthologues_DNA_k_3_l_2000_a_7.dot  e=   72 new   -> 0.036s v=1
[46/450] Human_OR10G8_orthologues_DNA_k_3_l_2000_a_7.dot  e=   72 pre42 -> 0.040s v=1
[46/450] Human_OR10G8_orthologues_DNA_k_3_l_2000_a_7.dot  e=   72 pre41 -> 0.041s v=1
[47/450] Human_OR10G8_orthologues_DNA_k_3_l_2000_a_8.dot  e=   72 new   -> 0.038s v=1
[47/450] Human_OR10G8_orthologues_DNA_k_3_l_2000_a_8.dot  e=   72 pre42 -> 0.042s v=1
[47/450] Human_OR10G8_orthologues_DNA_k_3_l_2000_a_8.dot  e=   72 pre41 -> 0.042s v=1
[48/450] Human_SHLD2_orthologues_DNA_k_3_l_2000_a_6.dot   e=   72 new   -> 0.036s v=1
[48/450] Human_SHLD2_orthologues_DNA_k_3_l_2000_a_6.dot   e=   72 pre42 -> 0.041s v=1
[48/450] Human_SHLD2_orthologues_DNA_k_3_l_2000_a_6.dot   e=   72 pre41 -> 0.041s v=1
[49/450] Human_SHLD2_orthologues_DNA_k_3_l_2000_a_7.dot   e=   72 new   -> 0.035s v=1
[49/450] Human_SHLD2_orthologues_DNA_k_3_l_2000_a_7.dot   e=   72 pre42 -> 0.041s v=1
[49/450] Human_SHLD2_orthologues_DNA_k_3_l_2000_a_7.dot   e=   72 pre41 -> 0.039s v=1
[50/450] Human_SLC22A2_orthologues_DNA_k_3_l_2000_a_7.dot e=   72 new   -> 0.036s v=1
[50/450] Human_SLC22A2_orthologues_DNA_k_3_l_2000_a_7.dot e=   72 pre42 -> 0.040s v=1
[50/450] Human_SLC22A2_orthologues_DNA_k_3_l_2000_a_7.dot e=   72 pre41 -> 0.039s v=1
[51/450] Human_SPA17_orthologues_DNA_k_3_l_2000_a_6.dot   e=   72 new   -> 0.035s v=1
[51/450] Human_SPA17_orthologues_DNA_k_3_l_2000_a_6.dot   e=   72 pre42 -> 0.041s v=1
[51/450] Human_SPA17_orthologues_DNA_k_3_l_2000_a_6.dot   e=   72 pre41 -> 0.041s v=1
[52/450] Human_C17orf67_orthologues_DNA_k_3_l_2000_a_8.do e=   73 new   -> 0.038s v=1
[52/450] Human_C17orf67_orthologues_DNA_k_3_l_2000_a_8.do e=   73 pre42 -> 0.040s v=1
[52/450] Human_C17orf67_orthologues_DNA_k_3_l_2000_a_8.do e=   73 pre41 -> 0.041s v=1
[53/450] Human_DOCK4_orthologues_DNA_k_3_l_2000_a_8.dot   e=   73 new   -> 0.038s v=1
[53/450] Human_DOCK4_orthologues_DNA_k_3_l_2000_a_8.dot   e=   73 pre42 -> 0.040s v=1
[53/450] Human_DOCK4_orthologues_DNA_k_3_l_2000_a_8.dot   e=   73 pre41 -> 0.041s v=1
[54/450] Human_FHIP1B_orthologues_DNA_k_3_l_2000_a_6.dot  e=   73 new   -> 0.036s v=1
[54/450] Human_FHIP1B_orthologues_DNA_k_3_l_2000_a_6.dot  e=   73 pre42 -> 0.041s v=1
[54/450] Human_FHIP1B_orthologues_DNA_k_3_l_2000_a_6.dot  e=   73 pre41 -> 0.040s v=1
[55/450] Human_FHIP1B_orthologues_DNA_k_3_l_2000_a_7.dot  e=   73 new   -> 0.035s v=1
[55/450] Human_FHIP1B_orthologues_DNA_k_3_l_2000_a_7.dot  e=   73 pre42 -> 0.040s v=1
[55/450] Human_FHIP1B_orthologues_DNA_k_3_l_2000_a_7.dot  e=   73 pre41 -> 0.040s v=1
[56/450] Human_GGT6_orthologues_DNA_k_3_l_2000_a_7.dot    e=   73 new   -> 0.037s v=1
[56/450] Human_GGT6_orthologues_DNA_k_3_l_2000_a_7.dot    e=   73 pre42 -> 0.041s v=1
[56/450] Human_GGT6_orthologues_DNA_k_3_l_2000_a_7.dot    e=   73 pre41 -> 0.042s v=1
[57/450] Human_SHLD2_orthologues_DNA_k_3_l_2000_a_8.dot   e=   73 new   -> 0.036s v=1
[57/450] Human_SHLD2_orthologues_DNA_k_3_l_2000_a_8.dot   e=   73 pre42 -> 0.040s v=1
[57/450] Human_SHLD2_orthologues_DNA_k_3_l_2000_a_8.dot   e=   73 pre41 -> 0.040s v=1
[58/450] Human_SPA17_orthologues_DNA_k_3_l_2000_a_7.dot   e=   73 new   -> 0.036s v=1
[58/450] Human_SPA17_orthologues_DNA_k_3_l_2000_a_7.dot   e=   73 pre42 -> 0.043s v=1
[58/450] Human_SPA17_orthologues_DNA_k_3_l_2000_a_7.dot   e=   73 pre41 -> 0.041s v=1
[59/450] Human_SPA17_orthologues_DNA_k_3_l_2000_a_8.dot   e=   73 new   -> 0.036s v=1
[59/450] Human_SPA17_orthologues_DNA_k_3_l_2000_a_8.dot   e=   73 pre42 -> 0.041s v=1
[59/450] Human_SPA17_orthologues_DNA_k_3_l_2000_a_8.dot   e=   73 pre41 -> 0.043s v=1
[60/450] Human_ZRANB3_orthologues_DNA_k_3_l_2000_a_6.dot  e=   73 new   -> 0.037s v=1
[60/450] Human_ZRANB3_orthologues_DNA_k_3_l_2000_a_6.dot  e=   73 pre42 -> 0.042s v=1
[60/450] Human_ZRANB3_orthologues_DNA_k_3_l_2000_a_6.dot  e=   73 pre41 -> 0.042s v=1
[61/450] Human_ZRANB3_orthologues_DNA_k_3_l_2000_a_7.dot  e=   73 new   -> 0.036s v=1
[61/450] Human_ZRANB3_orthologues_DNA_k_3_l_2000_a_7.dot  e=   73 pre42 -> 0.041s v=1
[61/450] Human_ZRANB3_orthologues_DNA_k_3_l_2000_a_7.dot  e=   73 pre41 -> 0.041s v=1
[62/450] Human_ANGPTL4_orthologues_DNA_k_3_l_2000_a_6.dot e=   74 new   -> 0.037s v=1
[62/450] Human_ANGPTL4_orthologues_DNA_k_3_l_2000_a_6.dot e=   74 pre42 -> 0.042s v=1
[62/450] Human_ANGPTL4_orthologues_DNA_k_3_l_2000_a_6.dot e=   74 pre41 -> 0.041s v=1
[63/450] Human_GGT6_orthologues_DNA_k_3_l_2000_a_8.dot    e=   74 new   -> 0.037s v=1
[63/450] Human_GGT6_orthologues_DNA_k_3_l_2000_a_8.dot    e=   74 pre42 -> 0.042s v=1
[63/450] Human_GGT6_orthologues_DNA_k_3_l_2000_a_8.dot    e=   74 pre41 -> 0.042s v=1
[64/450] Human_SLC22A2_orthologues_DNA_k_3_l_2000_a_8.dot e=   74 new   -> 0.037s v=1
[64/450] Human_SLC22A2_orthologues_DNA_k_3_l_2000_a_8.dot e=   74 pre42 -> 0.041s v=1
[64/450] Human_SLC22A2_orthologues_DNA_k_3_l_2000_a_8.dot e=   74 pre41 -> 0.041s v=1
[65/450] Human_TRPC1_orthologues_DNA_k_3_l_2000_a_6.dot   e=   74 new   -> 0.037s v=1
[65/450] Human_TRPC1_orthologues_DNA_k_3_l_2000_a_6.dot   e=   74 pre42 -> 0.041s v=1
[65/450] Human_TRPC1_orthologues_DNA_k_3_l_2000_a_6.dot   e=   74 pre41 -> 0.042s v=1
[66/450] Human_ZRANB3_orthologues_DNA_k_3_l_2000_a_8.dot  e=   74 new   -> 0.037s v=1
[66/450] Human_ZRANB3_orthologues_DNA_k_3_l_2000_a_8.dot  e=   74 pre42 -> 0.043s v=1
[66/450] Human_ZRANB3_orthologues_DNA_k_3_l_2000_a_8.dot  e=   74 pre41 -> 0.042s v=1
[67/450] Human_ANGPTL4_orthologues_DNA_k_3_l_2000_a_7.dot e=   75 new   -> 0.037s v=1
[67/450] Human_ANGPTL4_orthologues_DNA_k_3_l_2000_a_7.dot e=   75 pre42 -> 0.041s v=1
[67/450] Human_ANGPTL4_orthologues_DNA_k_3_l_2000_a_7.dot e=   75 pre41 -> 0.043s v=1
[68/450] Human_ANGPTL4_orthologues_DNA_k_3_l_2000_a_8.dot e=   75 new   -> 0.038s v=1
[68/450] Human_ANGPTL4_orthologues_DNA_k_3_l_2000_a_8.dot e=   75 pre42 -> 0.042s v=1
[68/450] Human_ANGPTL4_orthologues_DNA_k_3_l_2000_a_8.dot e=   75 pre41 -> 0.043s v=1
[69/450] Human_FHIP1B_orthologues_DNA_k_3_l_2000_a_8.dot  e=   75 new   -> 0.036s v=1
[69/450] Human_FHIP1B_orthologues_DNA_k_3_l_2000_a_8.dot  e=   75 pre42 -> 0.041s v=1
[69/450] Human_FHIP1B_orthologues_DNA_k_3_l_2000_a_8.dot  e=   75 pre41 -> 0.043s v=1
[70/450] Human_RPS27A_orthologues_DNA_k_3_l_2000_a_8.dot  e=   75 new   -> 0.041s v=1
[70/450] Human_RPS27A_orthologues_DNA_k_3_l_2000_a_8.dot  e=   75 pre42 -> 0.043s v=1
[70/450] Human_RPS27A_orthologues_DNA_k_3_l_2000_a_8.dot  e=   75 pre41 -> 0.043s v=1
[71/450] Human_TRPC1_orthologues_DNA_k_3_l_2000_a_7.dot   e=   75 new   -> 0.038s v=1
[71/450] Human_TRPC1_orthologues_DNA_k_3_l_2000_a_7.dot   e=   75 pre42 -> 0.041s v=1
[71/450] Human_TRPC1_orthologues_DNA_k_3_l_2000_a_7.dot   e=   75 pre41 -> 0.041s v=1
[72/450] Human_TRPC1_orthologues_DNA_k_3_l_2000_a_8.dot   e=   75 new   -> 0.039s v=1
[72/450] Human_TRPC1_orthologues_DNA_k_3_l_2000_a_8.dot   e=   75 pre42 -> 0.041s v=1
[72/450] Human_TRPC1_orthologues_DNA_k_3_l_2000_a_8.dot   e=   75 pre41 -> 0.042s v=1
[73/450] Human_FAM53A_orthologues_DNA_k_3_l_2000_a_6.dot  e=   76 new   -> 0.044s v=1
[73/450] Human_FAM53A_orthologues_DNA_k_3_l_2000_a_6.dot  e=   76 pre42 -> 0.042s v=1
[73/450] Human_FAM53A_orthologues_DNA_k_3_l_2000_a_6.dot  e=   76 pre41 -> 0.043s v=1
[74/450] Human_FAM53A_orthologues_DNA_k_3_l_2000_a_7.dot  e=   76 new   -> 0.046s v=1
[74/450] Human_FAM53A_orthologues_DNA_k_3_l_2000_a_7.dot  e=   76 pre42 -> 0.044s v=1
[74/450] Human_FAM53A_orthologues_DNA_k_3_l_2000_a_7.dot  e=   76 pre41 -> 0.042s v=1
[75/450] Human_FAM53A_orthologues_DNA_k_3_l_2000_a_8.dot  e=   78 new   -> 0.042s v=1
[75/450] Human_FAM53A_orthologues_DNA_k_3_l_2000_a_8.dot  e=   78 pre42 -> 0.044s v=1
[75/450] Human_FAM53A_orthologues_DNA_k_3_l_2000_a_8.dot  e=   78 pre41 -> 0.046s v=1
[76/450] Human_SHLD2_orthologues_DNA_l_100_a_6.dot        e=   84 new   -> 0.167s v=1
[76/450] Human_SHLD2_orthologues_DNA_l_100_a_6.dot        e=   84 pre42 -> 0.163s v=1
[76/450] Human_SHLD2_orthologues_DNA_l_100_a_6.dot        e=   84 pre41 -> 0.216s v=1
[77/450] Human_DOCK4_orthologues_DNA_l_100_a_4.dot        e=   99 new   -> 0.233s v=1
[77/450] Human_DOCK4_orthologues_DNA_l_100_a_4.dot        e=   99 pre42 -> 0.235s v=1
[77/450] Human_DOCK4_orthologues_DNA_l_100_a_4.dot        e=   99 pre41 -> 0.329s v=1
[78/450] Human_DOCK4_orthologues_DNA_l_100_a_5.dot        e=   99 new   -> 0.233s v=1
[78/450] Human_DOCK4_orthologues_DNA_l_100_a_5.dot        e=   99 pre42 -> 0.235s v=1
[78/450] Human_DOCK4_orthologues_DNA_l_100_a_5.dot        e=   99 pre41 -> 0.333s v=1
[79/450] Human_SPA17_orthologues_DNA_l_100_a_5.dot        e=   99 new   -> 0.265s v=1
[79/450] Human_SPA17_orthologues_DNA_l_100_a_5.dot        e=   99 pre42 -> 0.266s v=1
[79/450] Human_SPA17_orthologues_DNA_l_100_a_5.dot        e=   99 pre41 -> 0.337s v=1
[80/450] Human_SPA17_orthologues_DNA_l_100_a_6.dot        e=   99 new   -> 0.260s v=1
[80/450] Human_SPA17_orthologues_DNA_l_100_a_6.dot        e=   99 pre42 -> 0.263s v=1
[80/450] Human_SPA17_orthologues_DNA_l_100_a_6.dot        e=   99 pre41 -> 0.335s v=1
[81/450] Human_STAU2_orthologues_DNA_l_100_a_6.dot        e=   99 new   -> 0.231s v=1
[81/450] Human_STAU2_orthologues_DNA_l_100_a_6.dot        e=   99 pre42 -> 0.230s v=1
[81/450] Human_STAU2_orthologues_DNA_l_100_a_6.dot        e=   99 pre41 -> 0.327s v=1
[82/450] Human_STAU2_orthologues_DNA_l_100_a_4.dot        e=  109 new   -> 0.267s v=-1
[82/450] Human_STAU2_orthologues_DNA_l_100_a_4.dot        e=  109 pre42 -> 0.257s v=-1
[82/450] Human_STAU2_orthologues_DNA_l_100_a_4.dot        e=  109 pre41 -> 0.356s v=-1
[83/450] Human_STAU2_orthologues_DNA_l_100_a_5.dot        e=  109 new   -> 0.262s v=-1
[83/450] Human_STAU2_orthologues_DNA_l_100_a_5.dot        e=  109 pre42 -> 0.243s v=-1
[83/450] Human_STAU2_orthologues_DNA_l_100_a_5.dot        e=  109 pre41 -> 0.335s v=-1
[84/450] Human_SPA17_orthologues_DNA_l_100_a_4.dot        e=  110 new   -> 0.255s v=-1
[84/450] Human_SPA17_orthologues_DNA_l_100_a_4.dot        e=  110 pre42 -> 0.261s v=-1
[84/450] Human_SPA17_orthologues_DNA_l_100_a_4.dot        e=  110 pre41 -> 0.362s v=-1
[85/450] Human_FHIP1B_orthologues_DNA_l_100_a_5.dot       e=  117 new   -> 0.297s v=-1
[85/450] Human_FHIP1B_orthologues_DNA_l_100_a_5.dot       e=  117 pre42 -> 0.293s v=-1
[85/450] Human_FHIP1B_orthologues_DNA_l_100_a_5.dot       e=  117 pre41 -> 0.395s v=-1
[86/450] Human_FHIP1B_orthologues_DNA_l_100_a_6.dot       e=  117 new   -> 0.305s v=-1
[86/450] Human_FHIP1B_orthologues_DNA_l_100_a_6.dot       e=  117 pre42 -> 0.289s v=-1
[86/450] Human_FHIP1B_orthologues_DNA_l_100_a_6.dot       e=  117 pre41 -> 0.399s v=-1
[87/450] Human_RPS27A_orthologues_DNA_l_100_a_4.dot       e=  123 new   -> 0.326s v=-1
[87/450] Human_RPS27A_orthologues_DNA_l_100_a_4.dot       e=  123 pre42 -> 0.325s v=-1
[87/450] Human_RPS27A_orthologues_DNA_l_100_a_4.dot       e=  123 pre41 -> 0.447s v=-1
[88/450] Human_ELSPBP1_orthologues_DNA_l_100_a_4.dot      e=  124 new   -> 0.310s v=-1
[88/450] Human_ELSPBP1_orthologues_DNA_l_100_a_4.dot      e=  124 pre42 -> 0.304s v=-1
[88/450] Human_ELSPBP1_orthologues_DNA_l_100_a_4.dot      e=  124 pre41 -> 0.405s v=-1
[89/450] Human_FHIP1B_orthologues_DNA_l_100_a_4.dot       e=  124 new   -> 0.326s v=-1
[89/450] Human_FHIP1B_orthologues_DNA_l_100_a_4.dot       e=  124 pre42 -> 0.317s v=-1
[89/450] Human_FHIP1B_orthologues_DNA_l_100_a_4.dot       e=  124 pre41 -> 0.440s v=-1
[90/450] Human_RPS27A_orthologues_DNA_l_100_a_5.dot       e=  128 new   -> 0.345s v=-1
[90/450] Human_RPS27A_orthologues_DNA_l_100_a_5.dot       e=  128 pre42 -> 0.335s v=-1
[90/450] Human_RPS27A_orthologues_DNA_l_100_a_5.dot       e=  128 pre41 -> 0.464s v=-1
[91/450] Human_DOCK4_orthologues_DNA_l_100_a_6.dot        e=  130 new   -> 0.348s v=-1
[91/450] Human_DOCK4_orthologues_DNA_l_100_a_6.dot        e=  130 pre42 -> 0.341s v=-1
[91/450] Human_DOCK4_orthologues_DNA_l_100_a_6.dot        e=  130 pre41 -> 0.463s v=-1
[92/450] Human_RPS27A_orthologues_DNA_l_100_a_6.dot       e=  131 new   -> 0.353s v=-1
[92/450] Human_RPS27A_orthologues_DNA_l_100_a_6.dot       e=  131 pre42 -> 0.347s v=-1
[92/450] Human_RPS27A_orthologues_DNA_l_100_a_6.dot       e=  131 pre41 -> 0.478s v=-1
[93/450] Human_TUNAR_orthologues_DNA_l_100_a_4.dot        e=  134 new   -> 0.334s v=-1
[93/450] Human_TUNAR_orthologues_DNA_l_100_a_4.dot        e=  134 pre42 -> 0.330s v=-1
[93/450] Human_TUNAR_orthologues_DNA_l_100_a_4.dot        e=  134 pre41 -> 0.457s v=-1
[94/450] Human_TUNAR_orthologues_DNA_l_100_a_5.dot        e=  144 new   -> 0.371s v=-1
[94/450] Human_TUNAR_orthologues_DNA_l_100_a_5.dot        e=  144 pre42 -> 0.363s v=-1
[94/450] Human_TUNAR_orthologues_DNA_l_100_a_5.dot        e=  144 pre41 -> 0.502s v=-1
[95/450] Human_ELSPBP1_orthologues_DNA_l_100_a_5.dot      e=  146 new   -> 0.385s v=-1
[95/450] Human_ELSPBP1_orthologues_DNA_l_100_a_5.dot      e=  146 pre42 -> 0.388s v=-1
[95/450] Human_ELSPBP1_orthologues_DNA_l_100_a_5.dot      e=  146 pre41 -> 0.519s v=-1
[96/450] Human_UBE2L5_orthologues_DNA_l_100_a_4.dot       e=  146 new   -> 0.390s v=-1
[96/450] Human_UBE2L5_orthologues_DNA_l_100_a_4.dot       e=  146 pre42 -> 0.405s v=-1
[96/450] Human_UBE2L5_orthologues_DNA_l_100_a_4.dot       e=  146 pre41 -> 0.517s v=-1
[97/450] Human_OR10G8_orthologues_DNA_l_100_a_4.dot       e=  148 new   -> 0.403s v=-1
[97/450] Human_OR10G8_orthologues_DNA_l_100_a_4.dot       e=  148 pre42 -> 0.400s v=-1
[97/450] Human_OR10G8_orthologues_DNA_l_100_a_4.dot       e=  148 pre41 -> 0.585s v=-1
[98/450] Human_TUNAR_orthologues_DNA_l_100_a_6.dot        e=  151 new   -> 0.394s v=-1
[98/450] Human_TUNAR_orthologues_DNA_l_100_a_6.dot        e=  151 pre42 -> 0.400s v=-1
[98/450] Human_TUNAR_orthologues_DNA_l_100_a_6.dot        e=  151 pre41 -> 0.525s v=-1
[99/450] Human_SLC22A2_orthologues_DNA_l_100_a_4.dot      e=  159 new   -> 0.504s v=-1
[99/450] Human_SLC22A2_orthologues_DNA_l_100_a_4.dot      e=  159 pre42 -> 0.515s v=-1
[99/450] Human_SLC22A2_orthologues_DNA_l_100_a_4.dot      e=  159 pre41 -> 0.756s v=-1
[100/450] Human_SLC22A2_orthologues_DNA_l_100_a_5.dot      e=  159 new   -> 0.532s v=-1
[100/450] Human_SLC22A2_orthologues_DNA_l_100_a_5.dot      e=  159 pre42 -> 0.511s v=-1
[100/450] Human_SLC22A2_orthologues_DNA_l_100_a_5.dot      e=  159 pre41 -> 0.714s v=-1
[101/450] Human_SLC22A2_orthologues_DNA_l_100_a_6.dot      e=  159 new   -> 0.513s v=-1
[101/450] Human_SLC22A2_orthologues_DNA_l_100_a_6.dot      e=  159 pre42 -> 0.511s v=-1
[101/450] Human_SLC22A2_orthologues_DNA_l_100_a_6.dot      e=  159 pre41 -> 0.747s v=-1
[102/450] Human_DCSTAMP_orthologues_DNA_l_100_a_4.dot      e=  161 new   -> 0.458s v=-1
[102/450] Human_DCSTAMP_orthologues_DNA_l_100_a_4.dot      e=  161 pre42 -> 0.500s v=-1
[102/450] Human_DCSTAMP_orthologues_DNA_l_100_a_4.dot      e=  161 pre41 -> 0.665s v=-1
[103/450] Human_UBE2L5_orthologues_DNA_l_100_a_5.dot       e=  162 new   -> 0.421s v=-1
[103/450] Human_UBE2L5_orthologues_DNA_l_100_a_5.dot       e=  162 pre42 -> 0.442s v=-1
[103/450] Human_UBE2L5_orthologues_DNA_l_100_a_5.dot       e=  162 pre41 -> 0.587s v=-1
[104/450] Human_LEAP2_orthologues_DNA_l_100_a_4.dot        e=  164 new   -> 0.484s v=-1
[104/450] Human_LEAP2_orthologues_DNA_l_100_a_4.dot        e=  164 pre42 -> 0.485s v=-1
[104/450] Human_LEAP2_orthologues_DNA_l_100_a_4.dot        e=  164 pre41 -> 0.706s v=-1
[105/450] Human_C17orf67_orthologues_DNA_l_100_a_4.dot     e=  165 new   -> 0.458s v=-1
[105/450] Human_C17orf67_orthologues_DNA_l_100_a_4.dot     e=  165 pre42 -> 0.551s v=-1
[105/450] Human_C17orf67_orthologues_DNA_l_100_a_4.dot     e=  165 pre41 -> 0.707s v=-1
[106/450] Human_OR10G8_orthologues_DNA_l_100_a_5.dot       e=  165 new   -> 0.441s v=-1
[106/450] Human_OR10G8_orthologues_DNA_l_100_a_5.dot       e=  165 pre42 -> 0.476s v=-1
[106/450] Human_OR10G8_orthologues_DNA_l_100_a_5.dot       e=  165 pre41 -> 0.653s v=-1
[107/450] Human_UBE2L5_orthologues_DNA_l_100_a_6.dot       e=  166 new   -> 0.420s v=-1
[107/450] Human_UBE2L5_orthologues_DNA_l_100_a_6.dot       e=  166 pre42 -> 0.450s v=-1
[107/450] Human_UBE2L5_orthologues_DNA_l_100_a_6.dot       e=  166 pre41 -> 0.661s v=-1
[108/450] Human_DCSTAMP_orthologues_DNA_l_100_a_6.dot      e=  168 new   -> 0.454s v=-1
[108/450] Human_DCSTAMP_orthologues_DNA_l_100_a_6.dot      e=  168 pre42 -> 0.496s v=-1
[108/450] Human_DCSTAMP_orthologues_DNA_l_100_a_6.dot      e=  168 pre41 -> 0.721s v=-1
[109/450] Human_OR10G8_orthologues_DNA_l_100_a_6.dot       e=  168 new   -> 0.462s v=-1
[109/450] Human_OR10G8_orthologues_DNA_l_100_a_6.dot       e=  168 pre42 -> 0.487s v=-1
[109/450] Human_OR10G8_orthologues_DNA_l_100_a_6.dot       e=  168 pre41 -> 0.672s v=-1
[110/450] Human_LEAP2_orthologues_DNA_l_100_a_5.dot        e=  170 new   -> 0.500s v=-1
[110/450] Human_LEAP2_orthologues_DNA_l_100_a_5.dot        e=  170 pre42 -> 0.506s v=-1
[110/450] Human_LEAP2_orthologues_DNA_l_100_a_5.dot        e=  170 pre41 -> 0.665s v=-1
[111/450] Human_LEAP2_orthologues_DNA_l_100_a_6.dot        e=  171 new   -> 0.495s v=-1
[111/450] Human_LEAP2_orthologues_DNA_l_100_a_6.dot        e=  171 pre42 -> 0.465s v=-1
[111/450] Human_LEAP2_orthologues_DNA_l_100_a_6.dot        e=  171 pre41 -> 0.661s v=-1
[112/450] Human_ELSPBP1_orthologues_DNA_l_100_a_6.dot      e=  174 new   -> 0.453s v=-1
[112/450] Human_ELSPBP1_orthologues_DNA_l_100_a_6.dot      e=  174 pre42 -> 0.569s v=-1
[112/450] Human_ELSPBP1_orthologues_DNA_l_100_a_6.dot      e=  174 pre41 -> 0.720s v=-1
[113/450] Human_TRPC1_orthologues_DNA_l_100_a_4.dot        e=  175 new   -> 0.461s v=-1
[113/450] Human_TRPC1_orthologues_DNA_l_100_a_4.dot        e=  175 pre42 -> 0.508s v=-1
[113/450] Human_TRPC1_orthologues_DNA_l_100_a_4.dot        e=  175 pre41 -> 0.715s v=-1
[114/450] Human_TRPC1_orthologues_DNA_l_100_a_5.dot        e=  175 new   -> 0.480s v=-1
[114/450] Human_TRPC1_orthologues_DNA_l_100_a_5.dot        e=  175 pre42 -> 0.510s v=-1
[114/450] Human_TRPC1_orthologues_DNA_l_100_a_5.dot        e=  175 pre41 -> 0.717s v=-1
[115/450] Human_TRPC1_orthologues_DNA_l_100_a_6.dot        e=  175 new   -> 0.484s v=-1
[115/450] Human_TRPC1_orthologues_DNA_l_100_a_6.dot        e=  175 pre42 -> 0.516s v=-1
[115/450] Human_TRPC1_orthologues_DNA_l_100_a_6.dot        e=  175 pre41 -> 0.730s v=-1
[116/450] Human_ZRANB3_orthologues_DNA_l_100_a_4.dot       e=  179 new   -> 0.610s v=-1
[116/450] Human_ZRANB3_orthologues_DNA_l_100_a_4.dot       e=  179 pre42 -> 0.619s v=-1
[116/450] Human_ZRANB3_orthologues_DNA_l_100_a_4.dot       e=  179 pre41 -> 0.846s v=-1
[117/450] Human_DCSTAMP_orthologues_DNA_l_100_a_5.dot      e=  186 new   -> 0.660s v=-1
[117/450] Human_DCSTAMP_orthologues_DNA_l_100_a_5.dot      e=  186 pre42 -> 0.673s v=-1
[117/450] Human_DCSTAMP_orthologues_DNA_l_100_a_5.dot      e=  186 pre41 -> 0.904s v=-1
[118/450] Human_C17orf67_orthologues_DNA_l_100_a_5.dot     e=  190 new   -> 0.629s v=-1
[118/450] Human_C17orf67_orthologues_DNA_l_100_a_5.dot     e=  190 pre42 -> 0.674s v=-1
[118/450] Human_C17orf67_orthologues_DNA_l_100_a_5.dot     e=  190 pre41 -> 0.889s v=-1
[119/450] Human_TUNAR_orthologues_DNA_k_4_l_2000_a_6.dot   e=  193 new   -> 0.158s v=1
[119/450] Human_TUNAR_orthologues_DNA_k_4_l_2000_a_6.dot   e=  193 pre42 -> 0.271s v=1
[119/450] Human_TUNAR_orthologues_DNA_k_4_l_2000_a_6.dot   e=  193 pre41 -> 0.262s v=1
[120/450] Human_LCP1_orthologues_DNA_l_100_a_4.dot         e=  194 new   -> 0.620s v=-1
[120/450] Human_LCP1_orthologues_DNA_l_100_a_4.dot         e=  194 pre42 -> 0.681s v=-1
[120/450] Human_LCP1_orthologues_DNA_l_100_a_4.dot         e=  194 pre41 -> 0.883s v=-1
[121/450] Human_TRAM1_orthologues_DNA_l_100_a_4.dot        e=  196 new   -> 0.675s v=-1
[121/450] Human_TRAM1_orthologues_DNA_l_100_a_4.dot        e=  196 pre42 -> 0.730s v=-1
[121/450] Human_TRAM1_orthologues_DNA_l_100_a_4.dot        e=  196 pre41 -> 0.938s v=-1
[122/450] Human_C17orf67_orthologues_DNA_l_100_a_6.dot     e=  198 new   -> 0.695s v=-1
[122/450] Human_C17orf67_orthologues_DNA_l_100_a_6.dot     e=  198 pre42 -> 0.774s v=-1
[122/450] Human_C17orf67_orthologues_DNA_l_100_a_6.dot     e=  198 pre41 -> 0.975s v=-1
[123/450] Human_GGT6_orthologues_DNA_l_100_a_4.dot         e=  198 new   -> 0.692s v=-1
[123/450] Human_GGT6_orthologues_DNA_l_100_a_4.dot         e=  198 pre42 -> 0.735s v=-1
[123/450] Human_GGT6_orthologues_DNA_l_100_a_4.dot         e=  198 pre41 -> 0.988s v=-1
[124/450] Human_TUNAR_orthologues_DNA_k_4_l_2000_a_7.dot   e=  199 new   -> 0.157s v=1
[124/450] Human_TUNAR_orthologues_DNA_k_4_l_2000_a_7.dot   e=  199 pre42 -> 0.289s v=1
[124/450] Human_TUNAR_orthologues_DNA_k_4_l_2000_a_7.dot   e=  199 pre41 -> 0.282s v=1
[125/450] Human_TUNAR_orthologues_DNA_k_4_l_2000_a_8.dot   e=  200 new   -> 0.158s v=1
[125/450] Human_TUNAR_orthologues_DNA_k_4_l_2000_a_8.dot   e=  200 pre42 -> 0.285s v=1
[125/450] Human_TUNAR_orthologues_DNA_k_4_l_2000_a_8.dot   e=  200 pre41 -> 0.280s v=1
[126/450] Human_BTBD17_orthologues_DNA_l_100_a_4.dot       e=  200 new   -> 0.672s v=-1
[126/450] Human_BTBD17_orthologues_DNA_l_100_a_4.dot       e=  200 pre42 -> 0.751s v=-1
[126/450] Human_BTBD17_orthologues_DNA_l_100_a_4.dot       e=  200 pre41 -> 0.957s v=-1
[127/450] Human_TRAM1_orthologues_DNA_l_100_a_5.dot        e=  200 new   -> 0.676s v=-1
[127/450] Human_TRAM1_orthologues_DNA_l_100_a_5.dot        e=  200 pre42 -> 0.755s v=-1
[127/450] Human_TRAM1_orthologues_DNA_l_100_a_5.dot        e=  200 pre41 -> 0.970s v=-1
[128/450] Human_TRAM1_orthologues_DNA_l_100_a_6.dot        e=  200 new   -> 0.675s v=-1
[128/450] Human_TRAM1_orthologues_DNA_l_100_a_6.dot        e=  200 pre42 -> 0.822s v=-1
[128/450] Human_TRAM1_orthologues_DNA_l_100_a_6.dot        e=  200 pre41 -> 1.009s v=-1
[129/450] Human_FAM53A_orthologues_DNA_l_100_a_4.dot       e=  201 new   -> 0.646s v=-1
[129/450] Human_FAM53A_orthologues_DNA_l_100_a_4.dot       e=  201 pre42 -> 0.737s v=-1
[129/450] Human_FAM53A_orthologues_DNA_l_100_a_4.dot       e=  201 pre41 -> 0.937s v=-1
[130/450] Human_SHLD2_orthologues_DNA_l_100_a_4.dot        e=  203 new   -> 0.766s v=-1
[130/450] Human_SHLD2_orthologues_DNA_l_100_a_4.dot        e=  203 pre42 -> 0.826s v=-1
[130/450] Human_SHLD2_orthologues_DNA_l_100_a_4.dot        e=  203 pre41 -> 1.088s v=-1
[131/450] Human_SHLD2_orthologues_DNA_l_100_a_5.dot        e=  203 new   -> 0.764s v=-1
[131/450] Human_SHLD2_orthologues_DNA_l_100_a_5.dot        e=  203 pre42 -> 0.823s v=-1
[131/450] Human_SHLD2_orthologues_DNA_l_100_a_5.dot        e=  203 pre41 -> 1.100s v=-1
[132/450] Human_CEP57L1_orthologues_DNA_l_100_a_4.dot      e=  204 new   -> 0.726s v=-1
[132/450] Human_CEP57L1_orthologues_DNA_l_100_a_4.dot      e=  204 pre42 -> 0.803s v=-1
[132/450] Human_CEP57L1_orthologues_DNA_l_100_a_4.dot      e=  204 pre41 -> 1.032s v=-1
[133/450] Human_ZRANB3_orthologues_DNA_l_100_a_5.dot       e=  204 new   -> 0.706s v=-1
[133/450] Human_ZRANB3_orthologues_DNA_l_100_a_5.dot       e=  204 pre42 -> 0.765s v=-1
[133/450] Human_ZRANB3_orthologues_DNA_l_100_a_5.dot       e=  204 pre41 -> 0.992s v=-1
[134/450] Human_GGT6_orthologues_DNA_l_100_a_5.dot         e=  205 new   -> 0.728s v=-1
[134/450] Human_GGT6_orthologues_DNA_l_100_a_5.dot         e=  205 pre42 -> 0.791s v=-1
[134/450] Human_GGT6_orthologues_DNA_l_100_a_5.dot         e=  205 pre41 -> 1.030s v=-1
[135/450] Human_GGT6_orthologues_DNA_l_100_a_6.dot         e=  205 new   -> 0.719s v=-1
[135/450] Human_GGT6_orthologues_DNA_l_100_a_6.dot         e=  205 pre42 -> 0.779s v=-1
[135/450] Human_GGT6_orthologues_DNA_l_100_a_6.dot         e=  205 pre41 -> 1.069s v=-1
[136/450] Human_LCP1_orthologues_DNA_l_100_a_5.dot         e=  206 new   -> 0.688s v=-1
[136/450] Human_LCP1_orthologues_DNA_l_100_a_5.dot         e=  206 pre42 -> 0.772s v=-1
[136/450] Human_LCP1_orthologues_DNA_l_100_a_5.dot         e=  206 pre41 -> 1.000s v=-1
[137/450] Human_CLPX_orthologues_DNA_l_100_a_4.dot         e=  207 new   -> 0.880s v=-1
[137/450] Human_CLPX_orthologues_DNA_l_100_a_4.dot         e=  207 pre42 -> 0.936s v=-1
[137/450] Human_CLPX_orthologues_DNA_l_100_a_4.dot         e=  207 pre41 -> 1.260s v=-1
[138/450] Human_CEP57L1_orthologues_DNA_l_100_a_5.dot      e=  213 new   -> 0.748s v=-1
[138/450] Human_CEP57L1_orthologues_DNA_l_100_a_5.dot      e=  213 pre42 -> 0.846s v=-1
[138/450] Human_CEP57L1_orthologues_DNA_l_100_a_5.dot      e=  213 pre41 -> 1.084s v=-1
[139/450] Human_FAM53A_orthologues_DNA_l_100_a_5.dot       e=  213 new   -> 0.690s v=-1
[139/450] Human_FAM53A_orthologues_DNA_l_100_a_5.dot       e=  213 pre42 -> 0.823s v=-1
[139/450] Human_FAM53A_orthologues_DNA_l_100_a_5.dot       e=  213 pre41 -> 0.990s v=-1
[140/450] Human_LCP1_orthologues_DNA_l_100_a_6.dot         e=  215 new   -> 0.715s v=-1
[140/450] Human_LCP1_orthologues_DNA_l_100_a_6.dot         e=  215 pre42 -> 0.816s v=-1
[140/450] Human_LCP1_orthologues_DNA_l_100_a_6.dot         e=  215 pre41 -> 1.037s v=-1
[141/450] Human_FAM53A_orthologues_DNA_l_100_a_6.dot       e=  216 new   -> 0.685s v=-1
[141/450] Human_FAM53A_orthologues_DNA_l_100_a_6.dot       e=  216 pre42 -> 0.804s v=-1
[141/450] Human_FAM53A_orthologues_DNA_l_100_a_6.dot       e=  216 pre41 -> 1.002s v=-1
[142/450] Human_ZRANB3_orthologues_DNA_l_100_a_6.dot       e=  224 new   -> 0.790s v=-1
[142/450] Human_ZRANB3_orthologues_DNA_l_100_a_6.dot       e=  224 pre42 -> 0.907s v=-1
[142/450] Human_ZRANB3_orthologues_DNA_l_100_a_6.dot       e=  224 pre41 -> 1.162s v=-1
[143/450] Human_LEAP2_orthologues_DNA_k_4_l_2000_a_6.dot   e=  229 new   -> 0.170s v=1
[143/450] Human_LEAP2_orthologues_DNA_k_4_l_2000_a_6.dot   e=  229 pre42 -> 0.343s v=1
[143/450] Human_LEAP2_orthologues_DNA_k_4_l_2000_a_6.dot   e=  229 pre41 -> 0.330s v=1
[144/450] Human_BTBD17_orthologues_DNA_l_100_a_5.dot       e=  231 new   -> 0.796s v=-1
[144/450] Human_BTBD17_orthologues_DNA_l_100_a_5.dot       e=  231 pre42 -> 0.973s v=-1
[144/450] Human_BTBD17_orthologues_DNA_l_100_a_5.dot       e=  231 pre41 -> 1.252s v=-1
[145/450] Human_LEAP2_orthologues_DNA_k_4_l_2000_a_7.dot   e=  233 new   -> 0.169s v=1
[145/450] Human_LEAP2_orthologues_DNA_k_4_l_2000_a_7.dot   e=  233 pre42 -> 0.343s v=1
[145/450] Human_LEAP2_orthologues_DNA_k_4_l_2000_a_7.dot   e=  233 pre41 -> 0.341s v=1
[146/450] Human_LEAP2_orthologues_DNA_k_4_l_2000_a_8.dot   e=  236 new   -> 0.170s v=1
[146/450] Human_LEAP2_orthologues_DNA_k_4_l_2000_a_8.dot   e=  236 pre42 -> 0.357s v=1
[146/450] Human_LEAP2_orthologues_DNA_k_4_l_2000_a_8.dot   e=  236 pre41 -> 0.349s v=1
[147/450] Human_ANGPTL4_orthologues_DNA_l_100_a_4.dot      e=  240 new   -> 0.996s v=-1
[147/450] Human_ANGPTL4_orthologues_DNA_l_100_a_4.dot      e=  240 pre42 -> 1.105s v=-1
[147/450] Human_ANGPTL4_orthologues_DNA_l_100_a_4.dot      e=  240 pre41 -> 1.626s v=-1
[148/450] Human_CEP57L1_orthologues_DNA_l_100_a_6.dot      e=  240 new   -> 0.882s v=-1
[148/450] Human_CEP57L1_orthologues_DNA_l_100_a_6.dot      e=  240 pre42 -> 1.040s v=-1
[148/450] Human_CEP57L1_orthologues_DNA_l_100_a_6.dot      e=  240 pre41 -> 1.360s v=-1
[149/450] Human_C17orf67_orthologues_DNA_k_4_l_2000_a_6.do e=  244 new   -> 0.186s v=1
[149/450] Human_C17orf67_orthologues_DNA_k_4_l_2000_a_6.do e=  244 pre42 -> 0.376s v=1
[149/450] Human_C17orf67_orthologues_DNA_k_4_l_2000_a_6.do e=  244 pre41 -> 0.367s v=1
[150/450] Human_CLPX_orthologues_DNA_l_100_a_5.dot         e=  244 new   -> 1.033s v=-1
[150/450] Human_CLPX_orthologues_DNA_l_100_a_5.dot         e=  244 pre42 -> 1.158s v=-1
[150/450] Human_CLPX_orthologues_DNA_l_100_a_5.dot         e=  244 pre41 -> 1.695s v=-1
[151/450] Human_BTBD17_orthologues_DNA_l_100_a_6.dot       e=  247 new   -> 0.905s v=-1
[151/450] Human_BTBD17_orthologues_DNA_l_100_a_6.dot       e=  247 pre42 -> 1.080s v=-1
[151/450] Human_BTBD17_orthologues_DNA_l_100_a_6.dot       e=  247 pre41 -> 1.405s v=-1
[152/450] Human_C17orf67_orthologues_DNA_k_4_l_2000_a_7.do e=  248 new   -> 0.188s v=1
[152/450] Human_C17orf67_orthologues_DNA_k_4_l_2000_a_7.do e=  248 pre42 -> 0.391s v=1
[152/450] Human_C17orf67_orthologues_DNA_k_4_l_2000_a_7.do e=  248 pre41 -> 0.387s v=1
[153/450] Human_C17orf67_orthologues_DNA_k_4_l_2000_a_8.do e=  251 new   -> 0.195s v=1
[153/450] Human_C17orf67_orthologues_DNA_k_4_l_2000_a_8.do e=  251 pre42 -> 0.404s v=1
[153/450] Human_C17orf67_orthologues_DNA_k_4_l_2000_a_8.do e=  251 pre41 -> 0.395s v=1
[154/450] Human_TUNAR_orthologues_DNA_l_300_a_4.dot        e=  251 new   -> 1.591s v=-1
[154/450] Human_TUNAR_orthologues_DNA_l_300_a_4.dot        e=  251 pre42 -> 1.707s v=-1
[154/450] Human_TUNAR_orthologues_DNA_l_300_a_4.dot        e=  251 pre41 -> 2.489s v=-1
[155/450] Human_TUNAR_orthologues_DNA_l_500_a_4.dot        e=  251 new   -> 1.624s v=-1
[155/450] Human_TUNAR_orthologues_DNA_l_500_a_4.dot        e=  251 pre42 -> 1.683s v=-1
[155/450] Human_TUNAR_orthologues_DNA_l_500_a_4.dot        e=  251 pre41 -> 2.537s v=-1
[156/450] Human_SLC38A9_orthologues_DNA_l_100_a_4.dot      e=  254 new   -> 1.079s v=-1
[156/450] Human_SLC38A9_orthologues_DNA_l_100_a_4.dot      e=  254 pre42 -> 1.353s v=-1
[156/450] Human_SLC38A9_orthologues_DNA_l_100_a_4.dot      e=  254 pre41 -> 1.856s v=-1
[157/450] Human_UBE2L5_orthologues_DNA_k_4_l_2000_a_6.dot  e=  255 new   -> 0.168s v=1
[157/450] Human_UBE2L5_orthologues_DNA_k_4_l_2000_a_6.dot  e=  255 pre42 -> 0.395s v=1
[157/450] Human_UBE2L5_orthologues_DNA_k_4_l_2000_a_6.dot  e=  255 pre41 -> 0.381s v=1
[158/450] Human_CLPX_orthologues_DNA_l_100_a_6.dot         e=  257 new   -> 1.116s v=-1
[158/450] Human_CLPX_orthologues_DNA_l_100_a_6.dot         e=  257 pre42 -> 1.415s v=-1
[158/450] Human_CLPX_orthologues_DNA_l_100_a_6.dot         e=  257 pre41 -> 1.928s v=-1
[159/450] Human_ELSPBP1_orthologues_DNA_k_4_l_2000_a_6.dot e=  259 new   -> 0.194s v=1
[159/450] Human_ELSPBP1_orthologues_DNA_k_4_l_2000_a_6.dot e=  259 pre42 -> 0.431s v=1
[159/450] Human_ELSPBP1_orthologues_DNA_k_4_l_2000_a_6.dot e=  259 pre41 -> 0.415s v=1
[160/450] Human_UBE2L5_orthologues_DNA_k_4_l_2000_a_7.dot  e=  259 new   -> 0.169s v=1
[160/450] Human_UBE2L5_orthologues_DNA_k_4_l_2000_a_7.dot  e=  259 pre42 -> 0.424s v=1
[160/450] Human_UBE2L5_orthologues_DNA_k_4_l_2000_a_7.dot  e=  259 pre41 -> 0.381s v=1
[161/450] Human_ELSPBP1_orthologues_DNA_k_4_l_2000_a_7.dot e=  261 new   -> 0.190s v=1
[161/450] Human_ELSPBP1_orthologues_DNA_k_4_l_2000_a_7.dot e=  261 pre42 -> 0.431s v=1
[161/450] Human_ELSPBP1_orthologues_DNA_k_4_l_2000_a_7.dot e=  261 pre41 -> 0.423s v=1
[162/450] Human_ELSPBP1_orthologues_DNA_k_4_l_2000_a_8.dot e=  261 new   -> 0.187s v=1
[162/450] Human_ELSPBP1_orthologues_DNA_k_4_l_2000_a_8.dot e=  261 pre42 -> 0.437s v=1
[162/450] Human_ELSPBP1_orthologues_DNA_k_4_l_2000_a_8.dot e=  261 pre41 -> 0.419s v=1
[163/450] Human_RPS27A_orthologues_DNA_k_4_l_2000_a_6.dot  e=  262 new   -> 0.190s v=1
[163/450] Human_RPS27A_orthologues_DNA_k_4_l_2000_a_6.dot  e=  262 pre42 -> 0.436s v=1
[163/450] Human_RPS27A_orthologues_DNA_k_4_l_2000_a_6.dot  e=  262 pre41 -> 0.421s v=1
[164/450] Human_RPS27A_orthologues_DNA_k_4_l_2000_a_7.dot  e=  262 new   -> 0.195s v=1
[164/450] Human_RPS27A_orthologues_DNA_k_4_l_2000_a_7.dot  e=  262 pre42 -> 0.430s v=1
[164/450] Human_RPS27A_orthologues_DNA_k_4_l_2000_a_7.dot  e=  262 pre41 -> 0.415s v=1
[165/450] Human_SLC38A9_orthologues_DNA_k_4_l_2000_a_6.dot e=  263 new   -> 0.182s v=1
[165/450] Human_SLC38A9_orthologues_DNA_k_4_l_2000_a_6.dot e=  263 pre42 -> 0.424s v=1
[165/450] Human_SLC38A9_orthologues_DNA_k_4_l_2000_a_6.dot e=  263 pre41 -> 0.404s v=1
[166/450] Human_SLC38A9_orthologues_DNA_k_4_l_2000_a_7.dot e=  263 new   -> 0.182s v=1
[166/450] Human_SLC38A9_orthologues_DNA_k_4_l_2000_a_7.dot e=  263 pre42 -> 0.427s v=1
[166/450] Human_SLC38A9_orthologues_DNA_k_4_l_2000_a_7.dot e=  263 pre41 -> 0.407s v=1
[167/450] Human_LCP1_orthologues_DNA_k_4_l_2000_a_6.dot    e=  264 new   -> 0.188s v=1
[167/450] Human_LCP1_orthologues_DNA_k_4_l_2000_a_6.dot    e=  264 pre42 -> 0.438s v=1
[167/450] Human_LCP1_orthologues_DNA_k_4_l_2000_a_6.dot    e=  264 pre41 -> 0.421s v=1
[168/450] Human_LCP1_orthologues_DNA_k_4_l_2000_a_7.dot    e=  264 new   -> 0.187s v=1
[168/450] Human_LCP1_orthologues_DNA_k_4_l_2000_a_7.dot    e=  264 pre42 -> 0.434s v=1
[168/450] Human_LCP1_orthologues_DNA_k_4_l_2000_a_7.dot    e=  264 pre41 -> 0.425s v=1
[169/450] Human_LCP1_orthologues_DNA_k_4_l_2000_a_8.dot    e=  264 new   -> 0.190s v=1
[169/450] Human_LCP1_orthologues_DNA_k_4_l_2000_a_8.dot    e=  264 pre42 -> 0.430s v=1
[169/450] Human_LCP1_orthologues_DNA_k_4_l_2000_a_8.dot    e=  264 pre41 -> 0.402s v=1
[170/450] Human_TRAM1_orthologues_DNA_k_4_l_2000_a_6.dot   e=  264 new   -> 0.196s v=1
[170/450] Human_TRAM1_orthologues_DNA_k_4_l_2000_a_6.dot   e=  264 pre42 -> 0.440s v=1
[170/450] Human_TRAM1_orthologues_DNA_k_4_l_2000_a_6.dot   e=  264 pre41 -> 0.420s v=1
[171/450] Human_TRAM1_orthologues_DNA_k_4_l_2000_a_7.dot   e=  265 new   -> 0.204s v=1
[171/450] Human_TRAM1_orthologues_DNA_k_4_l_2000_a_7.dot   e=  265 pre42 -> 0.437s v=1
[171/450] Human_TRAM1_orthologues_DNA_k_4_l_2000_a_7.dot   e=  265 pre41 -> 0.419s v=1
[172/450] Human_TRAM1_orthologues_DNA_k_4_l_2000_a_8.dot   e=  265 new   -> 0.191s v=1
[172/450] Human_TRAM1_orthologues_DNA_k_4_l_2000_a_8.dot   e=  265 pre42 -> 0.435s v=1
[172/450] Human_TRAM1_orthologues_DNA_k_4_l_2000_a_8.dot   e=  265 pre41 -> 0.427s v=1
[173/450] Human_SLC38A9_orthologues_DNA_k_4_l_2000_a_8.dot e=  266 new   -> 0.187s v=1
[173/450] Human_SLC38A9_orthologues_DNA_k_4_l_2000_a_8.dot e=  266 pre42 -> 0.440s v=1
[173/450] Human_SLC38A9_orthologues_DNA_k_4_l_2000_a_8.dot e=  266 pre41 -> 0.422s v=1
[174/450] Human_UBE2L5_orthologues_DNA_k_4_l_2000_a_8.dot  e=  266 new   -> 0.193s v=1
[174/450] Human_UBE2L5_orthologues_DNA_k_4_l_2000_a_8.dot  e=  266 pre42 -> 0.425s v=1
[174/450] Human_UBE2L5_orthologues_DNA_k_4_l_2000_a_8.dot  e=  266 pre41 -> 0.420s v=1
[175/450] Human_BTBD17_orthologues_DNA_k_4_l_2000_a_6.dot  e=  267 new   -> 0.197s v=1
[175/450] Human_BTBD17_orthologues_DNA_k_4_l_2000_a_6.dot  e=  267 pre42 -> 0.469s v=1
[175/450] Human_BTBD17_orthologues_DNA_k_4_l_2000_a_6.dot  e=  267 pre41 -> 0.446s v=1
[176/450] Human_BTBD17_orthologues_DNA_k_4_l_2000_a_7.dot  e=  267 new   -> 0.199s v=1
[176/450] Human_BTBD17_orthologues_DNA_k_4_l_2000_a_7.dot  e=  267 pre42 -> 0.467s v=1
[176/450] Human_BTBD17_orthologues_DNA_k_4_l_2000_a_7.dot  e=  267 pre41 -> 0.432s v=1
[177/450] Human_CEP57L1_orthologues_DNA_k_4_l_2000_a_6.dot e=  267 new   -> 0.201s v=1
[177/450] Human_CEP57L1_orthologues_DNA_k_4_l_2000_a_6.dot e=  267 pre42 -> 0.432s v=1
[177/450] Human_CEP57L1_orthologues_DNA_k_4_l_2000_a_6.dot e=  267 pre41 -> 0.418s v=1
[178/450] Human_DCSTAMP_orthologues_DNA_k_4_l_2000_a_6.dot e=  267 new   -> 0.191s v=1
[178/450] Human_DCSTAMP_orthologues_DNA_k_4_l_2000_a_6.dot e=  267 pre42 -> 0.442s v=1
[178/450] Human_DCSTAMP_orthologues_DNA_k_4_l_2000_a_6.dot e=  267 pre41 -> 0.424s v=1
[179/450] Human_GGT6_orthologues_DNA_k_4_l_2000_a_6.dot    e=  267 new   -> 0.196s v=1
[179/450] Human_GGT6_orthologues_DNA_k_4_l_2000_a_6.dot    e=  267 pre42 -> 0.464s v=1
[179/450] Human_GGT6_orthologues_DNA_k_4_l_2000_a_6.dot    e=  267 pre41 -> 0.417s v=1
[180/450] Human_OR10G8_orthologues_DNA_k_4_l_2000_a_6.dot  e=  267 new   -> 0.195s v=1
[180/450] Human_OR10G8_orthologues_DNA_k_4_l_2000_a_6.dot  e=  267 pre42 -> 0.453s v=1
[180/450] Human_OR10G8_orthologues_DNA_k_4_l_2000_a_6.dot  e=  267 pre41 -> 0.442s v=1
[181/450] Human_ANGPTL4_orthologues_DNA_l_100_a_5.dot      e=  267 new   -> 1.080s v=-1
[181/450] Human_ANGPTL4_orthologues_DNA_l_100_a_5.dot      e=  267 pre42 -> 1.414s v=-1
[181/450] Human_ANGPTL4_orthologues_DNA_l_100_a_5.dot      e=  267 pre41 -> 1.914s v=-1
[182/450] Human_OR10G8_orthologues_DNA_k_4_l_2000_a_7.dot  e=  268 new   -> 0.199s v=1
[182/450] Human_OR10G8_orthologues_DNA_k_4_l_2000_a_7.dot  e=  268 pre42 -> 0.456s v=1
[182/450] Human_OR10G8_orthologues_DNA_k_4_l_2000_a_7.dot  e=  268 pre41 -> 0.434s v=1
[183/450] Human_OR10G8_orthologues_DNA_k_4_l_2000_a_8.dot  e=  268 new   -> 0.205s v=1
[183/450] Human_OR10G8_orthologues_DNA_k_4_l_2000_a_8.dot  e=  268 pre42 -> 0.458s v=1
[183/450] Human_OR10G8_orthologues_DNA_k_4_l_2000_a_8.dot  e=  268 pre41 -> 0.439s v=1
[184/450] Human_SLC22A2_orthologues_DNA_k_4_l_2000_a_6.dot e=  268 new   -> 0.197s v=1
[184/450] Human_SLC22A2_orthologues_DNA_k_4_l_2000_a_6.dot e=  268 pre42 -> 0.441s v=1
[184/450] Human_SLC22A2_orthologues_DNA_k_4_l_2000_a_6.dot e=  268 pre41 -> 0.422s v=1
[185/450] Human_STAU2_orthologues_DNA_k_4_l_2000_a_6.dot   e=  268 new   -> 0.196s v=1
[185/450] Human_STAU2_orthologues_DNA_k_4_l_2000_a_6.dot   e=  268 pre42 -> 0.440s v=1
[185/450] Human_STAU2_orthologues_DNA_k_4_l_2000_a_6.dot   e=  268 pre41 -> 0.437s v=1
[186/450] Human_BTBD17_orthologues_DNA_k_4_l_2000_a_8.dot  e=  269 new   -> 0.199s v=1
[186/450] Human_BTBD17_orthologues_DNA_k_4_l_2000_a_8.dot  e=  269 pre42 -> 0.446s v=1
[186/450] Human_BTBD17_orthologues_DNA_k_4_l_2000_a_8.dot  e=  269 pre41 -> 0.434s v=1
[187/450] Human_CEP57L1_orthologues_DNA_k_4_l_2000_a_7.dot e=  269 new   -> 0.198s v=1
[187/450] Human_CEP57L1_orthologues_DNA_k_4_l_2000_a_7.dot e=  269 pre42 -> 0.429s v=1
[187/450] Human_CEP57L1_orthologues_DNA_k_4_l_2000_a_7.dot e=  269 pre41 -> 0.432s v=1
[188/450] Human_CEP57L1_orthologues_DNA_k_4_l_2000_a_8.dot e=  269 new   -> 0.201s v=1
[188/450] Human_CEP57L1_orthologues_DNA_k_4_l_2000_a_8.dot e=  269 pre42 -> 0.461s v=1
[188/450] Human_CEP57L1_orthologues_DNA_k_4_l_2000_a_8.dot e=  269 pre41 -> 0.431s v=1
[189/450] Human_CLPX_orthologues_DNA_k_4_l_2000_a_6.dot    e=  269 new   -> 0.195s v=1
[189/450] Human_CLPX_orthologues_DNA_k_4_l_2000_a_6.dot    e=  269 pre42 -> 0.437s v=1
[189/450] Human_CLPX_orthologues_DNA_k_4_l_2000_a_6.dot    e=  269 pre41 -> 0.423s v=1
[190/450] Human_CLPX_orthologues_DNA_k_4_l_2000_a_7.dot    e=  269 new   -> 0.193s v=1
[190/450] Human_CLPX_orthologues_DNA_k_4_l_2000_a_7.dot    e=  269 pre42 -> 0.435s v=1
[190/450] Human_CLPX_orthologues_DNA_k_4_l_2000_a_7.dot    e=  269 pre41 -> 0.430s v=1
[191/450] Human_CLPX_orthologues_DNA_k_4_l_2000_a_8.dot    e=  269 new   -> 0.194s v=1
[191/450] Human_CLPX_orthologues_DNA_k_4_l_2000_a_8.dot    e=  269 pre42 -> 0.447s v=1
[191/450] Human_CLPX_orthologues_DNA_k_4_l_2000_a_8.dot    e=  269 pre41 -> 0.436s v=1
[192/450] Human_DCSTAMP_orthologues_DNA_k_4_l_2000_a_7.dot e=  269 new   -> 0.200s v=1
[192/450] Human_DCSTAMP_orthologues_DNA_k_4_l_2000_a_7.dot e=  269 pre42 -> 0.445s v=1
[192/450] Human_DCSTAMP_orthologues_DNA_k_4_l_2000_a_7.dot e=  269 pre41 -> 0.436s v=1
[193/450] Human_DCSTAMP_orthologues_DNA_k_4_l_2000_a_8.dot e=  269 new   -> 0.202s v=1
[193/450] Human_DCSTAMP_orthologues_DNA_k_4_l_2000_a_8.dot e=  269 pre42 -> 0.446s v=1
[193/450] Human_DCSTAMP_orthologues_DNA_k_4_l_2000_a_8.dot e=  269 pre41 -> 0.445s v=1
[194/450] Human_DOCK4_orthologues_DNA_k_4_l_2000_a_6.dot   e=  269 new   -> 0.194s v=1
[194/450] Human_DOCK4_orthologues_DNA_k_4_l_2000_a_6.dot   e=  269 pre42 -> 0.442s v=1
[194/450] Human_DOCK4_orthologues_DNA_k_4_l_2000_a_6.dot   e=  269 pre41 -> 0.425s v=1
[195/450] Human_DOCK4_orthologues_DNA_k_4_l_2000_a_7.dot   e=  269 new   -> 0.190s v=1
[195/450] Human_DOCK4_orthologues_DNA_k_4_l_2000_a_7.dot   e=  269 pre42 -> 0.442s v=1
[195/450] Human_DOCK4_orthologues_DNA_k_4_l_2000_a_7.dot   e=  269 pre41 -> 0.446s v=1
[196/450] Human_STAU2_orthologues_DNA_k_4_l_2000_a_7.dot   e=  269 new   -> 0.193s v=1
[196/450] Human_STAU2_orthologues_DNA_k_4_l_2000_a_7.dot   e=  269 pre42 -> 0.442s v=1
[196/450] Human_STAU2_orthologues_DNA_k_4_l_2000_a_7.dot   e=  269 pre41 -> 0.435s v=1
[197/450] Human_STAU2_orthologues_DNA_k_4_l_2000_a_8.dot   e=  269 new   -> 0.190s v=1
[197/450] Human_STAU2_orthologues_DNA_k_4_l_2000_a_8.dot   e=  269 pre42 -> 0.442s v=1
[197/450] Human_STAU2_orthologues_DNA_k_4_l_2000_a_8.dot   e=  269 pre41 -> 0.432s v=1
[198/450] Human_GGT6_orthologues_DNA_k_4_l_2000_a_7.dot    e=  270 new   -> 0.207s v=1
[198/450] Human_GGT6_orthologues_DNA_k_4_l_2000_a_7.dot    e=  270 pre42 -> 0.453s v=1
[198/450] Human_GGT6_orthologues_DNA_k_4_l_2000_a_7.dot    e=  270 pre41 -> 0.425s v=1
[199/450] Human_SHLD2_orthologues_DNA_k_4_l_2000_a_6.dot   e=  270 new   -> 0.194s v=1
[199/450] Human_SHLD2_orthologues_DNA_k_4_l_2000_a_6.dot   e=  270 pre42 -> 0.446s v=1
[199/450] Human_SHLD2_orthologues_DNA_k_4_l_2000_a_6.dot   e=  270 pre41 -> 0.432s v=1
[200/450] Human_SHLD2_orthologues_DNA_k_4_l_2000_a_7.dot   e=  270 new   -> 0.198s v=1
[200/450] Human_SHLD2_orthologues_DNA_k_4_l_2000_a_7.dot   e=  270 pre42 -> 0.453s v=1
[200/450] Human_SHLD2_orthologues_DNA_k_4_l_2000_a_7.dot   e=  270 pre41 -> 0.436s v=1
[201/450] Human_SLC22A2_orthologues_DNA_k_4_l_2000_a_7.dot e=  270 new   -> 0.199s v=1
[201/450] Human_SLC22A2_orthologues_DNA_k_4_l_2000_a_7.dot e=  270 pre42 -> 0.455s v=1
[201/450] Human_SLC22A2_orthologues_DNA_k_4_l_2000_a_7.dot e=  270 pre41 -> 0.443s v=1
[202/450] Human_SPA17_orthologues_DNA_k_4_l_2000_a_6.dot   e=  270 new   -> 0.198s v=1
[202/450] Human_SPA17_orthologues_DNA_k_4_l_2000_a_6.dot   e=  270 pre42 -> 0.446s v=1
[202/450] Human_SPA17_orthologues_DNA_k_4_l_2000_a_6.dot   e=  270 pre41 -> 0.437s v=1
[203/450] Human_ANGPTL4_orthologues_DNA_k_4_l_2000_a_6.dot e=  271 new   -> 0.209s v=1
[203/450] Human_ANGPTL4_orthologues_DNA_k_4_l_2000_a_6.dot e=  271 pre42 -> 0.481s v=1
[203/450] Human_ANGPTL4_orthologues_DNA_k_4_l_2000_a_6.dot e=  271 pre41 -> 0.463s v=1
[204/450] Human_FAM53A_orthologues_DNA_k_4_l_2000_a_6.dot  e=  271 new   -> 0.212s v=1
[204/450] Human_FAM53A_orthologues_DNA_k_4_l_2000_a_6.dot  e=  271 pre42 -> 0.464s v=1
[204/450] Human_FAM53A_orthologues_DNA_k_4_l_2000_a_6.dot  e=  271 pre41 -> 0.447s v=1
[205/450] Human_FHIP1B_orthologues_DNA_k_4_l_2000_a_6.dot  e=  271 new   -> 0.202s v=1
[205/450] Human_FHIP1B_orthologues_DNA_k_4_l_2000_a_6.dot  e=  271 pre42 -> 0.471s v=1
[205/450] Human_FHIP1B_orthologues_DNA_k_4_l_2000_a_6.dot  e=  271 pre41 -> 0.449s v=1
[206/450] Human_FHIP1B_orthologues_DNA_k_4_l_2000_a_7.dot  e=  271 new   -> 0.209s v=1
[206/450] Human_FHIP1B_orthologues_DNA_k_4_l_2000_a_7.dot  e=  271 pre42 -> 0.466s v=1
[206/450] Human_FHIP1B_orthologues_DNA_k_4_l_2000_a_7.dot  e=  271 pre41 -> 0.451s v=1
[207/450] Human_ZRANB3_orthologues_DNA_k_4_l_2000_a_6.dot  e=  271 new   -> 0.210s v=1
[207/450] Human_ZRANB3_orthologues_DNA_k_4_l_2000_a_6.dot  e=  271 pre42 -> 0.467s v=1
[207/450] Human_ZRANB3_orthologues_DNA_k_4_l_2000_a_6.dot  e=  271 pre41 -> 0.455s v=1
[208/450] Human_TUNAR_orthologues_DNA_l_300_a_5.dot        e=  271 new   -> 1.894s v=-1
[208/450] Human_TUNAR_orthologues_DNA_l_300_a_5.dot        e=  271 pre42 -> 1.908s v=-1
[208/450] Human_TUNAR_orthologues_DNA_l_300_a_5.dot        e=  271 pre41 -> 2.766s v=-1
[209/450] Human_TUNAR_orthologues_DNA_l_500_a_5.dot        e=  271 new   -> 1.797s v=-1
[209/450] Human_TUNAR_orthologues_DNA_l_500_a_5.dot        e=  271 pre42 -> 1.935s v=-1
[209/450] Human_TUNAR_orthologues_DNA_l_500_a_5.dot        e=  271 pre41 -> 2.856s v=-1
[210/450] Human_DOCK4_orthologues_DNA_k_4_l_2000_a_8.dot   e=  272 new   -> 0.209s v=1
[210/450] Human_DOCK4_orthologues_DNA_k_4_l_2000_a_8.dot   e=  272 pre42 -> 0.486s v=1
[210/450] Human_DOCK4_orthologues_DNA_k_4_l_2000_a_8.dot   e=  272 pre41 -> 0.456s v=1
[211/450] Human_FAM53A_orthologues_DNA_k_4_l_2000_a_7.dot  e=  272 new   -> 0.229s v=1
[211/450] Human_FAM53A_orthologues_DNA_k_4_l_2000_a_7.dot  e=  272 pre42 -> 0.470s v=1
[211/450] Human_FAM53A_orthologues_DNA_k_4_l_2000_a_7.dot  e=  272 pre41 -> 0.461s v=1
[212/450] Human_GGT6_orthologues_DNA_k_4_l_2000_a_8.dot    e=  272 new   -> 0.212s v=1
[212/450] Human_GGT6_orthologues_DNA_k_4_l_2000_a_8.dot    e=  272 pre42 -> 0.493s v=1
[212/450] Human_GGT6_orthologues_DNA_k_4_l_2000_a_8.dot    e=  272 pre41 -> 0.470s v=1
[213/450] Human_RPS27A_orthologues_DNA_k_4_l_2000_a_8.dot  e=  272 new   -> 0.211s v=1
[213/450] Human_RPS27A_orthologues_DNA_k_4_l_2000_a_8.dot  e=  272 pre42 -> 0.473s v=1
[213/450] Human_RPS27A_orthologues_DNA_k_4_l_2000_a_8.dot  e=  272 pre41 -> 0.460s v=1
[214/450] Human_SHLD2_orthologues_DNA_k_4_l_2000_a_8.dot   e=  272 new   -> 0.209s v=1
[214/450] Human_SHLD2_orthologues_DNA_k_4_l_2000_a_8.dot   e=  272 pre42 -> 0.478s v=1
[214/450] Human_SHLD2_orthologues_DNA_k_4_l_2000_a_8.dot   e=  272 pre41 -> 0.466s v=1
[215/450] Human_SPA17_orthologues_DNA_k_4_l_2000_a_7.dot   e=  272 new   -> 0.214s v=1
[215/450] Human_SPA17_orthologues_DNA_k_4_l_2000_a_7.dot   e=  272 pre42 -> 0.470s v=1
[215/450] Human_SPA17_orthologues_DNA_k_4_l_2000_a_7.dot   e=  272 pre41 -> 0.468s v=1
[216/450] Human_SPA17_orthologues_DNA_k_4_l_2000_a_8.dot   e=  272 new   -> 0.218s v=1
[216/450] Human_SPA17_orthologues_DNA_k_4_l_2000_a_8.dot   e=  272 pre42 -> 0.459s v=1
[216/450] Human_SPA17_orthologues_DNA_k_4_l_2000_a_8.dot   e=  272 pre41 -> 0.436s v=1
[217/450] Human_TRPC1_orthologues_DNA_k_4_l_2000_a_6.dot   e=  272 new   -> 0.212s v=1
[217/450] Human_TRPC1_orthologues_DNA_k_4_l_2000_a_6.dot   e=  272 pre42 -> 0.473s v=1
[217/450] Human_TRPC1_orthologues_DNA_k_4_l_2000_a_6.dot   e=  272 pre41 -> 0.464s v=1
[218/450] Human_ZRANB3_orthologues_DNA_k_4_l_2000_a_7.dot  e=  272 new   -> 0.212s v=1
[218/450] Human_ZRANB3_orthologues_DNA_k_4_l_2000_a_7.dot  e=  272 pre42 -> 0.473s v=1
[218/450] Human_ZRANB3_orthologues_DNA_k_4_l_2000_a_7.dot  e=  272 pre41 -> 0.453s v=1
[219/450] Human_ANGPTL4_orthologues_DNA_k_4_l_2000_a_7.dot e=  273 new   -> 0.220s v=1
[219/450] Human_ANGPTL4_orthologues_DNA_k_4_l_2000_a_7.dot e=  273 pre42 -> 0.490s v=1
[219/450] Human_ANGPTL4_orthologues_DNA_k_4_l_2000_a_7.dot e=  273 pre41 -> 0.478s v=1
[220/450] Human_ANGPTL4_orthologues_DNA_k_4_l_2000_a_8.dot e=  273 new   -> 0.223s v=1
[220/450] Human_ANGPTL4_orthologues_DNA_k_4_l_2000_a_8.dot e=  273 pre42 -> 0.484s v=1
[220/450] Human_ANGPTL4_orthologues_DNA_k_4_l_2000_a_8.dot e=  273 pre41 -> 0.473s v=1
[221/450] Human_SLC22A2_orthologues_DNA_k_4_l_2000_a_8.dot e=  273 new   -> 0.212s v=1
[221/450] Human_SLC22A2_orthologues_DNA_k_4_l_2000_a_8.dot e=  273 pre42 -> 0.487s v=1
[221/450] Human_SLC22A2_orthologues_DNA_k_4_l_2000_a_8.dot e=  273 pre41 -> 0.466s v=1
[222/450] Human_FHIP1B_orthologues_DNA_k_4_l_2000_a_8.dot  e=  274 new   -> 0.212s v=1
[222/450] Human_FHIP1B_orthologues_DNA_k_4_l_2000_a_8.dot  e=  274 pre42 -> 0.471s v=1
[222/450] Human_FHIP1B_orthologues_DNA_k_4_l_2000_a_8.dot  e=  274 pre41 -> 0.469s v=1
[223/450] Human_TRPC1_orthologues_DNA_k_4_l_2000_a_7.dot   e=  274 new   -> 0.217s v=1
[223/450] Human_TRPC1_orthologues_DNA_k_4_l_2000_a_7.dot   e=  274 pre42 -> 0.517s v=1
[223/450] Human_TRPC1_orthologues_DNA_k_4_l_2000_a_7.dot   e=  274 pre41 -> 0.468s v=1
[224/450] Human_ZRANB3_orthologues_DNA_k_4_l_2000_a_8.dot  e=  274 new   -> 0.212s v=1
[224/450] Human_ZRANB3_orthologues_DNA_k_4_l_2000_a_8.dot  e=  274 pre42 -> 0.481s v=1
[224/450] Human_ZRANB3_orthologues_DNA_k_4_l_2000_a_8.dot  e=  274 pre41 -> 0.440s v=1
[225/450] Human_FAM53A_orthologues_DNA_k_4_l_2000_a_8.dot  e=  275 new   -> 0.225s v=1
[225/450] Human_FAM53A_orthologues_DNA_k_4_l_2000_a_8.dot  e=  275 pre42 -> 0.467s v=1
[225/450] Human_FAM53A_orthologues_DNA_k_4_l_2000_a_8.dot  e=  275 pre41 -> 0.480s v=1
[226/450] Human_TRPC1_orthologues_DNA_k_4_l_2000_a_8.dot   e=  275 new   -> 0.220s v=1
[226/450] Human_TRPC1_orthologues_DNA_k_4_l_2000_a_8.dot   e=  275 pre42 -> 0.488s v=1
[226/450] Human_TRPC1_orthologues_DNA_k_4_l_2000_a_8.dot   e=  275 pre41 -> 0.477s v=1
[227/450] Human_SLC38A9_orthologues_DNA_l_100_a_5.dot      e=  278 new   -> 1.185s v=-1
[227/450] Human_SLC38A9_orthologues_DNA_l_100_a_5.dot      e=  278 pre42 -> 1.526s v=-1
[227/450] Human_SLC38A9_orthologues_DNA_l_100_a_5.dot      e=  278 pre41 -> 2.068s v=-1
[228/450] Human_TUNAR_orthologues_DNA_l_300_a_6.dot        e=  284 new   -> 1.940s v=-1
[228/450] Human_TUNAR_orthologues_DNA_l_300_a_6.dot        e=  284 pre42 -> 2.087s v=-1
[228/450] Human_TUNAR_orthologues_DNA_l_300_a_6.dot        e=  284 pre41 -> 2.872s v=-1
[229/450] Human_TUNAR_orthologues_DNA_l_500_a_6.dot        e=  284 new   -> 1.836s v=-1
[229/450] Human_TUNAR_orthologues_DNA_l_500_a_6.dot        e=  284 pre42 -> 1.969s v=-1
[229/450] Human_TUNAR_orthologues_DNA_l_500_a_6.dot        e=  284 pre41 -> 2.844s v=-1
[230/450] Human_DOCK4_orthologues_DNA_l_300_a_4.dot        e=  299 new   -> 4.983s v=1
[230/450] Human_DOCK4_orthologues_DNA_l_300_a_4.dot        e=  299 pre42 -> 4.284s v=1
[230/450] Human_DOCK4_orthologues_DNA_l_300_a_4.dot        e=  299 pre41 -> 6.211s v=1
[231/450] Human_DOCK4_orthologues_DNA_l_300_a_5.dot        e=  299 new   -> 4.632s v=1
[231/450] Human_DOCK4_orthologues_DNA_l_300_a_5.dot        e=  299 pre42 -> 4.738s v=1
[231/450] Human_DOCK4_orthologues_DNA_l_300_a_5.dot        e=  299 pre41 -> 6.378s v=1
[232/450] Human_ANGPTL4_orthologues_DNA_l_100_a_6.dot      e=  301 new   -> 1.311s v=-1
[232/450] Human_ANGPTL4_orthologues_DNA_l_100_a_6.dot      e=  301 pre42 -> 1.749s v=-1
[232/450] Human_ANGPTL4_orthologues_DNA_l_100_a_6.dot      e=  301 pre41 -> 2.345s v=-1
[233/450] Human_SLC38A9_orthologues_DNA_l_100_a_6.dot      e=  310 new   -> 1.421s v=-1
[233/450] Human_SLC38A9_orthologues_DNA_l_100_a_6.dot      e=  310 pre42 -> 1.787s v=-1
[233/450] Human_SLC38A9_orthologues_DNA_l_100_a_6.dot      e=  310 pre41 -> 2.412s v=-1
[234/450] Human_TUNAR_orthologues_DNA_k_5_l_2000_a_6.dot   e=  328 new   -> 2.293s v=1
[234/450] Human_TUNAR_orthologues_DNA_k_5_l_2000_a_6.dot   e=  328 pre42 -> 1.829s v=1
[234/450] Human_TUNAR_orthologues_DNA_k_5_l_2000_a_6.dot   e=  328 pre41 -> 2.380s v=1
[235/450] Human_STAU2_orthologues_DNA_l_300_a_6.dot        e=  332 new   -> 3.933s v=-1
[235/450] Human_STAU2_orthologues_DNA_l_300_a_6.dot        e=  332 pre42 -> 3.909s v=-1
[235/450] Human_STAU2_orthologues_DNA_l_300_a_6.dot        e=  332 pre41 -> 5.919s v=-1
[236/450] Human_STAU2_orthologues_DNA_l_300_a_4.dot        e=  333 new   -> 4.034s v=-1
[236/450] Human_STAU2_orthologues_DNA_l_300_a_4.dot        e=  333 pre42 -> 4.072s v=-1
[236/450] Human_STAU2_orthologues_DNA_l_300_a_4.dot        e=  333 pre41 -> 6.064s v=-1
[237/450] Human_TUNAR_orthologues_DNA_k_5_l_2000_a_7.dot   e=  354 new   -> 2.683s v=1
[237/450] Human_TUNAR_orthologues_DNA_k_5_l_2000_a_7.dot   e=  354 pre42 -> 1.999s v=1
[237/450] Human_TUNAR_orthologues_DNA_k_5_l_2000_a_7.dot   e=  354 pre41 -> 2.644s v=1
[238/450] Human_TUNAR_orthologues_DNA_k_5_l_2000_a_8.dot   e=  360 new   -> 2.818s v=1
[238/450] Human_TUNAR_orthologues_DNA_k_5_l_2000_a_8.dot   e=  360 pre42 -> 2.052s v=1
[238/450] Human_TUNAR_orthologues_DNA_k_5_l_2000_a_8.dot   e=  360 pre41 -> 2.747s v=1
[239/450] Human_LEAP2_orthologues_DNA_l_300_a_4.dot        e=  373 new   -> 3.530s v=-1
[239/450] Human_LEAP2_orthologues_DNA_l_300_a_4.dot        e=  373 pre42 -> 3.879s v=-1
[239/450] Human_LEAP2_orthologues_DNA_l_300_a_4.dot        e=  373 pre41 -> 6.027s v=-1
[240/450] Human_LEAP2_orthologues_DNA_l_500_a_4.dot        e=  373 new   -> 3.788s v=-1
[240/450] Human_LEAP2_orthologues_DNA_l_500_a_4.dot        e=  373 pre42 -> 3.907s v=-1
[240/450] Human_LEAP2_orthologues_DNA_l_500_a_4.dot        e=  373 pre41 -> 6.263s v=-1
[241/450] Human_SPA17_orthologues_DNA_l_300_a_5.dot        e=  390 new   -> 29.054s v=-1
[241/450] Human_SPA17_orthologues_DNA_l_300_a_5.dot        e=  390 pre42 -> 5.238s v=-1
[241/450] Human_SPA17_orthologues_DNA_l_300_a_5.dot        e=  390 pre41 -> 8.366s v=-1
[242/450] Human_LEAP2_orthologues_DNA_l_300_a_5.dot        e=  391 new   -> 3.899s v=-1
[242/450] Human_LEAP2_orthologues_DNA_l_300_a_5.dot        e=  391 pre42 -> 4.422s v=-1
[242/450] Human_LEAP2_orthologues_DNA_l_300_a_5.dot        e=  391 pre41 -> 6.578s v=-1
[243/450] Human_LEAP2_orthologues_DNA_l_500_a_5.dot        e=  391 new   -> 4.034s v=-1
[243/450] Human_LEAP2_orthologues_DNA_l_500_a_5.dot        e=  391 pre42 -> 4.210s v=-1
[243/450] Human_LEAP2_orthologues_DNA_l_500_a_5.dot        e=  391 pre41 -> 6.689s v=-1
[244/450] Human_RPS27A_orthologues_DNA_l_300_a_4.dot       e=  398 new   -> 31.360s v=-1
[244/450] Human_RPS27A_orthologues_DNA_l_300_a_4.dot       e=  398 pre42 -> 5.224s v=-1
[244/450] Human_RPS27A_orthologues_DNA_l_300_a_4.dot       e=  398 pre41 -> 8.882s v=-1
[245/450] Human_SPA17_orthologues_DNA_l_300_a_6.dot        e=  398 new   -> 32.001s v=-1
[245/450] Human_SPA17_orthologues_DNA_l_300_a_6.dot        e=  398 pre42 -> 5.415s v=-1
[245/450] Human_SPA17_orthologues_DNA_l_300_a_6.dot        e=  398 pre41 -> 9.000s v=-1
[246/450] Human_LEAP2_orthologues_DNA_l_300_a_6.dot        e=  403 new   -> 4.225s v=-1
[246/450] Human_LEAP2_orthologues_DNA_l_300_a_6.dot        e=  403 pre42 -> 4.700s v=-1
[246/450] Human_LEAP2_orthologues_DNA_l_300_a_6.dot        e=  403 pre41 -> 6.999s v=-1
[247/450] Human_LEAP2_orthologues_DNA_l_500_a_6.dot        e=  403 new   -> 4.255s v=-1
[247/450] Human_LEAP2_orthologues_DNA_l_500_a_6.dot        e=  403 pre42 -> 4.730s v=-1
[247/450] Human_LEAP2_orthologues_DNA_l_500_a_6.dot        e=  403 pre41 -> 7.061s v=-1
[248/450] Human_STAU2_orthologues_DNA_l_300_a_5.dot        e=  408 new   -> 35.259s v=-1
[248/450] Human_STAU2_orthologues_DNA_l_300_a_5.dot        e=  408 pre42 -> 5.927s v=-1
[248/450] Human_STAU2_orthologues_DNA_l_300_a_5.dot        e=  408 pre41 -> 9.647s v=-1
[249/450] Human_RPS27A_orthologues_DNA_l_300_a_5.dot       e=  411 new   -> 33.219s v=-1
[249/450] Human_RPS27A_orthologues_DNA_l_300_a_5.dot       e=  411 pre42 -> 5.741s v=-1
[249/450] Human_RPS27A_orthologues_DNA_l_300_a_5.dot       e=  411 pre41 -> 9.107s v=-1
[250/450] Human_OR10G8_orthologues_DNA_l_300_a_4.dot       e=  412 new   -> 30.004s v=-1
[250/450] Human_OR10G8_orthologues_DNA_l_300_a_4.dot       e=  412 pre42 -> 5.151s v=-1
[250/450] Human_OR10G8_orthologues_DNA_l_300_a_4.dot       e=  412 pre41 -> 8.521s v=-1
[251/450] Human_DOCK4_orthologues_DNA_l_300_a_6.dot        e=  422 new   -> 34.869s v=-1
[251/450] Human_DOCK4_orthologues_DNA_l_300_a_6.dot        e=  422 pre42 -> 5.997s v=-1
[251/450] Human_DOCK4_orthologues_DNA_l_300_a_6.dot        e=  422 pre41 -> 10.112s v=-1
[252/450] Human_ELSPBP1_orthologues_DNA_l_300_a_4.dot      e=  427 new   -> 32.534s v=-1
[252/450] Human_ELSPBP1_orthologues_DNA_l_300_a_4.dot      e=  427 pre42 -> 5.704s v=-1
[252/450] Human_ELSPBP1_orthologues_DNA_l_300_a_4.dot      e=  427 pre41 -> 9.396s v=-1
[253/450] Human_RPS27A_orthologues_DNA_l_300_a_6.dot       e=  428 new   -> 35.583s v=-1
[253/450] Human_RPS27A_orthologues_DNA_l_300_a_6.dot       e=  428 pre42 -> 6.110s v=-1
[253/450] Human_RPS27A_orthologues_DNA_l_300_a_6.dot       e=  428 pre41 -> 10.359s v=-1
[254/450] Human_LEAP2_orthologues_DNA_k_5_l_2000_a_6.dot   e=  450 new   -> 4.176s v=1
[254/450] Human_LEAP2_orthologues_DNA_k_5_l_2000_a_6.dot   e=  450 pre42 -> 3.202s v=1
[254/450] Human_LEAP2_orthologues_DNA_k_5_l_2000_a_6.dot   e=  450 pre41 -> 4.246s v=1
[255/450] Human_OR10G8_orthologues_DNA_l_300_a_5.dot       e=  457 new   -> 36.425s v=-1
[255/450] Human_OR10G8_orthologues_DNA_l_300_a_5.dot       e=  457 pre42 -> 6.149s v=-1
[255/450] Human_OR10G8_orthologues_DNA_l_300_a_5.dot       e=  457 pre41 -> 10.747s v=-1
[256/450] Human_FHIP1B_orthologues_DNA_l_300_a_4.dot       e=  465 new   -> 43.897s v=-1
[256/450] Human_FHIP1B_orthologues_DNA_l_300_a_4.dot       e=  465 pre42 -> 6.914s v=-1
[256/450] Human_FHIP1B_orthologues_DNA_l_300_a_4.dot       e=  465 pre41 -> 12.400s v=-1
[257/450] Human_OR10G8_orthologues_DNA_l_300_a_6.dot       e=  473 new   -> 40.153s v=-1
[257/450] Human_OR10G8_orthologues_DNA_l_300_a_6.dot       e=  473 pre42 -> 6.529s v=-1
[257/450] Human_OR10G8_orthologues_DNA_l_300_a_6.dot       e=  473 pre41 -> 11.634s v=-1
[258/450] Human_UBE2L5_orthologues_DNA_l_300_a_4.dot       e=  473 new   -> 39.782s v=-1
[258/450] Human_UBE2L5_orthologues_DNA_l_300_a_4.dot       e=  473 pre42 -> 7.591s v=-1
[258/450] Human_UBE2L5_orthologues_DNA_l_300_a_4.dot       e=  473 pre41 -> 12.568s v=-1
[259/450] Human_LEAP2_orthologues_DNA_k_5_l_2000_a_7.dot   e=  475 new   -> 5.176s v=1
[259/450] Human_LEAP2_orthologues_DNA_k_5_l_2000_a_7.dot   e=  475 pre42 -> 4.296s v=1
[259/450] Human_LEAP2_orthologues_DNA_k_5_l_2000_a_7.dot   e=  475 pre41 -> 5.478s v=1
[260/450] Human_ELSPBP1_orthologues_DNA_l_300_a_5.dot      e=  482 new   -> 46.360s v=-1
[260/450] Human_ELSPBP1_orthologues_DNA_l_300_a_5.dot      e=  482 pre42 -> 7.596s v=-1
[260/450] Human_ELSPBP1_orthologues_DNA_l_300_a_5.dot      e=  482 pre41 -> 13.630s v=-1
[261/450] Human_SLC22A2_orthologues_DNA_l_300_a_4.dot      e=  484 new   -> 63.195s v=-1
[261/450] Human_SLC22A2_orthologues_DNA_l_300_a_4.dot      e=  484 pre42 -> 8.856s v=-1
[261/450] Human_SLC22A2_orthologues_DNA_l_300_a_4.dot      e=  484 pre41 -> 15.470s v=-1
[262/450] Human_SLC22A2_orthologues_DNA_l_300_a_5.dot      e=  486 new   -> 62.579s v=-1
[262/450] Human_SLC22A2_orthologues_DNA_l_300_a_5.dot      e=  486 pre42 -> 9.196s v=-1
[262/450] Human_SLC22A2_orthologues_DNA_l_300_a_5.dot      e=  486 pre41 -> 15.468s v=-1
[263/450] Human_SLC22A2_orthologues_DNA_l_300_a_6.dot      e=  486 new   -> 62.897s v=-1
[263/450] Human_SLC22A2_orthologues_DNA_l_300_a_6.dot      e=  486 pre42 -> 9.465s v=-1
[263/450] Human_SLC22A2_orthologues_DNA_l_300_a_6.dot      e=  486 pre41 -> 15.400s v=-1
[264/450] Human_FAM53A_orthologues_DNA_l_300_a_5.dot       e=  496 new   -> 5.504s v=-1
[264/450] Human_FAM53A_orthologues_DNA_l_300_a_5.dot       e=  496 pre42 -> 6.579s v=-1
[264/450] Human_FAM53A_orthologues_DNA_l_300_a_5.dot       e=  496 pre41 -> 11.416s v=-1
[265/450] Human_FHIP1B_orthologues_DNA_l_300_a_5.dot       e=  497 new   -> 56.145s v=-1
[265/450] Human_FHIP1B_orthologues_DNA_l_300_a_5.dot       e=  497 pre42 -> 8.974s v=-1
[265/450] Human_FHIP1B_orthologues_DNA_l_300_a_5.dot       e=  497 pre41 -> 14.722s v=-1
[266/450] Human_FHIP1B_orthologues_DNA_l_300_a_6.dot       e=  497 new   -> 55.213s v=-1
[266/450] Human_FHIP1B_orthologues_DNA_l_300_a_6.dot       e=  497 pre42 -> 8.742s v=-1
[266/450] Human_FHIP1B_orthologues_DNA_l_300_a_6.dot       e=  497 pre41 -> 14.586s v=-1
[267/450] Human_LEAP2_orthologues_DNA_k_5_l_2000_a_8.dot   e=  499 new   -> 5.481s v=1
[267/450] Human_LEAP2_orthologues_DNA_k_5_l_2000_a_8.dot   e=  499 pre42 -> 4.592s v=1
[267/450] Human_LEAP2_orthologues_DNA_k_5_l_2000_a_8.dot   e=  499 pre41 -> 5.831s v=1
[268/450] Human_SPA17_orthologues_DNA_l_300_a_4.dot        e=  501 new   -> TIMEOUT
[268/450] Human_SPA17_orthologues_DNA_l_300_a_4.dot        e=  501 pre42 -> 10.949s v=-1
[268/450] Human_SPA17_orthologues_DNA_l_300_a_4.dot        e=  501 pre41 -> 18.329s v=-1
[269/450] Human_UBE2L5_orthologues_DNA_l_300_a_5.dot       e=  518 new   -> 52.831s v=-1
[269/450] Human_UBE2L5_orthologues_DNA_l_300_a_5.dot       e=  518 pre42 -> 9.107s v=-1
[269/450] Human_UBE2L5_orthologues_DNA_l_300_a_5.dot       e=  518 pre41 -> 14.678s v=-1
[270/450] Human_TRPC1_orthologues_DNA_l_300_a_4.dot        e=  525 new   -> 67.838s v=-1
[270/450] Human_TRPC1_orthologues_DNA_l_300_a_4.dot        e=  525 pre42 -> 9.454s v=-1
[270/450] Human_TRPC1_orthologues_DNA_l_300_a_4.dot        e=  525 pre41 -> 15.738s v=-1
[271/450] Human_TRPC1_orthologues_DNA_l_300_a_5.dot        e=  525 new   -> 61.838s v=-1
[271/450] Human_TRPC1_orthologues_DNA_l_300_a_5.dot        e=  525 pre42 -> 9.816s v=-1
[271/450] Human_TRPC1_orthologues_DNA_l_300_a_5.dot        e=  525 pre41 -> 15.383s v=-1
[272/450] Human_UBE2L5_orthologues_DNA_l_300_a_6.dot       e=  542 new   -> 67.295s v=-1
[272/450] Human_UBE2L5_orthologues_DNA_l_300_a_6.dot       e=  542 pre42 -> 10.112s v=-1
[272/450] Human_UBE2L5_orthologues_DNA_l_300_a_6.dot       e=  542 pre41 -> 16.155s v=-1
