[Human_ANGPTL4_orthologues_DNA (DNA, 241 seqs x 144114)] 10 jobs done (10 total)
[Human_BTBD17_orthologues_DNA (DNA, 266 seqs x 7512)] 10 jobs done (20 total)
[Human_C17orf67_orthologues_DNA (DNA, 176 seqs x 789)] 10 jobs done (30 total)
[Human_CEP57L1_orthologues_DNA (DNA, 198 seqs x 6930)] 10 jobs done (40 total)
[Human_CLPX_orthologues_DNA (DNA, 237 seqs x 3663)] 10 jobs done (50 total)
[Human_DCSTAMP_orthologues_DNA (DNA, 208 seqs x 12864)] 10 jobs done (60 total)
[Human_DOCK4_orthologues_DNA (DNA, 228 seqs x 45885)] 10 jobs done (70 total)
[Human_ELSPBP1_orthologues_DNA (DNA, 91 seqs x 3945)] 10 jobs done (80 total)
[Human_FAM53A_orthologues_DNA (DNA, 94 seqs x 6408)] 10 jobs done (90 total)
[Human_FHIP1B_orthologues_DNA (DNA, 205 seqs x 17097)] 10 jobs done (100 total)
[Human_GGT6_orthologues_DNA (DNA, 123 seqs x 12957)] 10 jobs done (110 total)
[Human_LCP1_orthologues_DNA (DNA, 209 seqs x 7431)] 10 jobs done (120 total)
[Human_LEAP2_orthologues_DNA (DNA, 117 seqs x 771)] 10 jobs done (130 total)
[Human_OR10G8_orthologues_DNA (DNA, 191 seqs x 33090)] 10 jobs done (140 total)
[Human_RPS27A_orthologues_DNA (DNA, 112 seqs x 28122)] 10 jobs done (150 total)
[Human_SHLD2_orthologues_DNA (DNA, 186 seqs x 4854)] 10 jobs done (160 total)
[Human_SLC22A2_orthologues_DNA (DNA, 328 seqs x 33678)] 10 jobs done (170 total)
[Human_SLC38A9_orthologues_DNA (DNA, 210 seqs x 25818)] 10 jobs done (180 total)
[Human_SPA17_orthologues_DNA (DNA, 149 seqs x 6987)] 10 jobs done (190 total)
[Human_STAU2_orthologues_DNA (DNA, 209 seqs x 35460)] 10 jobs done (200 total)
[Human_TRAM1_orthologues_DNA (DNA, 207 seqs x 7044)] 10 jobs done (210 total)
[Human_TRPC1_orthologues_DNA (DNA, 213 seqs x 14520)] 10 jobs done (220 total)
[Human_TUNAR_orthologues_DNA (DNA, 15 seqs x 195)] 10 jobs done (230 total)
[Human_UBE2L5_orthologues_DNA (DNA, 264 seqs x 22425)] 10 jobs done (240 total)
[Human_ZRANB3_orthologues_DNA (DNA, 198 seqs x 107490)] 10 jobs done (250 total)
[Human_ANGPTL4_orthologues_AA (AA, 241 seqs x 1634)] 10 jobs done (260 total)
[Human_BTBD17_orthologues_AA (AA, 266 seqs x 1348)] 10 jobs done (270 total)
[Human_C17orf67_orthologues_AA (AA, 176 seqs x 263)] 10 jobs done (280 total)
[Human_CEP57L1_orthologues_AA (AA, 198 seqs x 1428)] 10 jobs done (290 total)
[Human_CLPX_orthologues_AA (AA, 237 seqs x 1221)] 10 jobs done (300 total)
[Human_DCSTAMP_orthologues_AA (AA, 208 seqs x 1369)] 10 jobs done (310 total)
[Human_DOCK4_orthologues_AA (AA, 228 seqs x 5380)] 10 jobs done (320 total)
[Human_ELSPBP1_orthologues_AA (AA, 91 seqs x 941)] 10 jobs done (330 total)
[Human_FAM53A_orthologues_AA (AA, 94 seqs x 702)] 10 jobs done (340 total)
[Human_FHIP1B_orthologues_AA (AA, 205 seqs x 3450)] 10 jobs done (350 total)
[Human_GGT6_orthologues_AA (AA, 123 seqs x 1955)] 10 jobs done (360 total)
[Human_LCP1_orthologues_AA (AA, 209 seqs x 1363)] 10 jobs done (370 total)
[Human_LEAP2_orthologues_AA (AA, 117 seqs x 257)] 10 jobs done (380 total)
[Human_OR10G8_orthologues_AA (AA, 191 seqs x 753)] 10 jobs done (390 total)
[Human_RPS27A_orthologues_AA (AA, 112 seqs x 722)] 10 jobs done (400 total)
[Human_SHLD2_orthologues_AA (AA, 186 seqs x 1613)] 10 jobs done (410 total)
[Human_SLC22A2_orthologues_AA (AA, 328 seqs x 3286)] 10 jobs done (420 total)
[Human_SLC38A9_orthologues_AA (AA, 210 seqs x 1586)] 10 jobs done (430 total)
[Human_SPA17_orthologues_AA (AA, 149 seqs x 1601)] 10 jobs done (440 total)
[Human_STAU2_orthologues_AA (AA, 209 seqs x 2736)] 10 jobs done (450 total)
[Human_TRAM1_orthologues_AA (AA, 207 seqs x 1168)] 10 jobs done (460 total)
[Human_TRPC1_orthologues_AA (AA, 213 seqs x 2359)] 10 jobs done (470 total)
[Human_TUNAR_orthologues_AA (AA, 15 seqs x 65)] 10 jobs done (480 total)
[Human_UBE2L5_orthologues_AA (AA, 264 seqs x 1078)] 10 jobs done (490 total)
[Human_ZRANB3_orthologues_AA (AA, 198 seqs x 2381)] 10 jobs done (500 total)
wrote benchmark/report_figs/data/msa_practicality.csv  (500 rows)
DONE_MSAPRAC_EXIT_0
